Component: ARM Compiler 6.12 Tool: armlink [5d624300]

==============================================================================

Section Cross References

    startup_stm32f427xx.o(RESET) refers to startup_stm32f427xx.o(STACK) for __initial_sp
    startup_stm32f427xx.o(RESET) refers to startup_stm32f427xx.o(.text) for Reset_Handler
    startup_stm32f427xx.o(RESET) refers to stm32f4xx_it.o(.text.NMI_Handler) for NMI_Handler
    startup_stm32f427xx.o(RESET) refers to stm32f4xx_it.o(.text.HardFault_Handler) for HardFault_Handler
    startup_stm32f427xx.o(RESET) refers to stm32f4xx_it.o(.text.MemManage_Handler) for MemManage_Handler
    startup_stm32f427xx.o(RESET) refers to stm32f4xx_it.o(.text.BusFault_Handler) for BusFault_Handler
    startup_stm32f427xx.o(RESET) refers to stm32f4xx_it.o(.text.UsageFault_Handler) for UsageFault_Handler
    startup_stm32f427xx.o(RESET) refers to port.o(.text.SVC_Handler) for SVC_Handler
    startup_stm32f427xx.o(RESET) refers to stm32f4xx_it.o(.text.DebugMon_Handler) for DebugMon_Handler
    startup_stm32f427xx.o(RESET) refers to port.o(.text.PendSV_Handler) for PendSV_Handler
    startup_stm32f427xx.o(RESET) refers to stm32f4xx_it.o(.text.SysTick_Handler) for SysTick_Handler
    startup_stm32f427xx.o(RESET) refers to stm32f4xx_it.o(.text.DMA1_Stream1_IRQHandler) for DMA1_Stream1_IRQHandler
    startup_stm32f427xx.o(RESET) refers to stm32f4xx_it.o(.text.DMA1_Stream3_IRQHandler) for DMA1_Stream3_IRQHandler
    startup_stm32f427xx.o(RESET) refers to stm32f4xx_it.o(.text.DMA1_Stream6_IRQHandler) for DMA1_Stream6_IRQHandler
    startup_stm32f427xx.o(RESET) refers to stm32f4xx_it.o(.text.DMA2_Stream1_IRQHandler) for DMA2_Stream1_IRQHandler
    startup_stm32f427xx.o(RESET) refers to stm32f4xx_it.o(.text.DMA2_Stream2_IRQHandler) for DMA2_Stream2_IRQHandler
    startup_stm32f427xx.o(RESET) refers to stm32f4xx_it.o(.text.DMA2_Stream3_IRQHandler) for DMA2_Stream3_IRQHandler
    startup_stm32f427xx.o(RESET) refers to stm32f4xx_it.o(.text.DMA2_Stream4_IRQHandler) for DMA2_Stream4_IRQHandler
    startup_stm32f427xx.o(RESET) refers to stm32f4xx_it.o(.text.OTG_FS_IRQHandler) for OTG_FS_IRQHandler
    startup_stm32f427xx.o(RESET) refers to stm32f4xx_it.o(.text.DMA2_Stream6_IRQHandler) for DMA2_Stream6_IRQHandler
    startup_stm32f427xx.o(RESET) refers to stm32f4xx_it.o(.text.USART6_IRQHandler) for USART6_IRQHandler
    startup_stm32f427xx.o(RESET) refers to stm32f4xx_it.o(.text.UART7_IRQHandler) for UART7_IRQHandler
    startup_stm32f427xx.o(RESET) refers to stm32f4xx_it.o(.text.UART8_IRQHandler) for UART8_IRQHandler
    startup_stm32f427xx.o(RESET) refers to stm32f4xx_it.o(.text.SPI5_IRQHandler) for SPI5_IRQHandler
    startup_stm32f427xx.o(.text) refers to system_stm32f4xx.o(.text.SystemInit) for SystemInit
    startup_stm32f427xx.o(.text) refers to entry.o(.ARM.Collect$$$$00000000) for __main
    main.o(.text.main) refers to stm32f4xx_hal.o(.text.HAL_Init) for HAL_Init
    main.o(.text.main) refers to main.o(.text.SystemClock_Config) for SystemClock_Config
    main.o(.text.main) refers to gpio.o(.text.MX_GPIO_Init) for MX_GPIO_Init
    main.o(.text.main) refers to dma.o(.text.MX_DMA_Init) for MX_DMA_Init
    main.o(.text.main) refers to iwdg.o(.text.MX_IWDG_Init) for MX_IWDG_Init
    main.o(.text.main) refers to can.o(.text.MX_CAN1_Init) for MX_CAN1_Init
    main.o(.text.main) refers to can.o(.text.MX_CAN2_Init) for MX_CAN2_Init
    main.o(.text.main) refers to spi.o(.text.MX_SPI5_Init) for MX_SPI5_Init
    main.o(.text.main) refers to tim.o(.text.MX_TIM1_Init) for MX_TIM1_Init
    main.o(.text.main) refers to tim.o(.text.MX_TIM6_Init) for MX_TIM6_Init
    main.o(.text.main) refers to tim.o(.text.MX_TIM10_Init) for MX_TIM10_Init
    main.o(.text.main) refers to usart.o(.text.MX_USART6_UART_Init) for MX_USART6_UART_Init
    main.o(.text.main) refers to usart.o(.text.MX_USART3_UART_Init) for MX_USART3_UART_Init
    main.o(.text.main) refers to usart.o(.text.MX_UART8_Init) for MX_UART8_Init
    main.o(.text.main) refers to adc.o(.text.MX_ADC1_Init) for MX_ADC1_Init
    main.o(.text.main) refers to i2c.o(.text.MX_I2C2_Init) for MX_I2C2_Init
    main.o(.text.main) refers to usart.o(.text.MX_UART7_Init) for MX_UART7_Init
    main.o(.text.main) refers to usart.o(.text.MX_USART1_UART_Init) for MX_USART1_UART_Init
    main.o(.text.main) refers to freertos.o(.text.MX_FREERTOS_Init) for MX_FREERTOS_Init
    main.o(.text.main) refers to cmsis_os.o(.text.osKernelStart) for osKernelStart
    main.o(.ARM.exidx.text.main) refers to main.o(.text.main) for [Anonymous Symbol]
    main.o(.text.SystemClock_Config) refers to memseta.o(.text) for __aeabi_memclr4
    main.o(.text.SystemClock_Config) refers to stm32f4xx_hal_rcc.o(.text.HAL_RCC_OscConfig) for HAL_RCC_OscConfig
    main.o(.text.SystemClock_Config) refers to stm32f4xx_hal_rcc.o(.text.HAL_RCC_ClockConfig) for HAL_RCC_ClockConfig
    main.o(.ARM.exidx.text.SystemClock_Config) refers to main.o(.text.SystemClock_Config) for [Anonymous Symbol]
[...]
    [Anonymous Symbol]                       0x200000f0   Section        0  usbd_cdc.o(.data.USBD_CDC_DeviceQualifierDesc)
    USBD_CDC_OtherSpeedCfgDesc               0x200000fc   Data          67  usbd_cdc.o(.data.USBD_CDC_OtherSpeedCfgDesc)
    [Anonymous Symbol]                       0x200000fc   Section        0  usbd_cdc.o(.data.USBD_CDC_OtherSpeedCfgDesc)
    uxCriticalNesting                        0x20000188   Data           4  port.o(.data.uxCriticalNesting)
    [Anonymous Symbol]                       0x20000188   Section        0  port.o(.data.uxCriticalNesting)
    [Anonymous Symbol]                       0x20000190   Section        0  tasks.o(.bss..L_MergedGlobals)
    uxTopReadyPriority                       0x20000194   Data           4  tasks.o(.bss..L_MergedGlobals)
    uxTaskNumber                             0x20000198   Data           4  tasks.o(.bss..L_MergedGlobals)
    uxDeletedTasksWaitingCleanUp             0x2000019c   Data           4  tasks.o(.bss..L_MergedGlobals)
    uxCurrentNumberOfTasks                   0x200001a0   Data           4  tasks.o(.bss..L_MergedGlobals)
    xSchedulerRunning                        0x200001a4   Data           4  tasks.o(.bss..L_MergedGlobals)
    uxSchedulerSuspended                     0x200001a8   Data           4  tasks.o(.bss..L_MergedGlobals)
    xIdleTaskHandle                          0x200001ac   Data           4  tasks.o(.bss..L_MergedGlobals)
    xNextTaskUnblockTime                     0x200001b0   Data           4  tasks.o(.bss..L_MergedGlobals)
    xTickCount                               0x200001b4   Data           4  tasks.o(.bss..L_MergedGlobals)
    xYieldPending                            0x200001b8   Data           4  tasks.o(.bss..L_MergedGlobals)
    uxPendedTicks                            0x200001bc   Data           4  tasks.o(.bss..L_MergedGlobals)
    pxDelayedTaskList                        0x200001c0   Data           4  tasks.o(.bss..L_MergedGlobals)
    pxOverflowDelayedTaskList                0x200001c4   Data           4  tasks.o(.bss..L_MergedGlobals)
    xNumOfOverflows                          0x200001c8   Data           4  tasks.o(.bss..L_MergedGlobals)
    xTasksWaitingTermination                 0x200001cc   Data          20  tasks.o(.bss..L_MergedGlobals)
    xSuspendedTaskList                       0x200001e0   Data          20  tasks.o(.bss..L_MergedGlobals)
    xPendingReadyList                        0x200001f4   Data          20  tasks.o(.bss..L_MergedGlobals)
    xBlockAllocatedBit                       0x20000208   Data           1  heap_4.o(.bss..L_MergedGlobals)
    [Anonymous Symbol]                       0x20000208   Section        0  heap_4.o(.bss..L_MergedGlobals)
    pxEnd                                    0x2000020c   Data           4  heap_4.o(.bss..L_MergedGlobals)
    xFreeBytesRemaining                      0x20000210   Data           4  heap_4.o(.bss..L_MergedGlobals)
    xMinimumEverFreeBytesRemaining           0x20000214   Data           4  heap_4.o(.bss..L_MergedGlobals)
    xStart                                   0x20000218   Data           8  heap_4.o(.bss..L_MergedGlobals)
    ucMaxSysCallPriority                     0x20000220   Data           1  port.o(.bss..L_MergedGlobals)
    [Anonymous Symbol]                       0x20000220   Section        0  port.o(.bss..L_MergedGlobals)
    ulMaxPRIGROUPValue                       0x20000224   Data           4  port.o(.bss..L_MergedGlobals)
    xDelayedTaskList1                        0x20000228   Data          20  tasks.o(.bss..L_MergedGlobals.1)
    [Anonymous Symbol]                       0x20000228   Section        0  tasks.o(.bss..L_MergedGlobals.1)
    xDelayedTaskList2                        0x2000023c   Data          20  tasks.o(.bss..L_MergedGlobals.1)
    HAL_RCC_CAN1_CLK_ENABLED                 0x20000250   Data           4  can.o(.bss.HAL_RCC_CAN1_CLK_ENABLED)
    [Anonymous Symbol]                       0x20000250   Section        0  can.o(.bss.HAL_RCC_CAN1_CLK_ENABLED)
    USBD_SetConfig.cfgidx                    0x20000254   Data           1  usbd_ctlreq.o(.bss.USBD_SetConfig.cfgidx)
    [Anonymous Symbol]                       0x20000254   Section        0  usbd_ctlreq.o(.bss.USBD_SetConfig.cfgidx)
    pxReadyTasksLists                        0x20002208   Data         140  tasks.o(.bss.pxReadyTasksLists)
    [Anonymous Symbol]                       0x20002208   Section        0  tasks.o(.bss.pxReadyTasksLists)
    ucHeap                                   0x20002294   Data       15360  heap_4.o(.bss.ucHeap)
    [Anonymous Symbol]                       0x20002294   Section        0  heap_4.o(.bss.ucHeap)
    xIdleStack                               0x20005e98   Data         512  freertos.o(.bss.xIdleStack)
    [Anonymous Symbol]                       0x20005e98   Section        0  freertos.o(.bss.xIdleStack)
    xIdleTaskTCBBuffer                       0x20006098   Data          84  freertos.o(.bss.xIdleTaskTCBBuffer)
    [Anonymous Symbol]                       0x20006098   Section        0  freertos.o(.bss.xIdleTaskTCBBuffer)
    HEAP                                     0x200060f0   Section      512  startup_stm32f427xx.o(HEAP)
    STACK                                    0x200062f0   Section     1024  startup_stm32f427xx.o(STACK)

    Global Symbols

    Symbol Name                              Value     Ov Type        Size  Object(Section)

    BuildAttributes$$THM_ISAv4$E$P$D$K$B$S$7EM$VFPi3$EXTD16$VFPS$VFMA$PE$A:L22UL41UL21$X:L11$S22US41US21$IEEE1$IW$~IW$USESV6$~STKCKD$USESV7$WCHAR32$ENUMINT$~SHL$OSPACE$EBA8$MICROLIB$REQ8$PRES8$EABIv2 0x00000000   Number         0  anon$$obj.o ABSOLUTE
    __cpp_initialize__aeabi_                  - Undefined Weak Reference
    __cxa_finalize                            - Undefined Weak Reference
    _clock_init                               - Undefined Weak Reference
    _microlib_exit                            - Undefined Weak Reference
    __Vectors_Size                           0x000001ac   Number         0  startup_stm32f427xx.o ABSOLUTE
    __Vectors                                0x08000000   Data           4  startup_stm32f427xx.o(RESET)
    __Vectors_End                            0x080001ac   Data           0  startup_stm32f427xx.o(RESET)
    __main                                   0x080001ad   Thumb Code     0  entry.o(.ARM.Collect$$$$00000000)
    _main_stk                                0x080001ad   Thumb Code     0  entry2.o(.ARM.Collect$$$$00000001)
    _main_scatterload                        0x080001b1   Thumb Code     0  entry5.o(.ARM.Collect$$$$00000004)
    __main_after_scatterload                 0x080001b5   Thumb Code     0  entry5.o(.ARM.Collect$$$$00000004)
    _main_clock                              0x080001b5   Thumb Code     0  entry7b.o(.ARM.Collect$$$$00000008)
    _main_cpp_init                           0x080001b5   Thumb Code     0  entry8b.o(.ARM.Collect$$$$0000000A)
    _main_init                               0x080001b5   Thumb Code     0  entry9a.o(.ARM.Collect$$$$0000000B)
    __rt_final_cpp                           0x080001bd   Thumb Code     0  entry10a.o(.ARM.Collect$$$$0000000D)
    __rt_final_exit                          0x080001bd   Thumb Code     0  entry11a.o(.ARM.Collect$$$$0000000F)
    Reset_Handler                            0x080001c1   Thumb Code     8  startup_stm32f427xx.o(.text)
    ADC_IRQHandler                           0x080001db   Thumb Code     0  startup_stm32f427xx.o(.text)
    CAN1_RX0_IRQHandler                      0x080001db   Thumb Code     0  startup_stm32f427xx.o(.text)
    CAN1_RX1_IRQHandler                      0x080001db   Thumb Code     0  startup_stm32f427xx.o(.text)
    CAN1_SCE_IRQHandler                      0x080001db   Thumb Code     0  startup_stm32f427xx.o(.text)
    CAN1_TX_IRQHandler                       0x080001db   Thumb Code     0  startup_stm32f427xx.o(.text)
    CAN2_RX0_IRQHandler                      0x080001db   Thumb Code     0  startup_stm32f427xx.o(.text)
    CAN2_RX1_IRQHandler                      0x080001db   Thumb Code     0  startup_stm32f427xx.o(.text)
    CAN2_SCE_IRQHandler                      0x080001db   Thumb Code     0  startup_stm32f427xx.o(.text)
    CAN2_TX_IRQHandler                       0x080001db   Thumb Code     0  startup_stm32f427xx.o(.text)
    DCMI_IRQHandler                          0x080001db   Thumb Code     0  startup_stm32f427xx.o(.text)
    DMA1_Stream0_IRQHandler                  0x080001db   Thumb Code     0  startup_stm32f427xx.o(.text)
    DMA1_Stream2_IRQHandler                  0x080001db   Thumb Code     0  startup_stm32f427xx.o(.text)
    DMA1_Stream4_IRQHandler                  0x080001db   Thumb Code     0  startup_stm32f427xx.o(.text)
    DMA1_Stream5_IRQHandler                  0x080001db   Thumb Code     0  startup_stm32f427xx.o(.text)
    DMA1_Stream7_IRQHandler                  0x080001db   Thumb Code     0  startup_stm32f427xx.o(.text)
    DMA2D_IRQHandler                         0x080001db   Thumb Code     0  startup_stm32f427xx.o(.text)
    DMA2_Stream0_IRQHandler                  0x080001db   Thumb Code     0  startup_stm32f427xx.o(.text)
    DMA2_Stream5_IRQHandler                  0x080001db   Thumb Code     0  startup_stm32f427xx.o(.text)
    DMA2_Stream7_IRQHandler                  0x080001db   Thumb Code     0  startup_stm32f427xx.o(.text)
    ETH_IRQHandler                           0x080001db   Thumb Code     0  startup_stm32f427xx.o(.text)
    ETH_WKUP_IRQHandler                      0x080001db   Thumb Code     0  startup_stm32f427xx.o(.text)
    EXTI0_IRQHandler                         0x080001db   Thumb Code     0  startup_stm32f427xx.o(.text)
    EXTI15_10_IRQHandler                     0x080001db   Thumb Code     0  startup_stm32f427xx.o(.text)
    EXTI1_IRQHandler                         0x080001db   Thumb Code     0  startup_stm32f427xx.o(.text)
    EXTI2_IRQHandler                         0x080001db   Thumb Code     0  startup_stm32f427xx.o(.text)
    EXTI3_IRQHandler                         0x080001db   Thumb Code     0  startup_stm32f427xx.o(.text)
    EXTI4_IRQHandler                         0x080001db   Thumb Code     0  startup_stm32f427xx.o(.text)
    EXTI9_5_IRQHandler                       0x080001db   Thumb Code     0  startup_stm32f427xx.o(.text)
    FLASH_IRQHandler                         0x080001db   Thumb Code     0  startup_stm32f427xx.o(.text)
    FMC_IRQHandler                           0x080001db   Thumb Code     0  startup_stm32f427xx.o(.text)
    FPU_IRQHandler                           0x080001db   Thumb Code     0  startup_stm32f427xx.o(.text)
    HASH_RNG_IRQHandler                      0x080001db   Thumb Code     0  startup_stm32f427xx.o(.text)
    I2C1_ER_IRQHandler                       0x080001db   Thumb Code     0  startup_stm32f427xx.o(.text)
    I2C1_EV_IRQHandler                       0x080001db   Thumb Code     0  startup_stm32f427xx.o(.text)
    I2C2_ER_IRQHandler                       0x080001db   Thumb Code     0  startup_stm32f427xx.o(.text)
    I2C2_EV_IRQHandler                       0x080001db   Thumb Code     0  startup_stm32f427xx.o(.text)
    I2C3_ER_IRQHandler                       0x080001db   Thumb Code     0  startup_stm32f427xx.o(.text)
    I2C3_EV_IRQHandler                       0x080001db   Thumb Code     0  startup_stm32f427xx.o(.text)
    OTG_FS_WKUP_IRQHandler                   0x080001db   Thumb Code     0  startup_stm32f427xx.o(.text)
    OTG_HS_EP1_IN_IRQHandler                 0x080001db   Thumb Code     0  startup_stm32f427xx.o(.text)
    OTG_HS_EP1_OUT_IRQHandler                0x080001db   Thumb Code     0  startup_stm32f427xx.o(.text)
    OTG_HS_IRQHandler                        0x080001db   Thumb Code     0  startup_stm32f427xx.o(.text)
    OTG_HS_WKUP_IRQHandler                   0x080001db   Thumb Code     0  startup_stm32f427xx.o(.text)
    PVD_IRQHandler                           0x080001db   Thumb Code     0  startup_stm32f427xx.o(.text)
    RCC_IRQHandler                           0x080001db   Thumb Code     0  startup_stm32f427xx.o(.text)
    RTC_Alarm_IRQHandler                     0x080001db   Thumb Code     0  startup_stm32f427xx.o(.text)
    RTC_WKUP_IRQHandler                      0x080001db   Thumb Code     0  startup_stm32f427xx.o(.text)
    SAI1_IRQHandler                          0x080001db   Thumb Code     0  startup_stm32f427xx.o(.text)
    SDIO_IRQHandler                          0x080001db   Thumb Code     0  startup_stm32f427xx.o(.text)
    SPI1_IRQHandler                          0x080001db   Thumb Code     0  startup_stm32f427xx.o(.text)
    SPI2_IRQHandler                          0x080001db   Thumb Code     0  startup_stm32f427xx.o(.text)
    SPI3_IRQHandler                          0x080001db   Thumb Code     0  startup_stm32f427xx.o(.text)
    SPI4_IRQHandler                          0x080001db   Thumb Code     0  startup_stm32f427xx.o(.text)
    SPI6_IRQHandler                          0x080001db   Thumb Code     0  startup_stm32f427xx.o(.text)
    TAMP_STAMP_IRQHandler                    0x080001db   Thumb Code     0  startup_stm32f427xx.o(.text)
    TIM1_BRK_TIM9_IRQHandler                 0x080001db   Thumb Code     0  startup_stm32f427xx.o(.text)
    TIM1_CC_IRQHandler                       0x080001db   Thumb Code     0  startup_stm32f427xx.o(.text)
    TIM1_TRG_COM_TIM11_IRQHandler            0x080001db   Thumb Code     0  startup_stm32f427xx.o(.text)
    TIM1_UP_TIM10_IRQHandler                 0x080001db   Thumb Code     0  startup_stm32f427xx.o(.text)
    TIM2_IRQHandler                          0x080001db   Thumb Code     0  startup_stm32f427xx.o(.text)
    TIM3_IRQHandler                          0x080001db   Thumb Code     0  startup_stm32f427xx.o(.text)
    TIM4_IRQHandler                          0x080001db   Thumb Code     0  startup_stm32f427xx.o(.text)
    TIM5_IRQHandler                          0x080001db   Thumb Code     0  startup_stm32f427xx.o(.text)
    TIM6_DAC_IRQHandler                      0x080001db   Thumb Code     0  startup_stm32f427xx.o(.text)
    TIM7_IRQHandler                          0x080001db   Thumb Code     0  startup_stm32f427xx.o(.text)
    TIM8_BRK_TIM12_IRQHandler                0x080001db   Thumb Code     0  startup_stm32f427xx.o(.text)
    TIM8_CC_IRQHandler                       0x080001db   Thumb Code     0  startup_stm32f427xx.o(.text)
    TIM8_TRG_COM_TIM14_IRQHandler            0x080001db   Thumb Code     0  startup_stm32f427xx.o(.text)
    TIM8_UP_TIM13_IRQHandler                 0x080001db   Thumb Code     0  startup_stm32f427xx.o(.text)
    UART4_IRQHandler                         0x080001db   Thumb Code     0  startup_stm32f427xx.o(.text)
    UART5_IRQHandler                         0x080001db   Thumb Code     0  startup_stm32f427xx.o(.text)
    USART1_IRQHandler                        0x080001db   Thumb Code     0  startup_stm32f427xx.o(.text)
    USART2_IRQHandler                        0x080001db   Thumb Code     0  startup_stm32f427xx.o(.text)
    USART3_IRQHandler                        0x080001db   Thumb Code     0  startup_stm32f427xx.o(.text)
    WWDG_IRQHandler                          0x080001db   Thumb Code     0  startup_stm32f427xx.o(.text)
    __aeabi_uldivmod                         0x080001e5   Thumb Code    98  uldiv.o(.text)
    __aeabi_memcpy                           0x08000247   Thumb Code    36  memcpya.o(.text)
    __aeabi_memcpy4                          0x08000247   Thumb Code     0  memcpya.o(.text)
    __aeabi_memcpy8                          0x08000247   Thumb Code     0  memcpya.o(.text)
    __aeabi_memset                           0x0800026b   Thumb Code    14  memseta.o(.text)
    __aeabi_memset4                          0x0800026b   Thumb Code     0  memseta.o(.text)
    __aeabi_memset8                          0x0800026b   Thumb Code     0  memseta.o(.text)
    __aeabi_memclr                           0x08000279   Thumb Code     4  memseta.o(.text)
    __aeabi_memclr4                          0x08000279   Thumb Code     0  memseta.o(.text)
    __aeabi_memclr8                          0x08000279   Thumb Code     0  memseta.o(.text)
    _memset$wrapper                          0x0800027d   Thumb Code    18  memseta.o(.text)
    __aeabi_llsl                             0x0800028f   Thumb Code    30  llshl.o(.text)
    _ll_shift_l                              0x0800028f   Thumb Code     0  llshl.o(.text)
    __aeabi_llsr                             0x080002ad   Thumb Code    32  llushr.o(.text)
    _ll_ushift_r                             0x080002ad   Thumb Code     0  llushr.o(.text)
    __scatterload                            0x080002cd   Thumb Code    28  init.o(.text)
    __scatterload_rt2                        0x080002cd   Thumb Code     0  init.o(.text)
    __decompress                             0x080002f1   Thumb Code     0  __dczerorl2.o(.text)
    __decompress1                            0x080002f1   Thumb Code    86  __dczerorl2.o(.text)
    BusFault_Handler                         0x08000347   Thumb Code     2  stm32f4xx_it.o(.text.BusFault_Handler)
    DMA1_Stream1_IRQHandler                  0x08000395   Thumb Code    12  stm32f4xx_it.o(.text.DMA1_Stream1_IRQHandler)
    DMA1_Stream3_IRQHandler                  0x080003a1   Thumb Code    12  stm32f4xx_it.o(.text.DMA1_Stream3_IRQHandler)
    DMA1_Stream6_IRQHandler                  0x080003ad   Thumb Code    12  stm32f4xx_it.o(.text.DMA1_Stream6_IRQHandler)
    DMA2_Stream1_IRQHandler                  0x080003b9   Thumb Code    12  stm32f4xx_it.o(.text.DMA2_Stream1_IRQHandler)
    DMA2_Stream2_IRQHandler                  0x080003c5   Thumb Code    12  stm32f4xx_it.o(.text.DMA2_Stream2_IRQHandler)
    DMA2_Stream3_IRQHandler                  0x080003d1   Thumb Code    12  stm32f4xx_it.o(.text.DMA2_Stream3_IRQHandler)
    DMA2_Stream4_IRQHandler                  0x080003dd   Thumb Code    12  stm32f4xx_it.o(.text.DMA2_Stream4_IRQHandler)
    DMA2_Stream6_IRQHandler                  0x080003e9   Thumb Code    12  stm32f4xx_it.o(.text.DMA2_Stream6_IRQHandler)
    DebugMon_Handler                         0x08000425   Thumb Code     2  stm32f4xx_it.o(.text.DebugMon_Handler)
    Error_Handler                            0x08000427   Thumb Code     8  main.o(.text.Error_Handler)
    HAL_ADC_ConfigChannel                    0x08000431   Thumb Code   272  stm32f4xx_hal_adc.o(.text.HAL_ADC_ConfigChannel)
    HAL_ADC_Init                             0x0800053d   Thumb Code   316  stm32f4xx_hal_adc.o(.text.HAL_ADC_Init)
    HAL_ADC_MspInit                          0x08000679   Thumb Code   100  adc.o(.text.HAL_ADC_MspInit)
    HAL_CAN_Init                             0x080006d9   Thumb Code   238  stm32f4xx_hal_can.o(.text.HAL_CAN_Init)
    HAL_CAN_MspInit                          0x080007c9   Thumb Code   236  can.o(.text.HAL_CAN_MspInit)
    HAL_DMA_Abort_IT                         0x080008b5   Thumb Code    32  stm32f4xx_hal_dma.o(.text.HAL_DMA_Abort_IT)
    HAL_DMA_IRQHandler                       0x080008d5   Thumb Code   352  stm32f4xx_hal_dma.o(.text.HAL_DMA_IRQHandler)
    HAL_DMA_Init                             0x08000a35   Thumb Code   292  stm32f4xx_hal_dma.o(.text.HAL_DMA_Init)
    HAL_Delay                                0x08000b59   Thumb Code    36  stm32f4xx_hal.o(.text.HAL_Delay)
    HAL_GPIO_Init                            0x08000b7d   Thumb Code   412  stm32f4xx_hal_gpio.o(.text.HAL_GPIO_Init)
    HAL_GPIO_WritePin                        0x08000d19   Thumb Code    10  stm32f4xx_hal_gpio.o(.text.HAL_GPIO_WritePin)
    HAL_GetTick                              0x08000d25   Thumb Code    12  stm32f4xx_hal.o(.text.HAL_GetTick)
    HAL_I2CEx_ConfigAnalogFilter             0x08000d2d   Thumb Code    54  stm32f4xx_hal_i2c_ex.o(.text.HAL_I2CEx_ConfigAnalogFilter)
    HAL_I2CEx_ConfigDigitalFilter            0x08000d63   Thumb Code    58  stm32f4xx_hal_i2c_ex.o(.text.HAL_I2CEx_ConfigDigitalFilter)
    HAL_I2C_Init                             0x08000d9d   Thumb Code   380  stm32f4xx_hal_i2c.o(.text.HAL_I2C_Init)
    HAL_I2C_MspInit                          0x08000f19   Thumb Code   108  i2c.o(.text.HAL_I2C_MspInit)
    HAL_IWDG_Init                            0x08000f85   Thumb Code    72  stm32f4xx_hal_iwdg.o(.text.HAL_IWDG_Init)
    HAL_IncTick                              0x08000fcd   Thumb Code    24  stm32f4xx_hal.o(.text.HAL_IncTick)
    HAL_Init                                 0x08000fe1   Thumb Code    52  stm32f4xx_hal.o(.text.HAL_Init)
    HAL_InitTick                             0x08001015   Thumb Code    64  stm32f4xx_hal.o(.text.HAL_InitTick)
    HAL_MspInit                              0x08001055   Thumb Code    64  stm32f4xx_hal_msp.o(.text.HAL_MspInit)
    HAL_NVIC_EnableIRQ                       0x08001095   Thumb Code    28  stm32f4xx_hal_cortex.o(.text.HAL_NVIC_EnableIRQ)
    HAL_NVIC_SetPriority                     0x080010b1   Thumb Code    88  stm32f4xx_hal_cortex.o(.text.HAL_NVIC_SetPriority)
    HAL_NVIC_SetPriorityGrouping             0x08001105   Thumb Code    32  stm32f4xx_hal_cortex.o(.text.HAL_NVIC_SetPriorityGrouping)
    HAL_PCDEx_LPM_Callback                   0x08001125   Thumb Code     2  stm32f4xx_hal_pcd_ex.o(.text.HAL_PCDEx_LPM_Callback)
    HAL_PCDEx_SetRxFiFo                      0x08001127   Thumb Code     8  stm32f4xx_hal_pcd_ex.o(.text.HAL_PCDEx_SetRxFiFo)
    HAL_PCDEx_SetTxFiFo                      0x0800112f   Thumb Code    80  stm32f4xx_hal_pcd_ex.o(.text.HAL_PCDEx_SetTxFiFo)
    HAL_PCD_ConnectCallback                  0x0800117f   Thumb Code     8  usbd_conf.o(.text.HAL_PCD_ConnectCallback)
    HAL_PCD_DataInStageCallback              0x08001187   Thumb Code    18  usbd_conf.o(.text.HAL_PCD_DataInStageCallback)
    HAL_PCD_DataOutStageCallback             0x08001199   Thumb Code    20  usbd_conf.o(.text.HAL_PCD_DataOutStageCallback)
    HAL_PCD_DisconnectCallback               0x080011ad   Thumb Code     8  usbd_conf.o(.text.HAL_PCD_DisconnectCallback)
    HAL_PCD_EP_Close                         0x080011b5   Thumb Code    82  stm32f4xx_hal_pcd.o(.text.HAL_PCD_EP_Close)
    HAL_PCD_EP_ClrStall                      0x08001207   Thumb Code    96  stm32f4xx_hal_pcd.o(.text.HAL_PCD_EP_ClrStall)
    HAL_PCD_EP_GetRxCount                    0x08001267   Thumb Code    18  stm32f4xx_hal_pcd.o(.text.HAL_PCD_EP_GetRxCount)
    HAL_PCD_EP_Open                          0x08001279   Thumb Code   102  stm32f4xx_hal_pcd.o(.text.HAL_PCD_EP_Open)
    HAL_PCD_EP_Receive                       0x080012df   Thumb Code    70  stm32f4xx_hal_pcd.o(.text.HAL_PCD_EP_Receive)
    HAL_PCD_EP_SetStall                      0x08001325   Thumb Code   110  stm32f4xx_hal_pcd.o(.text.HAL_PCD_EP_SetStall)
    HAL_PCD_EP_Transmit                      0x08001393   Thumb Code    66  stm32f4xx_hal_pcd.o(.text.HAL_PCD_EP_Transmit)
    HAL_PCD_IRQHandler                       0x080013d5   Thumb Code  1532  stm32f4xx_hal_pcd.o(.text.HAL_PCD_IRQHandler)
    HAL_PCD_ISOINIncompleteCallback          0x080019d1   Thumb Code     8  usbd_conf.o(.text.HAL_PCD_ISOINIncompleteCallback)
    HAL_PCD_ISOOUTIncompleteCallback         0x080019d9   Thumb Code     8  usbd_conf.o(.text.HAL_PCD_ISOOUTIncompleteCallback)
    HAL_PCD_Init                             0x080019e1   Thumb Code   298  stm32f4xx_hal_pcd.o(.text.HAL_PCD_Init)
    HAL_PCD_MspInit                          0x08001b0d   Thumb Code   132  usbd_conf.o(.text.HAL_PCD_MspInit)
    HAL_PCD_ResetCallback                    0x08001b91   Thumb Code    38  usbd_conf.o(.text.HAL_PCD_ResetCallback)
    HAL_PCD_ResumeCallback                   0x08001bb7   Thumb Code     8  usbd_conf.o(.text.HAL_PCD_ResumeCallback)
    HAL_PCD_SOFCallback                      0x08001bbf   Thumb Code     8  usbd_conf.o(.text.HAL_PCD_SOFCallback)
    HAL_PCD_SetAddress                       0x08001bc7   Thumb Code    40  stm32f4xx_hal_pcd.o(.text.HAL_PCD_SetAddress)
    HAL_PCD_SetupStageCallback               0x08001bef   Thumb Code    14  usbd_conf.o(.text.HAL_PCD_SetupStageCallback)
    HAL_PCD_Start                            0x08001bfd   Thumb Code    62  stm32f4xx_hal_pcd.o(.text.HAL_PCD_Start)
    HAL_PCD_SuspendCallback                  0x08001c3d   Thumb Code    48  usbd_conf.o(.text.HAL_PCD_SuspendCallback)
    HAL_RCC_ClockConfig                      0x08001c6d   Thumb Code   304  stm32f4xx_hal_rcc.o(.text.HAL_RCC_ClockConfig)
    HAL_RCC_GetHCLKFreq                      0x08001d99   Thumb Code    12  stm32f4xx_hal_rcc.o(.text.HAL_RCC_GetHCLKFreq)
    HAL_RCC_GetPCLK1Freq                     0x08001da1   Thumb Code    32  stm32f4xx_hal_rcc.o(.text.HAL_RCC_GetPCLK1Freq)
    HAL_RCC_GetPCLK2Freq                     0x08001db5   Thumb Code    32  stm32f4xx_hal_rcc.o(.text.HAL_RCC_GetPCLK2Freq)
    HAL_RCC_GetSysClockFreq                  0x08001dd5   Thumb Code    92  stm32f4xx_hal_rcc.o(.text.HAL_RCC_GetSysClockFreq)
    HAL_RCC_OscConfig                        0x08001e31   Thumb Code   776  stm32f4xx_hal_rcc.o(.text.HAL_RCC_OscConfig)
    HAL_SPI_ErrorCallback                    0x08002139   Thumb Code     2  stm32f4xx_hal_spi.o(.text.HAL_SPI_ErrorCallback)
    HAL_SPI_IRQHandler                       0x0800213d   Thumb Code   260  stm32f4xx_hal_spi.o(.text.HAL_SPI_IRQHandler)
    HAL_SPI_Init                             0x08002241   Thumb Code   118  stm32f4xx_hal_spi.o(.text.HAL_SPI_Init)
    HAL_SPI_MspInit                          0x080022b9   Thumb Code   296  spi.o(.text.HAL_SPI_MspInit)
    HAL_SYSTICK_Config                       0x080023e1   Thumb Code    40  stm32f4xx_hal_cortex.o(.text.HAL_SYSTICK_Config)
    HAL_TIMEx_MasterConfigSynchronization    0x08002409   Thumb Code   140  stm32f4xx_hal_tim_ex.o(.text.HAL_TIMEx_MasterConfigSynchronization)
    HAL_TIM_Base_Init                        0x08002491   Thumb Code    44  stm32f4xx_hal_tim.o(.text.HAL_TIM_Base_Init)
    HAL_TIM_Base_MspInit                     0x080024bd   Thumb Code   120  tim.o(.text.HAL_TIM_Base_MspInit)
    HAL_TIM_ConfigClockSource                0x08002535   Thumb Code   262  stm32f4xx_hal_tim.o(.text.HAL_TIM_ConfigClockSource)
    HAL_UART_ErrorCallback                   0x0800263b   Thumb Code     2  stm32f4xx_hal_uart.o(.text.HAL_UART_ErrorCallback)
    HAL_UART_IRQHandler                      0x0800263d   Thumb Code   360  stm32f4xx_hal_uart.o(.text.HAL_UART_IRQHandler)
    HAL_UART_Init                            0x080027a5   Thumb Code    82  stm32f4xx_hal_uart.o(.text.HAL_UART_Init)
    HAL_UART_MspInit                         0x080027f9   Thumb Code   840  usart.o(.text.HAL_UART_MspInit)
    HAL_UART_RxCpltCallback                  0x08002b41   Thumb Code     2  stm32f4xx_hal_uart.o(.text.HAL_UART_RxCpltCallback)
    HAL_UART_TxCpltCallback                  0x08002b43   Thumb Code     2  stm32f4xx_hal_uart.o(.text.HAL_UART_TxCpltCallback)
    HardFault_Handler                        0x08002b45   Thumb Code     2  stm32f4xx_it.o(.text.HardFault_Handler)
    MX_ADC1_Init                             0x08002b7d   Thumb Code    92  adc.o(.text.MX_ADC1_Init)
    MX_CAN1_Init                             0x08002bd9   Thumb Code    68  can.o(.text.MX_CAN1_Init)
    MX_CAN2_Init                             0x08002c1d   Thumb Code    52  can.o(.text.MX_CAN2_Init)
    MX_DMA_Init                              0x08002c51   Thumb Code   164  dma.o(.text.MX_DMA_Init)
    MX_FREERTOS_Init                         0x08002cf5   Thumb Code    40  freertos.o(.text.MX_FREERTOS_Init)
    MX_GPIO_Init                             0x08002d1d   Thumb Code   220  gpio.o(.text.MX_GPIO_Init)
    MX_I2C2_Init                             0x08002df9   Thumb Code    92  i2c.o(.text.MX_I2C2_Init)
    MX_IWDG_Init                             0x08002e55   Thumb Code    44  iwdg.o(.text.MX_IWDG_Init)
    MX_SPI5_Init                             0x08002e81   Thumb Code    68  spi.o(.text.MX_SPI5_Init)
    MX_TIM10_Init                            0x08002ec1   Thumb Code    52  tim.o(.text.MX_TIM10_Init)
    MX_TIM1_Init                             0x08002ef5   Thumb Code   100  tim.o(.text.MX_TIM1_Init)
    MX_TIM6_Init                             0x08002f59   Thumb Code    64  tim.o(.text.MX_TIM6_Init)
    MX_UART7_Init                            0x08002f99   Thumb Code    56  usart.o(.text.MX_UART7_Init)
    MX_UART8_Init                            0x08002fd1   Thumb Code    56  usart.o(.text.MX_UART8_Init)
    MX_USART1_UART_Init                      0x08003005   Thumb Code    56  usart.o(.text.MX_USART1_UART_Init)
    MX_USART3_UART_Init                      0x0800303d   Thumb Code    56  usart.o(.text.MX_USART3_UART_Init)
    MX_USART6_UART_Init                      0x08003075   Thumb Code    56  usart.o(.text.MX_USART6_UART_Init)
    MX_USB_DEVICE_Init                       0x080030ad   Thumb Code    84  usb_device.o(.text.MX_USB_DEVICE_Init)
    MemManage_Handler                        0x08003101   Thumb Code     2  stm32f4xx_it.o(.text.MemManage_Handler)
    NMI_Handler                              0x08003103   Thumb Code     2  stm32f4xx_it.o(.text.NMI_Handler)
    OTG_FS_IRQHandler                        0x08003105   Thumb Code    12  stm32f4xx_it.o(.text.OTG_FS_IRQHandler)
    PendSV_Handler                           0x08003111   Thumb Code   100  port.o(.text.PendSV_Handler)
    SPI5_IRQHandler                          0x08003175   Thumb Code    12  stm32f4xx_it.o(.text.SPI5_IRQHandler)
    SVC_Handler                              0x08003191   Thumb Code    36  port.o(.text.SVC_Handler)
    StartDefaultTask                         0x080031b5   Thumb Code    12  freertos.o(.text.StartDefaultTask)
    SysTick_Handler                          0x080031c1   Thumb Code    24  stm32f4xx_it.o(.text.SysTick_Handler)
    SystemClock_Config                       0x080031d9   Thumb Code   168  main.o(.text.SystemClock_Config)
    SystemInit                               0x08003281   Thumb Code    28  system_stm32f4xx.o(.text.SystemInit)
    TIM_Base_SetConfig                       0x0800329d   Thumb Code   208  stm32f4xx_hal_tim.o(.text.TIM_Base_SetConfig)
    UART7_IRQHandler                         0x080033b1   Thumb Code    12  stm32f4xx_it.o(.text.UART7_IRQHandler)
    UART8_IRQHandler                         0x080033bd   Thumb Code    12  stm32f4xx_it.o(.text.UART8_IRQHandler)
    USART6_IRQHandler                        0x08003541   Thumb Code    12  stm32f4xx_it.o(.text.USART6_IRQHandler)
    USBD_CDC_GetDeviceQualifierDescriptor    0x08003649   Thumb Code    12  usbd_cdc.o(.text.USBD_CDC_GetDeviceQualifierDescriptor)
    USBD_CDC_ReceivePacket                   0x0800371b   Thumb Code    40  usbd_cdc.o(.text.USBD_CDC_ReceivePacket)
    USBD_CDC_RegisterInterface               0x08003743   Thumb Code    14  usbd_cdc.o(.text.USBD_CDC_RegisterInterface)
    USBD_CDC_SetRxBuffer                     0x08003751   Thumb Code    12  usbd_cdc.o(.text.USBD_CDC_SetRxBuffer)
    USBD_CDC_SetTxBuffer                     0x0800375d   Thumb Code    16  usbd_cdc.o(.text.USBD_CDC_SetTxBuffer)
    USBD_ClrClassConfig                      0x0800381f   Thumb Code    20  usbd_core.o(.text.USBD_ClrClassConfig)
    USBD_CtlContinueRx                       0x08003833   Thumb Code    16  usbd_ioreq.o(.text.USBD_CtlContinueRx)
    USBD_CtlContinueSendData                 0x08003843   Thumb Code    16  usbd_ioreq.o(.text.USBD_CtlContinueSendData)
    USBD_CtlError                            0x08003853   Thumb Code    22  usbd_ctlreq.o(.text.USBD_CtlError)
    USBD_CtlPrepareRx                        0x08003869   Thumb Code    26  usbd_ioreq.o(.text.USBD_CtlPrepareRx)
    USBD_CtlReceiveStatus                    0x08003883   Thumb Code    22  usbd_ioreq.o(.text.USBD_CtlReceiveStatus)
    USBD_CtlSendData                         0x08003899   Thumb Code    26  usbd_ioreq.o(.text.USBD_CtlSendData)
    USBD_CtlSendStatus                       0x080038b3   Thumb Code    22  usbd_ioreq.o(.text.USBD_CtlSendStatus)
    USBD_FS_ConfigStrDescriptor              0x080038c9   Thumb Code    36  usbd_desc.o(.text.USBD_FS_ConfigStrDescriptor)
    USBD_FS_DeviceDescriptor                 0x080038ed   Thumb Code    12  usbd_desc.o(.text.USBD_FS_DeviceDescriptor)
    USBD_FS_InterfaceStrDescriptor           0x080038f9   Thumb Code    40  usbd_desc.o(.text.USBD_FS_InterfaceStrDescriptor)
    USBD_FS_LangIDStrDescriptor              0x08003921   Thumb Code    12  usbd_desc.o(.text.USBD_FS_LangIDStrDescriptor)
    USBD_FS_ManufacturerStrDescriptor        0x0800392d   Thumb Code    44  usbd_desc.o(.text.USBD_FS_ManufacturerStrDescriptor)
    USBD_FS_ProductStrDescriptor             0x08003959   Thumb Code    48  usbd_desc.o(.text.USBD_FS_ProductStrDescriptor)
    USBD_FS_SerialStrDescriptor              0x08003989   Thumb Code    56  usbd_desc.o(.text.USBD_FS_SerialStrDescriptor)
    USBD_GetString                           0x080039c1   Thumb Code    86  usbd_ctlreq.o(.text.USBD_GetString)
    USBD_Get_USB_Status                      0x08003a19   Thumb Code    32  usbd_conf.o(.text.USBD_Get_USB_Status)
    USBD_Init                                0x08003a39   Thumb Code    48  usbd_core.o(.text.USBD_Init)
    USBD_LL_ClearStallEP                     0x08003a69   Thumb Code    18  usbd_conf.o(.text.USBD_LL_ClearStallEP)
    USBD_LL_CloseEP                          0x08003a7b   Thumb Code    18  usbd_conf.o(.text.USBD_LL_CloseEP)
    USBD_LL_DataInStage                      0x08003a8d   Thumb Code   162  usbd_core.o(.text.USBD_LL_DataInStage)
    USBD_LL_DataOutStage                     0x08003b2f   Thumb Code   102  usbd_core.o(.text.USBD_LL_DataOutStage)
    USBD_LL_DevConnected                     0x08003b95   Thumb Code     4  usbd_core.o(.text.USBD_LL_DevConnected)
    USBD_LL_DevDisconnected                  0x08003b99   Thumb Code    28  usbd_core.o(.text.USBD_LL_DevDisconnected)
    USBD_LL_GetRxDataSize                    0x08003bb5   Thumb Code     8  usbd_conf.o(.text.USBD_LL_GetRxDataSize)
    USBD_LL_Init                             0x08003bbd   Thumb Code   100  usbd_conf.o(.text.USBD_LL_Init)
    USBD_LL_IsStallEP                        0x08003c21   Thumb Code    32  usbd_conf.o(.text.USBD_LL_IsStallEP)
    USBD_LL_IsoINIncomplete                  0x08003c41   Thumb Code     4  usbd_core.o(.text.USBD_LL_IsoINIncomplete)
    USBD_LL_IsoOUTIncomplete                 0x08003c45   Thumb Code     4  usbd_core.o(.text.USBD_LL_IsoOUTIncomplete)
    USBD_LL_OpenEP                           0x08003c49   Thumb Code    24  usbd_conf.o(.text.USBD_LL_OpenEP)
    USBD_LL_PrepareReceive                   0x08003c61   Thumb Code    18  usbd_conf.o(.text.USBD_LL_PrepareReceive)
    USBD_LL_Reset                            0x08003c73   Thumb Code    82  usbd_core.o(.text.USBD_LL_Reset)
    USBD_LL_Resume                           0x08003cc5   Thumb Code    20  usbd_core.o(.text.USBD_LL_Resume)
    USBD_LL_SOF                              0x08003cd9   Thumb Code    28  usbd_core.o(.text.USBD_LL_SOF)
    USBD_LL_SetSpeed                         0x08003cf5   Thumb Code     6  usbd_core.o(.text.USBD_LL_SetSpeed)
    USBD_LL_SetUSBAddress                    0x08003cfb   Thumb Code    18  usbd_conf.o(.text.USBD_LL_SetUSBAddress)
    USBD_LL_SetupStage                       0x08003d0d   Thumb Code    92  usbd_core.o(.text.USBD_LL_SetupStage)
    USBD_LL_StallEP                          0x08003d69   Thumb Code    18  usbd_conf.o(.text.USBD_LL_StallEP)
    USBD_LL_Start                            0x08003d7b   Thumb Code    18  usbd_conf.o(.text.USBD_LL_Start)
    USBD_LL_Suspend                          0x08003d8d   Thumb Code    18  usbd_core.o(.text.USBD_LL_Suspend)
    USBD_LL_Transmit                         0x08003d9f   Thumb Code    18  usbd_conf.o(.text.USBD_LL_Transmit)
    USBD_ParseSetupRequest                   0x08003db1   Thumb Code    22  usbd_ctlreq.o(.text.USBD_ParseSetupRequest)
    USBD_RegisterClass                       0x08003dc7   Thumb Code    40  usbd_core.o(.text.USBD_RegisterClass)
    USBD_SetClassConfig                      0x08003def   Thumb Code    18  usbd_core.o(.text.USBD_SetClassConfig)
    USBD_Start                               0x08003e01   Thumb Code     4  usbd_core.o(.text.USBD_Start)
    USBD_StdDevReq                           0x08003e05   Thumb Code   696  usbd_ctlreq.o(.text.USBD_StdDevReq)
    USBD_StdEPReq                            0x080040bd   Thumb Code   344  usbd_ctlreq.o(.text.USBD_StdEPReq)
    USBD_StdItfReq                           0x08004215   Thumb Code    76  usbd_ctlreq.o(.text.USBD_StdItfReq)
    USB_ActivateEndpoint                     0x08004261   Thumb Code   140  stm32f4xx_ll_usb.o(.text.USB_ActivateEndpoint)
    USB_ActivateSetup                        0x080042ed   Thumb Code    30  stm32f4xx_ll_usb.o(.text.USB_ActivateSetup)
    USB_CoreInit                             0x0800430d   Thumb Code   120  stm32f4xx_ll_usb.o(.text.USB_CoreInit)
    USB_DeactivateEndpoint                   0x080043c1   Thumb Code   140  stm32f4xx_ll_usb.o(.text.USB_DeactivateEndpoint)
    USB_DevConnect                           0x0800444d   Thumb Code    28  stm32f4xx_ll_usb.o(.text.USB_DevConnect)
    USB_DevDisconnect                        0x08004469   Thumb Code    28  stm32f4xx_ll_usb.o(.text.USB_DevDisconnect)
    USB_DevInit                              0x08004485   Thumb Code   404  stm32f4xx_ll_usb.o(.text.USB_DevInit)
    USB_DisableGlobalInt                     0x08004619   Thumb Code    12  stm32f4xx_ll_usb.o(.text.USB_DisableGlobalInt)
    USB_EP0StartXfer                         0x08004625   Thumb Code   240  stm32f4xx_ll_usb.o(.text.USB_EP0StartXfer)
    USB_EP0_OutStart                         0x08004715   Thumb Code    88  stm32f4xx_ll_usb.o(.text.USB_EP0_OutStart)
    USB_EPClearStall                         0x0800476d   Thumb Code    48  stm32f4xx_ll_usb.o(.text.USB_EPClearStall)
    USB_EPSetStall                           0x0800479d   Thumb Code    54  stm32f4xx_ll_usb.o(.text.USB_EPSetStall)
    USB_EPStartXfer                          0x080047d5   Thumb Code   372  stm32f4xx_ll_usb.o(.text.USB_EPStartXfer)
    USB_EnableGlobalInt                      0x08004949   Thumb Code    12  stm32f4xx_ll_usb.o(.text.USB_EnableGlobalInt)
    USB_FlushRxFifo                          0x08004955   Thumb Code    36  stm32f4xx_ll_usb.o(.text.USB_FlushRxFifo)
    USB_FlushTxFifo                          0x08004975   Thumb Code    40  stm32f4xx_ll_usb.o(.text.USB_FlushTxFifo)
    USB_GetDevSpeed                          0x0800499d   Thumb Code    28  stm32f4xx_ll_usb.o(.text.USB_GetDevSpeed)
    USB_GetMode                              0x080049b9   Thumb Code     8  stm32f4xx_ll_usb.o(.text.USB_GetMode)
    USB_ReadDevAllInEpInterrupt              0x080049c1   Thumb Code    14  stm32f4xx_ll_usb.o(.text.USB_ReadDevAllInEpInterrupt)
    USB_ReadDevAllOutEpInterrupt             0x080049cf   Thumb Code    14  stm32f4xx_ll_usb.o(.text.USB_ReadDevAllOutEpInterrupt)
    USB_ReadDevInEPInterrupt                 0x080049dd   Thumb Code    36  stm32f4xx_ll_usb.o(.text.USB_ReadDevInEPInterrupt)
    USB_ReadDevOutEPInterrupt                0x08004a01   Thumb Code    16  stm32f4xx_ll_usb.o(.text.USB_ReadDevOutEPInterrupt)
    USB_ReadInterrupts                       0x08004a11   Thumb Code     8  stm32f4xx_ll_usb.o(.text.USB_ReadInterrupts)
    USB_ReadPacket                           0x08004a19   Thumb Code    28  stm32f4xx_ll_usb.o(.text.USB_ReadPacket)
    USB_SetCurrentMode                       0x08004a35   Thumb Code    46  stm32f4xx_ll_usb.o(.text.USB_SetCurrentMode)
    USB_SetDevAddress                        0x08004a63   Thumb Code    32  stm32f4xx_ll_usb.o(.text.USB_SetDevAddress)
    USB_SetTurnaroundTime                    0x08004a85   Thumb Code   240  stm32f4xx_ll_usb.o(.text.USB_SetTurnaroundTime)
    USB_WritePacket                          0x08004b75   Thumb Code    42  stm32f4xx_ll_usb.o(.text.USB_WritePacket)
    UsageFault_Handler                       0x08004b9f   Thumb Code     2  stm32f4xx_it.o(.text.UsageFault_Handler)
    main                                     0x08004ba1   Thumb Code    82  main.o(.text.main)
    osDelay                                  0x08004bf3   Thumb Code    16  cmsis_os.o(.text.osDelay)
    osKernelStart                            0x08004c03   Thumb Code    10  cmsis_os.o(.text.osKernelStart)
    osThreadCreate                           0x08004c0d   Thumb Code    88  cmsis_os.o(.text.osThreadCreate)
    pvPortMalloc                             0x08004f65   Thumb Code   308  heap_4.o(.text.pvPortMalloc)
    pxPortInitialiseStack                    0x08005095   Thumb Code    36  port.o(.text.pxPortInitialiseStack)
    uxListRemove                             0x080050b9   Thumb Code    34  list.o(.text.uxListRemove)
    vApplicationGetIdleTaskMemory            0x080050dd   Thumb Code    24  freertos.o(.text.vApplicationGetIdleTaskMemory)
    vListInitialise                          0x080050f5   Thumb Code    22  list.o(.text.vListInitialise)
    vListInitialiseItem                      0x0800510b   Thumb Code     6  list.o(.text.vListInitialiseItem)
    vListInsert                              0x08005111   Thumb Code    58  list.o(.text.vListInsert)
    vListInsertEnd                           0x0800514b   Thumb Code    24  list.o(.text.vListInsertEnd)
    vPortEnterCritical                       0x08005179   Thumb Code    64  port.o(.text.vPortEnterCritical)
    vPortExitCritical                        0x080051b1   Thumb Code    44  port.o(.text.vPortExitCritical)
    vPortFree                                0x080051dd   Thumb Code   112  heap_4.o(.text.vPortFree)
    vPortSetupTimerInterrupt                 0x0800524d   Thumb Code    40  port.o(.text.vPortSetupTimerInterrupt)
    vTaskDelay                               0x08005275   Thumb Code    80  tasks.o(.text.vTaskDelay)
    vTaskStartScheduler                      0x080052c1   Thumb Code   104  tasks.o(.text.vTaskStartScheduler)
    vTaskSuspendAll                          0x08005325   Thumb Code    16  tasks.o(.text.vTaskSuspendAll)
    vTaskSwitchContext                       0x08005331   Thumb Code    96  tasks.o(.text.vTaskSwitchContext)
    xPortStartScheduler                      0x08005389   Thumb Code   232  port.o(.text.xPortStartScheduler)
    xPortSysTickHandler                      0x08005471   Thumb Code    44  port.o(.text.xPortSysTickHandler)
    xTaskCreate                              0x0800549d   Thumb Code    88  tasks.o(.text.xTaskCreate)
    xTaskCreateStatic                        0x080054f5   Thumb Code   114  tasks.o(.text.xTaskCreateStatic)
    xTaskGetSchedulerState                   0x08005569   Thumb Code    28  tasks.o(.text.xTaskGetSchedulerState)
    xTaskIncrementTick                       0x08005581   Thumb Code   224  tasks.o(.text.xTaskIncrementTick)
    xTaskResumeAll                           0x0800565d   Thumb Code   200  tasks.o(.text.xTaskResumeAll)
    __scatterload_copy                       0x08005725   Thumb Code    14  handlers.o(i.__scatterload_copy)
    __scatterload_null                       0x08005733   Thumb Code     2  handlers.o(i.__scatterload_null)
    __scatterload_zeroinit                   0x08005735   Thumb Code    14  handlers.o(i.__scatterload_zeroinit)
    free                                     0x08005745   Thumb Code    76  malloc.o(i.free)
    malloc                                   0x08005795   Thumb Code    92  malloc.o(i.malloc)
    AHBPrescTable                            0x0800581c   Data          16  system_stm32f4xx.o(.rodata.AHBPrescTable)
    APBPrescTable                            0x0800582c   Data           8  system_stm32f4xx.o(.rodata.APBPrescTable)
    Region$$Table$$Base                      0x08005840   Number         0  anon$$obj.o(Region$$Table)
    Region$$Table$$Limit                     0x08005860   Number         0  anon$$obj.o(Region$$Table)
    __microlib_freelist                      0x20000000   Data           4  mvars.o(.data)
    __microlib_freelist_initialised          0x20000004   Data           4  mvars.o(.data)
    uwTickPrio                               0x20000008   Data           4  stm32f4xx_hal.o(.data..L_MergedGlobals)
    uwTickFreq                               0x2000000c   Data           4  stm32f4xx_hal.o(.data..L_MergedGlobals)
    FS_Desc                                  0x20000010   Data          28  usbd_desc.o(.data.FS_Desc)
    SystemCoreClock                          0x2000002c   Data           4  system_stm32f4xx.o(.data.SystemCoreClock)
    USBD_CDC                                 0x20000030   Data          56  usbd_cdc.o(.data.USBD_CDC)
    USBD_FS_DeviceDesc                       0x20000140   Data          18  usbd_desc.o(.data.USBD_FS_DeviceDesc)
    USBD_Interface_fops_FS                   0x20000154   Data          20  usbd_cdc_if.o(.data.USBD_Interface_fops_FS)
    USBD_LangIDDesc                          0x20000168   Data           4  usbd_desc.o(.data.USBD_LangIDDesc)
    USBD_StringSerial                        0x2000016c   Data          26  usbd_desc.o(.data.USBD_StringSerial)
    pxCurrentTCB                             0x20000190   Data           4  tasks.o(.bss..L_MergedGlobals)
    USBD_StrDesc                             0x20000258   Data         512  usbd_desc.o(.bss.USBD_StrDesc)
    UserRxBufferFS                           0x20000458   Data        2048  usbd_cdc_if.o(.bss.UserRxBufferFS)
    UserTxBufferFS                           0x20000c58   Data        2048  usbd_cdc_if.o(.bss.UserTxBufferFS)
    defaultTaskHandle                        0x20001458   Data           4  freertos.o(.bss.defaultTaskHandle)
    hUsbDeviceFS                             0x2000145c   Data         720  usb_device.o(.bss.hUsbDeviceFS)
    hadc1                                    0x2000172c   Data          72  adc.o(.bss.hadc1)
    hcan1                                    0x20001774   Data          56  can.o(.bss.hcan1)
    hcan2                                    0x200017ac   Data          56  can.o(.bss.hcan2)
    hdma_spi5_rx                             0x200017e4   Data         100  spi.o(.bss.hdma_spi5_rx)
    hdma_spi5_tx                             0x20001848   Data         100  spi.o(.bss.hdma_spi5_tx)
    hdma_uart8_rx                            0x200018ac   Data         100  usart.o(.bss.hdma_uart8_rx)
    hdma_usart1_rx                           0x20001910   Data         100  usart.o(.bss.hdma_usart1_rx)
    hdma_usart3_rx                           0x20001974   Data         100  usart.o(.bss.hdma_usart3_rx)
    hdma_usart3_tx                           0x200019d8   Data         100  usart.o(.bss.hdma_usart3_tx)
    hdma_usart6_rx                           0x20001a3c   Data         100  usart.o(.bss.hdma_usart6_rx)
    hdma_usart6_tx                           0x20001aa0   Data         100  usart.o(.bss.hdma_usart6_tx)
    hi2c2                                    0x20001b04   Data          92  i2c.o(.bss.hi2c2)
    hiwdg                                    0x20001b60   Data          12  iwdg.o(.bss.hiwdg)
    hpcd_USB_OTG_FS                          0x20001b6c   Data        1036  usbd_conf.o(.bss.hpcd_USB_OTG_FS)
    hspi5                                    0x20001f78   Data          92  spi.o(.bss.hspi5)
    htim1                                    0x20001fd4   Data          68  tim.o(.bss.htim1)
    htim10                                   0x20002018   Data          68  tim.o(.bss.htim10)
    htim6                                    0x2000205c   Data          68  tim.o(.bss.htim6)
    huart1                                   0x200020a0   Data          72  usart.o(.bss.huart1)
    huart3                                   0x200020e8   Data          72  usart.o(.bss.huart3)
    huart6                                   0x20002130   Data          72  usart.o(.bss.huart6)
    huart7                                   0x20002178   Data          72  usart.o(.bss.huart7)
    huart8                                   0x200021c0   Data          72  usart.o(.bss.huart8)
    uwTick                                   0x20005e94   Data           4  stm32f4xx_hal.o(.bss.uwTick)
    __heap_base                              0x200060f0   Data           0  startup_stm32f427xx.o(HEAP)
    __heap_limit                             0x200062f0   Data           0  startup_stm32f427xx.o(HEAP)
    __initial_sp                             0x200066f0   Data           0  startup_stm32f427xx.o(STACK)



==============================================================================

Memory Map of the image

  Image Entry point : 0x080001ad

  Load Region LR_IROM1 (Base: 0x08000000, Size: 0x000059f0, Max: 0x00200000, ABSOLUTE, COMPRESSED[0x00005928])

    Execution Region ER_IROM1 (Exec base: 0x08000000, Load base: 0x08000000, Size: 0x00005860, Max: 0x00200000, ABSOLUTE)

    Exec Addr    Load Addr    Size         Type   Attr      Idx    E Section Name        Object

    0x08000000   0x08000000   0x000001ac   Data   RO            3    RESET               startup_stm32f427xx.o
    0x080001ac   0x080001ac   0x00000000   Code   RO         2513  * .ARM.Collect$$$$00000000  mc_w.l(entry.o)
    0x080001ac   0x080001ac   0x00000004   Code   RO         2552    .ARM.Collect$$$$00000001  mc_w.l(entry2.o)
    0x080001b0   0x080001b0   0x00000004   Code   RO         2555    .ARM.Collect$$$$00000004  mc_w.l(entry5.o)
    0x080001b4   0x080001b4   0x00000000   Code   RO         2557    .ARM.Collect$$$$00000008  mc_w.l(entry7b.o)
    0x080001b4   0x080001b4   0x00000000   Code   RO         2559    .ARM.Collect$$$$0000000A  mc_w.l(entry8b.o)
    0x080001b4   0x080001b4   0x00000008   Code   RO         2560    .ARM.Collect$$$$0000000B  mc_w.l(entry9a.o)
    0x080001bc   0x080001bc   0x00000000   Code   RO         2562    .ARM.Collect$$$$0000000D  mc_w.l(entry10a.o)
    0x080001bc   0x080001bc   0x00000000   Code   RO         2564    .ARM.Collect$$$$0000000F  mc_w.l(entry11a.o)
    0x080001bc   0x080001bc   0x00000004   Code   RO         2553    .ARM.Collect$$$$00002712  mc_w.l(entry2.o)
    0x080001c0   0x080001c0   0x00000024   Code   RO            4    .text               startup_stm32f427xx.o
    0x080001e4   0x080001e4   0x00000062   Code   RO         2516    .text               mc_w.l(uldiv.o)
    0x08000246   0x08000246   0x00000024   Code   RO         2518    .text               mc_w.l(memcpya.o)
    0x0800026a   0x0800026a   0x00000024   Code   RO         2520    .text               mc_w.l(memseta.o)
    0x0800028e   0x0800028e   0x0000001e   Code   RO         2566    .text               mc_w.l(llshl.o)
    0x080002ac   0x080002ac   0x00000020   Code   RO         2568    .text               mc_w.l(llushr.o)
    0x080002cc   0x080002cc   0x00000024   Code   RO         2572    .text               mc_w.l(init.o)
    0x080002f0   0x080002f0   0x00000056   Code   RO         2582    .text               mc_w.l(__dczerorl2.o)
    0x08000346   0x08000346   0x00000002   Code   RO          210    .text.BusFault_Handler  stm32f4xx_it.o
    0x08000348   0x08000348   0x00000004   Code   RO         2288    .text.CDC_Control_FS  usbd_cdc_if.o
    0x0800034c   0x0800034c   0x00000004   Code   RO         2286    .text.CDC_DeInit_FS  usbd_cdc_if.o
    0x08000350   0x08000350   0x00000024   Code   RO         2284    .text.CDC_Init_FS   usbd_cdc_if.o
    0x08000374   0x08000374   0x0000001c   Code   RO         2290    .text.CDC_Receive_FS  usbd_cdc_if.o
    0x08000390   0x08000390   0x00000004   Code   RO         2292    .text.CDC_TransmitCplt_FS  usbd_cdc_if.o
    0x08000394   0x08000394   0x0000000c   Code   RO          218    .text.DMA1_Stream1_IRQHandler  stm32f4xx_it.o
    0x080003a0   0x080003a0   0x0000000c   Code   RO          220    .text.DMA1_Stream3_IRQHandler  stm32f4xx_it.o
    0x080003ac   0x080003ac   0x0000000c   Code   RO          222    .text.DMA1_Stream6_IRQHandler  stm32f4xx_it.o
    0x080003b8   0x080003b8   0x0000000c   Code   RO          224    .text.DMA2_Stream1_IRQHandler  stm32f4xx_it.o
    0x080003c4   0x080003c4   0x0000000c   Code   RO          226    .text.DMA2_Stream2_IRQHandler  stm32f4xx_it.o
    0x080003d0   0x080003d0   0x0000000c   Code   RO          228    .text.DMA2_Stream3_IRQHandler  stm32f4xx_it.o
    0x080003dc   0x080003dc   0x0000000c   Code   RO          230    .text.DMA2_Stream4_IRQHandler  stm32f4xx_it.o
    0x080003e8   0x080003e8   0x0000000c   Code   RO          234    .text.DMA2_Stream6_IRQHandler  stm32f4xx_it.o
    0x080003f4   0x080003f4   0x00000030   Code   RO          642    .text.DMA_CalcBaseAndBitshift  stm32f4xx_hal_dma.o
    0x08000424   0x08000424   0x00000002   Code   RO          214    .text.DebugMon_Handler  stm32f4xx_it.o
    0x08000426   0x08000426   0x00000008   Code   RO           15    .text.Error_Handler  main.o
    0x0800042e   0x0800042e   0x00000002   PAD
    0x08000430   0x08000430   0x0000010c   Code   RO          932    .text.HAL_ADC_ConfigChannel  stm32f4xx_hal_adc.o
    0x0800053c   0x0800053c   0x0000013c   Code   RO          890    .text.HAL_ADC_Init  stm32f4xx_hal_adc.o
    0x08000678   0x08000678   0x00000060   Code   RO           60    .text.HAL_ADC_MspInit  adc.o
    0x080006d8   0x080006d8   0x000000ee   Code   RO          988    .text.HAL_CAN_Init  stm32f4xx_hal_can.o
    0x080007c6   0x080007c6   0x00000002   PAD
    0x080007c8   0x080007c8   0x000000ec   Code   RO           78    .text.HAL_CAN_MspInit  can.o
    0x080008b4   0x080008b4   0x00000020   Code   RO          654    .text.HAL_DMA_Abort_IT  stm32f4xx_hal_dma.o
    0x080008d4   0x080008d4   0x00000160   Code   RO          658    .text.HAL_DMA_IRQHandler  stm32f4xx_hal_dma.o
    0x08000a34   0x08000a34   0x00000124   Code   RO          640    .text.HAL_DMA_Init  stm32f4xx_hal_dma.o
    0x08000b58   0x08000b58   0x00000024   Code   RO          814    .text.HAL_Delay     stm32f4xx_hal.o
    0x08000b7c   0x08000b7c   0x0000019c   Code   RO          600    .text.HAL_GPIO_Init  stm32f4xx_hal_gpio.o
    0x08000d18   0x08000d18   0x0000000a   Code   RO          606    .text.HAL_GPIO_WritePin  stm32f4xx_hal_gpio.o
    0x08000d22   0x08000d22   0x00000002   PAD
    0x08000d24   0x08000d24   0x00000008   Code   RO          806    .text.HAL_GetTick   stm32f4xx_hal.o
    0x08000d2c   0x08000d2c   0x00000036   Code   RO         1202    .text.HAL_I2CEx_ConfigAnalogFilter  stm32f4xx_hal_i2c_ex.o
    0x08000d62   0x08000d62   0x0000003a   Code   RO         1204    .text.HAL_I2CEx_ConfigDigitalFilter  stm32f4xx_hal_i2c_ex.o
    0x08000d9c   0x08000d9c   0x0000017c   Code   RO         1069    .text.HAL_I2C_Init  stm32f4xx_hal_i2c.o
    0x08000f18   0x08000f18   0x0000006c   Code   RO          106    .text.HAL_I2C_MspInit  i2c.o
    0x08000f84   0x08000f84   0x00000048   Code   RO         1215    .text.HAL_IWDG_Init  stm32f4xx_hal_iwdg.o
    0x08000fcc   0x08000fcc   0x00000014   Code   RO          804    .text.HAL_IncTick   stm32f4xx_hal.o
    0x08000fe0   0x08000fe0   0x00000034   Code   RO          794    .text.HAL_Init      stm32f4xx_hal.o
    0x08001014   0x08001014   0x00000040   Code   RO          796    .text.HAL_InitTick  stm32f4xx_hal.o
    0x08001054   0x08001054   0x00000040   Code   RO          252    .text.HAL_MspInit   stm32f4xx_hal_msp.o
    0x08001094   0x08001094   0x0000001c   Code   RO          751    .text.HAL_NVIC_EnableIRQ  stm32f4xx_hal_cortex.o
    0x080010b0   0x080010b0   0x00000054   Code   RO          749    .text.HAL_NVIC_SetPriority  stm32f4xx_hal_cortex.o
    0x08001104   0x08001104   0x00000020   Code   RO          747    .text.HAL_NVIC_SetPriorityGrouping  stm32f4xx_hal_cortex.o
    0x08001124   0x08001124   0x00000002   Code   RO          341    .text.HAL_PCDEx_LPM_Callback  stm32f4xx_hal_pcd_ex.o
    0x08001126   0x08001126   0x00000008   Code   RO          339    .text.HAL_PCDEx_SetRxFiFo  stm32f4xx_hal_pcd_ex.o
    0x0800112e   0x0800112e   0x00000050   Code   RO          337    .text.HAL_PCDEx_SetTxFiFo  stm32f4xx_hal_pcd_ex.o
    0x0800117e   0x0800117e   0x00000008   Code   RO         2330    .text.HAL_PCD_ConnectCallback  usbd_conf.o
    0x08001186   0x08001186   0x00000012   Code   RO         2316    .text.HAL_PCD_DataInStageCallback  usbd_conf.o
    0x08001198   0x08001198   0x00000014   Code   RO         2314    .text.HAL_PCD_DataOutStageCallback  usbd_conf.o
    0x080011ac   0x080011ac   0x00000008   Code   RO         2332    .text.HAL_PCD_DisconnectCallback  usbd_conf.o
    0x080011b4   0x080011b4   0x00000052   Code   RO          308    .text.HAL_PCD_EP_Close  stm32f4xx_hal_pcd.o
    0x08001206   0x08001206   0x00000060   Code   RO          318    .text.HAL_PCD_EP_ClrStall  stm32f4xx_hal_pcd.o
    0x08001266   0x08001266   0x00000012   Code   RO          312    .text.HAL_PCD_EP_GetRxCount  stm32f4xx_hal_pcd.o
    0x08001278   0x08001278   0x00000066   Code   RO          306    .text.HAL_PCD_EP_Open  stm32f4xx_hal_pcd.o
    0x080012de   0x080012de   0x00000046   Code   RO          310    .text.HAL_PCD_EP_Receive  stm32f4xx_hal_pcd.o
    0x08001324   0x08001324   0x0000006e   Code   RO          316    .text.HAL_PCD_EP_SetStall  stm32f4xx_hal_pcd.o
    0x08001392   0x08001392   0x00000042   Code   RO          314    .text.HAL_PCD_EP_Transmit  stm32f4xx_hal_pcd.o
    0x080013d4   0x080013d4   0x000005fc   Code   RO          274    .text.HAL_PCD_IRQHandler  stm32f4xx_hal_pcd.o
    0x080019d0   0x080019d0   0x00000008   Code   RO         2328    .text.HAL_PCD_ISOINIncompleteCallback  usbd_conf.o
    0x080019d8   0x080019d8   0x00000008   Code   RO         2326    .text.HAL_PCD_ISOOUTIncompleteCallback  usbd_conf.o
    0x080019e0   0x080019e0   0x0000012a   Code   RO          262    .text.HAL_PCD_Init  stm32f4xx_hal_pcd.o
    0x08001b0a   0x08001b0a   0x00000002   PAD
    0x08001b0c   0x08001b0c   0x00000084   Code   RO         2308    .text.HAL_PCD_MspInit  usbd_conf.o
    0x08001b90   0x08001b90   0x00000026   Code   RO         2320    .text.HAL_PCD_ResetCallback  usbd_conf.o
    0x08001bb6   0x08001bb6   0x00000008   Code   RO         2324    .text.HAL_PCD_ResumeCallback  usbd_conf.o
    0x08001bbe   0x08001bbe   0x00000008   Code   RO         2318    .text.HAL_PCD_SOFCallback  usbd_conf.o
    0x08001bc6   0x08001bc6   0x00000028   Code   RO          304    .text.HAL_PCD_SetAddress  stm32f4xx_hal_pcd.o
    0x08001bee   0x08001bee   0x0000000e   Code   RO         2312    .text.HAL_PCD_SetupStageCallback  usbd_conf.o
    0x08001bfc   0x08001bfc   0x0000003e   Code   RO          270    .text.HAL_PCD_Start  stm32f4xx_hal_pcd.o
    0x08001c3a   0x08001c3a   0x00000002   PAD
    0x08001c3c   0x08001c3c   0x00000030   Code   RO         2322    .text.HAL_PCD_SuspendCallback  usbd_conf.o
    0x08001c6c   0x08001c6c   0x0000012c   Code   RO          464    .text.HAL_RCC_ClockConfig  stm32f4xx_hal_rcc.o
    0x08001d98   0x08001d98   0x00000008   Code   RO          474    .text.HAL_RCC_GetHCLKFreq  stm32f4xx_hal_rcc.o
    0x08001da0   0x08001da0   0x00000014   Code   RO          476    .text.HAL_RCC_GetPCLK1Freq  stm32f4xx_hal_rcc.o
    0x08001db4   0x08001db4   0x00000020   Code   RO          478    .text.HAL_RCC_GetPCLK2Freq  stm32f4xx_hal_rcc.o
    0x08001dd4   0x08001dd4   0x0000005c   Code   RO          466    .text.HAL_RCC_GetSysClockFreq  stm32f4xx_hal_rcc.o
    0x08001e30   0x08001e30   0x00000308   Code   RO          462    .text.HAL_RCC_OscConfig  stm32f4xx_hal_rcc.o
    0x08002138   0x08002138   0x00000002   Code   RO         1312    .text.HAL_SPI_ErrorCallback  stm32f4xx_hal_spi.o
    0x0800213a   0x0800213a   0x00000002   PAD
    0x0800213c   0x0800213c   0x00000104   Code   RO         1308    .text.HAL_SPI_IRQHandler  stm32f4xx_hal_spi.o
    0x08002240   0x08002240   0x00000076   Code   RO         1228    .text.HAL_SPI_Init  stm32f4xx_hal_spi.o
    0x080022b6   0x080022b6   0x00000002   PAD
    0x080022b8   0x080022b8   0x00000128   Code   RO          132    .text.HAL_SPI_MspInit  spi.o
    0x080023e0   0x080023e0   0x00000028   Code   RO          759    .text.HAL_SYSTICK_Config  stm32f4xx_hal_cortex.o
    0x08002408   0x08002408   0x00000088   Code   RO         1642    .text.HAL_TIMEx_MasterConfigSynchronization  stm32f4xx_hal_tim_ex.o
    0x08002490   0x08002490   0x0000002c   Code   RO         1347    .text.HAL_TIM_Base_Init  stm32f4xx_hal_tim.o
    0x080024bc   0x080024bc   0x00000078   Code   RO          154    .text.HAL_TIM_Base_MspInit  tim.o
    0x08002534   0x08002534   0x00000106   Code   RO         1531    .text.HAL_TIM_ConfigClockSource  stm32f4xx_hal_tim.o
    0x0800263a   0x0800263a   0x00000002   Code   RO         1745    .text.HAL_UART_ErrorCallback  stm32f4xx_hal_uart.o
    0x0800263c   0x0800263c   0x00000168   Code   RO         1739    .text.HAL_UART_IRQHandler  stm32f4xx_hal_uart.o
    0x080027a4   0x080027a4   0x00000052   Code   RO         1665    .text.HAL_UART_Init  stm32f4xx_hal_uart.o
    0x080027f6   0x080027f6   0x00000002   PAD
    0x080027f8   0x080027f8   0x00000348   Code   RO          180    .text.HAL_UART_MspInit  usart.o
    0x08002b40   0x08002b40   0x00000002   Code   RO         1751    .text.HAL_UART_RxCpltCallback  stm32f4xx_hal_uart.o
    0x08002b42   0x08002b42   0x00000002   Code   RO         1747    .text.HAL_UART_TxCpltCallback  stm32f4xx_hal_uart.o
    0x08002b44   0x08002b44   0x00000002   Code   RO          206    .text.HardFault_Handler  stm32f4xx_it.o
    0x08002b46   0x08002b46   0x00000036   Code   RO         2268    .text.IntToUnicode  usbd_desc.o
    0x08002b7c   0x08002b7c   0x0000005c   Code   RO           58    .text.MX_ADC1_Init  adc.o
    0x08002bd8   0x08002bd8   0x00000044   Code   RO           74    .text.MX_CAN1_Init  can.o
    0x08002c1c   0x08002c1c   0x00000034   Code   RO           76    .text.MX_CAN2_Init  can.o
    0x08002c50   0x08002c50   0x000000a4   Code   RO           94    .text.MX_DMA_Init   dma.o
    0x08002cf4   0x08002cf4   0x00000028   Code   RO           40    .text.MX_FREERTOS_Init  freertos.o
    0x08002d1c   0x08002d1c   0x000000dc   Code   RO           27    .text.MX_GPIO_Init  gpio.o
    0x08002df8   0x08002df8   0x0000005c   Code   RO          104    .text.MX_I2C2_Init  i2c.o
    0x08002e54   0x08002e54   0x0000002c   Code   RO          120    .text.MX_IWDG_Init  iwdg.o
    0x08002e80   0x08002e80   0x00000040   Code   RO          130    .text.MX_SPI5_Init  spi.o
    0x08002ec0   0x08002ec0   0x00000034   Code   RO          152    .text.MX_TIM10_Init  tim.o
    0x08002ef4   0x08002ef4   0x00000064   Code   RO          148    .text.MX_TIM1_Init  tim.o
    0x08002f58   0x08002f58   0x00000040   Code   RO          150    .text.MX_TIM6_Init  tim.o
    0x08002f98   0x08002f98   0x00000038   Code   RO          170    .text.MX_UART7_Init  usart.o
    0x08002fd0   0x08002fd0   0x00000034   Code   RO          172    .text.MX_UART8_Init  usart.o
    0x08003004   0x08003004   0x00000038   Code   RO          174    .text.MX_USART1_UART_Init  usart.o
    0x0800303c   0x0800303c   0x00000038   Code   RO          176    .text.MX_USART3_UART_Init  usart.o
    0x08003074   0x08003074   0x00000038   Code   RO          178    .text.MX_USART6_UART_Init  usart.o
    0x080030ac   0x080030ac   0x00000054   Code   RO         2244    .text.MX_USB_DEVICE_Init  usb_device.o
    0x08003100   0x08003100   0x00000002   Code   RO          208    .text.MemManage_Handler  stm32f4xx_it.o
    0x08003102   0x08003102   0x00000002   Code   RO          204    .text.NMI_Handler   stm32f4xx_it.o
    0x08003104   0x08003104   0x0000000c   Code   RO          232    .text.OTG_FS_IRQHandler  stm32f4xx_it.o
    0x08003110   0x08003110   0x00000064   Code   RO         2227    .text.PendSV_Handler  port.o
    0x08003174   0x08003174   0x0000000c   Code   RO          242    .text.SPI5_IRQHandler  stm32f4xx_it.o
    0x08003180   0x08003180   0x0000000c   Code   RO         1310    .text.SPI_DMAAbortOnError  stm32f4xx_hal_spi.o
    0x0800318c   0x0800318c   0x00000004   PAD
    0x08003190   0x08003190   0x00000024   Code   RO         2211    .text.SVC_Handler   port.o
    0x080031b4   0x080031b4   0x0000000c   Code   RO           42    .text.StartDefaultTask  freertos.o
    0x080031c0   0x080031c0   0x00000018   Code   RO          216    .text.SysTick_Handler  stm32f4xx_it.o
    0x080031d8   0x080031d8   0x000000a8   Code   RO           13    .text.SystemClock_Config  main.o
    0x08003280   0x08003280   0x0000001c   Code   RO         1778    .text.SystemInit    system_stm32f4xx.o
    0x0800329c   0x0800329c   0x000000d0   Code   RO         1351    .text.TIM_Base_SetConfig  stm32f4xx_hal_tim.o
    0x0800336c   0x0800336c   0x00000022   Code   RO         1533    .text.TIM_TI1_ConfigInputStage  stm32f4xx_hal_tim.o
    0x0800338e   0x0800338e   0x00000022   Code   RO         1535    .text.TIM_TI2_ConfigInputStage  stm32f4xx_hal_tim.o
    0x080033b0   0x080033b0   0x0000000c   Code   RO          238    .text.UART7_IRQHandler  stm32f4xx_it.o
    0x080033bc   0x080033bc   0x0000000c   Code   RO          240    .text.UART8_IRQHandler  stm32f4xx_it.o
    0x080033c8   0x080033c8   0x0000000c   Code   RO         1743    .text.UART_DMAAbortOnError  stm32f4xx_hal_uart.o
    0x080033d4   0x080033d4   0x00000018   Code   RO         1711    .text.UART_EndRxTransfer  stm32f4xx_hal_uart.o
    0x080033ec   0x080033ec   0x00000074   Code   RO         1741    .text.UART_Receive_IT  stm32f4xx_hal_uart.o
    0x08003460   0x08003460   0x000000e0   Code   RO         1669    .text.UART_SetConfig  stm32f4xx_hal_uart.o
    0x08003540   0x08003540   0x0000000c   Code   RO          236    .text.USART6_IRQHandler  stm32f4xx_it.o
    0x0800354c   0x0800354c   0x00000066   Code   RO         2478    .text.USBD_CDC_DataIn  usbd_cdc.o
    0x080035b2   0x080035b2   0x0000002a   Code   RO         2480    .text.USBD_CDC_DataOut  usbd_cdc.o
    0x080035dc   0x080035dc   0x00000044   Code   RO         2472    .text.USBD_CDC_DeInit  usbd_cdc.o
    0x08003620   0x08003620   0x00000028   Code   RO         2476    .text.USBD_CDC_EP0_RxReady  usbd_cdc.o
    0x08003648   0x08003648   0x0000000c   Code   RO         2488    .text.USBD_CDC_GetDeviceQualifierDescriptor  usbd_cdc.o
    0x08003654   0x08003654   0x0000000c   Code   RO         2484    .text.USBD_CDC_GetFSCfgDesc  usbd_cdc.o
    0x08003660   0x08003660   0x0000000c   Code   RO         2482    .text.USBD_CDC_GetHSCfgDesc  usbd_cdc.o
    0x0800366c   0x0800366c   0x0000000c   Code   RO         2486    .text.USBD_CDC_GetOtherSpeedCfgDesc  usbd_cdc.o
    0x08003678   0x08003678   0x000000a2   Code   RO         2470    .text.USBD_CDC_Init  usbd_cdc.o
    0x0800371a   0x0800371a   0x00000028   Code   RO         2498    .text.USBD_CDC_ReceivePacket  usbd_cdc.o
    0x08003742   0x08003742   0x0000000e   Code   RO         2490    .text.USBD_CDC_RegisterInterface  usbd_cdc.o
    0x08003750   0x08003750   0x0000000c   Code   RO         2494    .text.USBD_CDC_SetRxBuffer  usbd_cdc.o
    0x0800375c   0x0800375c   0x00000010   Code   RO         2492    .text.USBD_CDC_SetTxBuffer  usbd_cdc.o
    0x0800376c   0x0800376c   0x000000b2   Code   RO         2474    .text.USBD_CDC_Setup  usbd_cdc.o
    0x0800381e   0x0800381e   0x00000014   Code   RO         2390    .text.USBD_ClrClassConfig  usbd_core.o
    0x08003832   0x08003832   0x00000010   Code   RO         2453    .text.USBD_CtlContinueRx  usbd_ioreq.o
    0x08003842   0x08003842   0x00000010   Code   RO         2449    .text.USBD_CtlContinueSendData  usbd_ioreq.o
    0x08003852   0x08003852   0x00000016   Code   RO         2427    .text.USBD_CtlError  usbd_ctlreq.o
    0x08003868   0x08003868   0x0000001a   Code   RO         2451    .text.USBD_CtlPrepareRx  usbd_ioreq.o
    0x08003882   0x08003882   0x00000016   Code   RO         2457    .text.USBD_CtlReceiveStatus  usbd_ioreq.o
    0x08003898   0x08003898   0x0000001a   Code   RO         2447    .text.USBD_CtlSendData  usbd_ioreq.o
    0x080038b2   0x080038b2   0x00000016   Code   RO         2455    .text.USBD_CtlSendStatus  usbd_ioreq.o
    0x080038c8   0x080038c8   0x00000024   Code   RO         2264    .text.USBD_FS_ConfigStrDescriptor  usbd_desc.o
    0x080038ec   0x080038ec   0x0000000c   Code   RO         2254    .text.USBD_FS_DeviceDescriptor  usbd_desc.o
    0x080038f8   0x080038f8   0x00000028   Code   RO         2266    .text.USBD_FS_InterfaceStrDescriptor  usbd_desc.o
    0x08003920   0x08003920   0x0000000c   Code   RO         2256    .text.USBD_FS_LangIDStrDescriptor  usbd_desc.o
    0x0800392c   0x0800392c   0x0000002c   Code   RO         2258    .text.USBD_FS_ManufacturerStrDescriptor  usbd_desc.o
    0x08003958   0x08003958   0x00000030   Code   RO         2260    .text.USBD_FS_ProductStrDescriptor  usbd_desc.o
    0x08003988   0x08003988   0x00000038   Code   RO         2262    .text.USBD_FS_SerialStrDescriptor  usbd_desc.o
    0x080039c0   0x080039c0   0x00000056   Code   RO         2435    .text.USBD_GetString  usbd_ctlreq.o
    0x08003a16   0x08003a16   0x00000002   PAD
    0x08003a18   0x08003a18   0x00000020   Code   RO         2338    .text.USBD_Get_USB_Status  usbd_conf.o
    0x08003a38   0x08003a38   0x00000030   Code   RO         2376    .text.USBD_Init     usbd_core.o
    0x08003a68   0x08003a68   0x00000012   Code   RO         2352    .text.USBD_LL_ClearStallEP  usbd_conf.o
    0x08003a7a   0x08003a7a   0x00000012   Code   RO         2346    .text.USBD_LL_CloseEP  usbd_conf.o
    0x08003a8c   0x08003a8c   0x000000a2   Code   RO         2396    .text.USBD_LL_DataInStage  usbd_core.o
    0x08003b2e   0x08003b2e   0x00000066   Code   RO         2394    .text.USBD_LL_DataOutStage  usbd_core.o
    0x08003b94   0x08003b94   0x00000004   Code   RO         2412    .text.USBD_LL_DevConnected  usbd_core.o
    0x08003b98   0x08003b98   0x0000001c   Code   RO         2414    .text.USBD_LL_DevDisconnected  usbd_core.o
    0x08003bb4   0x08003bb4   0x00000008   Code   RO         2362    .text.USBD_LL_GetRxDataSize  usbd_conf.o
    0x08003bbc   0x08003bbc   0x00000064   Code   RO         2334    .text.USBD_LL_Init  usbd_conf.o
    0x08003c20   0x08003c20   0x00000020   Code   RO         2354    .text.USBD_LL_IsStallEP  usbd_conf.o
    0x08003c40   0x08003c40   0x00000004   Code   RO         2408    .text.USBD_LL_IsoINIncomplete  usbd_core.o
    0x08003c44   0x08003c44   0x00000004   Code   RO         2410    .text.USBD_LL_IsoOUTIncomplete  usbd_core.o
    0x08003c48   0x08003c48   0x00000018   Code   RO         2344    .text.USBD_LL_OpenEP  usbd_conf.o
    0x08003c60   0x08003c60   0x00000012   Code   RO         2360    .text.USBD_LL_PrepareReceive  usbd_conf.o
    0x08003c72   0x08003c72   0x00000052   Code   RO         2398    .text.USBD_LL_Reset  usbd_core.o
    0x08003cc4   0x08003cc4   0x00000014   Code   RO         2404    .text.USBD_LL_Resume  usbd_core.o
    0x08003cd8   0x08003cd8   0x0000001c   Code   RO         2406    .text.USBD_LL_SOF   usbd_core.o
    0x08003cf4   0x08003cf4   0x00000006   Code   RO         2400    .text.USBD_LL_SetSpeed  usbd_core.o
    0x08003cfa   0x08003cfa   0x00000012   Code   RO         2356    .text.USBD_LL_SetUSBAddress  usbd_conf.o
    0x08003d0c   0x08003d0c   0x0000005c   Code   RO         2392    .text.USBD_LL_SetupStage  usbd_core.o
    0x08003d68   0x08003d68   0x00000012   Code   RO         2350    .text.USBD_LL_StallEP  usbd_conf.o
    0x08003d7a   0x08003d7a   0x00000012   Code   RO         2340    .text.USBD_LL_Start  usbd_conf.o
    0x08003d8c   0x08003d8c   0x00000012   Code   RO         2402    .text.USBD_LL_Suspend  usbd_core.o
    0x08003d9e   0x08003d9e   0x00000012   Code   RO         2358    .text.USBD_LL_Transmit  usbd_conf.o
    0x08003db0   0x08003db0   0x00000016   Code   RO         2433    .text.USBD_ParseSetupRequest  usbd_ctlreq.o
    0x08003dc6   0x08003dc6   0x00000028   Code   RO         2380    .text.USBD_RegisterClass  usbd_core.o
    0x08003dee   0x08003dee   0x00000012   Code   RO         2388    .text.USBD_SetClassConfig  usbd_core.o
    0x08003e00   0x08003e00   0x00000004   Code   RO         2382    .text.USBD_Start    usbd_core.o
    0x08003e04   0x08003e04   0x000002b8   Code   RO         2425    .text.USBD_StdDevReq  usbd_ctlreq.o
    0x080040bc   0x080040bc   0x00000158   Code   RO         2431    .text.USBD_StdEPReq  usbd_ctlreq.o
    0x08004214   0x08004214   0x0000004c   Code   RO         2429    .text.USBD_StdItfReq  usbd_ctlreq.o
    0x08004260   0x08004260   0x0000008c   Code   RO          376    .text.USB_ActivateEndpoint  stm32f4xx_ll_usb.o
    0x080042ec   0x080042ec   0x0000001e   Code   RO          418    .text.USB_ActivateSetup  stm32f4xx_ll_usb.o
    0x0800430a   0x0800430a   0x00000002   PAD
    0x0800430c   0x0800430c   0x00000078   Code   RO          354    .text.USB_CoreInit  stm32f4xx_ll_usb.o
    0x08004384   0x08004384   0x0000003c   Code   RO          356    .text.USB_CoreReset  stm32f4xx_ll_usb.o
    0x080043c0   0x080043c0   0x0000008c   Code   RO          380    .text.USB_DeactivateEndpoint  stm32f4xx_ll_usb.o
    0x0800444c   0x0800444c   0x0000001c   Code   RO          400    .text.USB_DevConnect  stm32f4xx_ll_usb.o
    0x08004468   0x08004468   0x0000001c   Code   RO          402    .text.USB_DevDisconnect  stm32f4xx_ll_usb.o
    0x08004484   0x08004484   0x00000194   Code   RO          366    .text.USB_DevInit   stm32f4xx_ll_usb.o
    0x08004618   0x08004618   0x0000000c   Code   RO          362    .text.USB_DisableGlobalInt  stm32f4xx_ll_usb.o
    0x08004624   0x08004624   0x000000f0   Code   RO          388    .text.USB_EP0StartXfer  stm32f4xx_ll_usb.o
    0x08004714   0x08004714   0x00000058   Code   RO          420    .text.USB_EP0_OutStart  stm32f4xx_ll_usb.o
    0x0800476c   0x0800476c   0x00000030   Code   RO          394    .text.USB_EPClearStall  stm32f4xx_ll_usb.o
    0x0800479c   0x0800479c   0x00000036   Code   RO          392    .text.USB_EPSetStall  stm32f4xx_ll_usb.o
    0x080047d2   0x080047d2   0x00000002   PAD
    0x080047d4   0x080047d4   0x00000174   Code   RO          384    .text.USB_EPStartXfer  stm32f4xx_ll_usb.o
    0x08004948   0x08004948   0x0000000c   Code   RO          360    .text.USB_EnableGlobalInt  stm32f4xx_ll_usb.o
    0x08004954   0x08004954   0x00000020   Code   RO          372    .text.USB_FlushRxFifo  stm32f4xx_ll_usb.o
    0x08004974   0x08004974   0x00000028   Code   RO          370    .text.USB_FlushTxFifo  stm32f4xx_ll_usb.o
    0x0800499c   0x0800499c   0x0000001c   Code   RO          374    .text.USB_GetDevSpeed  stm32f4xx_ll_usb.o
    0x080049b8   0x080049b8   0x00000008   Code   RO          416    .text.USB_GetMode   stm32f4xx_ll_usb.o
    0x080049c0   0x080049c0   0x0000000e   Code   RO          408    .text.USB_ReadDevAllInEpInterrupt  stm32f4xx_ll_usb.o
    0x080049ce   0x080049ce   0x0000000e   Code   RO          406    .text.USB_ReadDevAllOutEpInterrupt  stm32f4xx_ll_usb.o
    0x080049dc   0x080049dc   0x00000024   Code   RO          412    .text.USB_ReadDevInEPInterrupt  stm32f4xx_ll_usb.o
    0x08004a00   0x08004a00   0x00000010   Code   RO          410    .text.USB_ReadDevOutEPInterrupt  stm32f4xx_ll_usb.o
    0x08004a10   0x08004a10   0x00000008   Code   RO          404    .text.USB_ReadInterrupts  stm32f4xx_ll_usb.o
    0x08004a18   0x08004a18   0x0000001c   Code   RO          390    .text.USB_ReadPacket  stm32f4xx_ll_usb.o
    0x08004a34   0x08004a34   0x0000002e   Code   RO          364    .text.USB_SetCurrentMode  stm32f4xx_ll_usb.o
    0x08004a62   0x08004a62   0x00000020   Code   RO          398    .text.USB_SetDevAddress  stm32f4xx_ll_usb.o
    0x08004a82   0x08004a82   0x00000002   PAD
    0x08004a84   0x08004a84   0x000000f0   Code   RO          358    .text.USB_SetTurnaroundTime  stm32f4xx_ll_usb.o
    0x08004b74   0x08004b74   0x0000002a   Code   RO          386    .text.USB_WritePacket  stm32f4xx_ll_usb.o
    0x08004b9e   0x08004b9e   0x00000002   Code   RO          212    .text.UsageFault_Handler  stm32f4xx_it.o
    0x08004ba0   0x08004ba0   0x00000052   Code   RO           11    .text.main          main.o
    0x08004bf2   0x08004bf2   0x00000010   Code   RO         2087    .text.osDelay       cmsis_os.o
    0x08004c02   0x08004c02   0x0000000a   Code   RO         2069    .text.osKernelStart  cmsis_os.o
    0x08004c0c   0x08004c0c   0x00000058   Code   RO         2075    .text.osThreadCreate  cmsis_os.o
    0x08004c64   0x08004c64   0x00000068   Code   RO         1978    .text.prvAddCurrentTaskToDelayedList  tasks.o
    0x08004ccc   0x08004ccc   0x000000bc   Code   RO         1964    .text.prvAddNewTaskToReadyList  tasks.o
    0x08004d88   0x08004d88   0x00000036   Code   RO         1970    .text.prvDeleteTCB  tasks.o
    0x08004dbe   0x08004dbe   0x00000002   PAD
    0x08004dc0   0x08004dc0   0x00000054   Code   RO         2000    .text.prvIdleTask   tasks.o
    0x08004e14   0x08004e14   0x0000008a   Code   RO         1962    .text.prvInitialiseNewTask  tasks.o
    0x08004e9e   0x08004e9e   0x00000002   PAD
    0x08004ea0   0x08004ea0   0x00000050   Code   RO         2186    .text.prvInsertBlockIntoFreeList  heap_4.o
    0x08004ef0   0x08004ef0   0x00000028   Code   RO         2219    .text.prvPortStartFirstTask  port.o
    0x08004f18   0x08004f18   0x00000020   Code   RO         1972    .text.prvResetNextTaskUnblockTime  tasks.o
    0x08004f38   0x08004f38   0x0000002c   Code   RO         2209    .text.prvTaskExitError  port.o
    0x08004f64   0x08004f64   0x00000130   Code   RO         2184    .text.pvPortMalloc  heap_4.o
    0x08005094   0x08005094   0x00000024   Code   RO         2207    .text.pxPortInitialiseStack  port.o
    0x080050b8   0x080050b8   0x00000022   Code   RO         1832    .text.uxListRemove  list.o
    0x080050da   0x080050da   0x00000002   PAD
    0x080050dc   0x080050dc   0x00000018   Code   RO           38    .text.vApplicationGetIdleTaskMemory  freertos.o
    0x080050f4   0x080050f4   0x00000016   Code   RO         1824    .text.vListInitialise  list.o
    0x0800510a   0x0800510a   0x00000006   Code   RO         1826    .text.vListInitialiseItem  list.o
    0x08005110   0x08005110   0x0000003a   Code   RO         1830    .text.vListInsert   list.o
    0x0800514a   0x0800514a   0x00000018   Code   RO         1828    .text.vListInsertEnd  list.o
    0x08005162   0x08005162   0x00000002   PAD
    0x08005164   0x08005164   0x00000014   Code   RO         2217    .text.vPortEnableVFP  port.o
    0x08005178   0x08005178   0x00000038   Code   RO         2223    .text.vPortEnterCritical  port.o
    0x080051b0   0x080051b0   0x0000002c   Code   RO         2225    .text.vPortExitCritical  port.o
    0x080051dc   0x080051dc   0x00000070   Code   RO         2188    .text.vPortFree     heap_4.o
    0x0800524c   0x0800524c   0x00000028   Code   RO         2215    .text.vPortSetupTimerInterrupt  port.o
    0x08005274   0x08005274   0x0000004c   Code   RO         1974    .text.vTaskDelay    tasks.o
    0x080052c0   0x080052c0   0x00000064   Code   RO         1998    .text.vTaskStartScheduler  tasks.o
    0x08005324   0x08005324   0x0000000c   Code   RO         1976    .text.vTaskSuspendAll  tasks.o
    0x08005330   0x08005330   0x00000058   Code   RO         1990    .text.vTaskSwitchContext  tasks.o
    0x08005388   0x08005388   0x000000e8   Code   RO         2213    .text.xPortStartScheduler  port.o
    0x08005470   0x08005470   0x0000002c   Code   RO         2229    .text.xPortSysTickHandler  port.o
    0x0800549c   0x0800549c   0x00000058   Code   RO         1966    .text.xTaskCreate   tasks.o
    0x080054f4   0x080054f4   0x00000072   Code   RO         1960    .text.xTaskCreateStatic  tasks.o
    0x08005566   0x08005566   0x00000002   PAD
    0x08005568   0x08005568   0x00000018   Code   RO         2032    .text.xTaskGetSchedulerState  tasks.o
    0x08005580   0x08005580   0x000000dc   Code   RO         2004    .text.xTaskIncrementTick  tasks.o
    0x0800565c   0x0800565c   0x000000c8   Code   RO         1980    .text.xTaskResumeAll  tasks.o
    0x08005724   0x08005724   0x0000000e   Code   RO         2576    i.__scatterload_copy  mc_w.l(handlers.o)
    0x08005732   0x08005732   0x00000002   Code   RO         2577    i.__scatterload_null  mc_w.l(handlers.o)
    0x08005734   0x08005734   0x0000000e   Code   RO         2578    i.__scatterload_zeroinit  mc_w.l(handlers.o)
    0x08005742   0x08005742   0x00000002   PAD
    0x08005744   0x08005744   0x00000050   Code   RO         2524    i.free              mc_w.l(malloc.o)
    0x08005794   0x08005794   0x0000006c   Code   RO         2525    i.malloc            mc_w.l(malloc.o)
    0x08005800   0x08005800   0x0000001c   Data   RO           47    .rodata..L__const.MX_FREERTOS_Init.os_thread_def_defaultTask  freertos.o
    0x0800581c   0x0800581c   0x00000010   Data   RO         1783    .rodata.AHBPrescTable  system_stm32f4xx.o
    0x0800582c   0x0800582c   0x00000008   Data   RO         1784    .rodata.APBPrescTable  system_stm32f4xx.o
    0x08005834   0x08005834   0x0000000c   Data   RO           46    .rodata.str1.1      freertos.o
    0x08005840   0x08005840   0x00000020   Data   RO         2575    Region$$Table       anon$$obj.o


    Execution Region RW_IRAM2 (Exec base: 0x10000000, Load base: 0x08005928, Size: 0x00000000, Max: 0x00010000, ABSOLUTE)

    **** No section assigned to this execution region ****


    Execution Region RW_IRAM1 (Exec base: 0x20000000, Load base: 0x08005860, Size: 0x000066f0, Max: 0x00030000, ABSOLUTE, COMPRESSED[0x000000c8])

    Exec Addr    Load Addr    Size         Type   Attr      Idx    E Section Name        Object

    0x20000000   COMPRESSED   0x00000004   Data   RW         2570    .data               mc_w.l(mvars.o)
    0x20000004   COMPRESSED   0x00000004   Data   RW         2571    .data               mc_w.l(mvars.o)
    0x20000008   COMPRESSED   0x00000008   Data   RW          853    .data..L_MergedGlobals  stm32f4xx_hal.o
    0x20000010   COMPRESSED   0x0000001c   Data   RW         2270    .data.FS_Desc       usbd_desc.o
    0x2000002c   COMPRESSED   0x00000004   Data   RW         1782    .data.SystemCoreClock  system_stm32f4xx.o
    0x20000030   COMPRESSED   0x00000038   Data   RW         2500    .data.USBD_CDC      usbd_cdc.o
    0x20000068   COMPRESSED   0x00000043   Data   RW         2502    .data.USBD_CDC_CfgFSDesc  usbd_cdc.o
    0x200000ab   COMPRESSED   0x00000001   PAD
    0x200000ac   COMPRESSED   0x00000043   Data   RW         2503    .data.USBD_CDC_CfgHSDesc  usbd_cdc.o
    0x200000ef   COMPRESSED   0x00000001   PAD
    0x200000f0   COMPRESSED   0x0000000a   Data   RW         2501    .data.USBD_CDC_DeviceQualifierDesc  usbd_cdc.o
    0x200000fa   COMPRESSED   0x00000002   PAD
    0x200000fc   COMPRESSED   0x00000043   Data   RW         2504    .data.USBD_CDC_OtherSpeedCfgDesc  usbd_cdc.o
    0x2000013f   COMPRESSED   0x00000001   PAD
    0x20000140   COMPRESSED   0x00000012   Data   RW         2271    .data.USBD_FS_DeviceDesc  usbd_desc.o
    0x20000152   COMPRESSED   0x00000002   PAD
    0x20000154   COMPRESSED   0x00000014   Data   RW         2296    .data.USBD_Interface_fops_FS  usbd_cdc_if.o
    0x20000168   COMPRESSED   0x00000004   Data   RW         2272    .data.USBD_LangIDDesc  usbd_desc.o
    0x2000016c   COMPRESSED   0x0000001a   Data   RW         2273    .data.USBD_StringSerial  usbd_desc.o
    0x20000186   COMPRESSED   0x00000002   PAD
    0x20000188   COMPRESSED   0x00000004   Data   RW         2233    .data.uxCriticalNesting  port.o
    0x2000018c   COMPRESSED   0x00000004   PAD
    0x20000190        -       0x00000078   Zero   RW         2057    .bss..L_MergedGlobals  tasks.o
    0x20000208        -       0x00000018   Zero   RW         2197    .bss..L_MergedGlobals  heap_4.o
    0x20000220        -       0x00000008   Zero   RW         2234    .bss..L_MergedGlobals  port.o
    0x20000228        -       0x00000028   Zero   RW         2058    .bss..L_MergedGlobals.1  tasks.o
    0x20000250        -       0x00000004   Zero   RW           84    .bss.HAL_RCC_CAN1_CLK_ENABLED  can.o
    0x20000254        -       0x00000001   Zero   RW         2437    .bss.USBD_SetConfig.cfgidx  usbd_ctlreq.o
    0x20000255   COMPRESSED   0x00000003   PAD
    0x20000258        -       0x00000200   Zero   RW         2274    .bss.USBD_StrDesc   usbd_desc.o
    0x20000458        -       0x00000800   Zero   RW         2297    .bss.UserRxBufferFS  usbd_cdc_if.o
    0x20000c58        -       0x00000800   Zero   RW         2298    .bss.UserTxBufferFS  usbd_cdc_if.o
    0x20001458        -       0x00000004   Zero   RW           48    .bss.defaultTaskHandle  freertos.o
    0x2000145c        -       0x000002d0   Zero   RW         2246    .bss.hUsbDeviceFS   usb_device.o
    0x2000172c        -       0x00000048   Zero   RW           64    .bss.hadc1          adc.o
    0x20001774        -       0x00000038   Zero   RW           82    .bss.hcan1          can.o
    0x200017ac        -       0x00000038   Zero   RW           83    .bss.hcan2          can.o
    0x200017e4        -       0x00000064   Zero   RW          137    .bss.hdma_spi5_rx   spi.o
    0x20001848        -       0x00000064   Zero   RW          138    .bss.hdma_spi5_tx   spi.o
    0x200018ac        -       0x00000064   Zero   RW          189    .bss.hdma_uart8_rx  usart.o
    0x20001910        -       0x00000064   Zero   RW          190    .bss.hdma_usart1_rx  usart.o
    0x20001974        -       0x00000064   Zero   RW          191    .bss.hdma_usart3_rx  usart.o
    0x200019d8        -       0x00000064   Zero   RW          192    .bss.hdma_usart3_tx  usart.o
    0x20001a3c        -       0x00000064   Zero   RW          193    .bss.hdma_usart6_rx  usart.o
    0x20001aa0        -       0x00000064   Zero   RW          194    .bss.hdma_usart6_tx  usart.o
    0x20001b04        -       0x0000005c   Zero   RW          110    .bss.hi2c2          i2c.o
    0x20001b60        -       0x0000000c   Zero   RW          122    .bss.hiwdg          iwdg.o
    0x20001b6c        -       0x0000040c   Zero   RW         2366    .bss.hpcd_USB_OTG_FS  usbd_conf.o
    0x20001f78        -       0x0000005c   Zero   RW          136    .bss.hspi5          spi.o
    0x20001fd4        -       0x00000044   Zero   RW          158    .bss.htim1          tim.o
    0x20002018        -       0x00000044   Zero   RW          160    .bss.htim10         tim.o
    0x2000205c        -       0x00000044   Zero   RW          159    .bss.htim6          tim.o
    0x200020a0        -       0x00000048   Zero   RW          186    .bss.huart1         usart.o
    0x200020e8        -       0x00000048   Zero   RW          187    .bss.huart3         usart.o
    0x20002130        -       0x00000048   Zero   RW          188    .bss.huart6         usart.o
    0x20002178        -       0x00000048   Zero   RW          184    .bss.huart7         usart.o
    0x200021c0        -       0x00000048   Zero   RW          185    .bss.huart8         usart.o
    0x20002208        -       0x0000008c   Zero   RW         2056    .bss.pxReadyTasksLists  tasks.o
    0x20002294        -       0x00003c00   Zero   RW         2196    .bss.ucHeap         heap_4.o
    0x20005e94        -       0x00000004   Zero   RW          852    .bss.uwTick         stm32f4xx_hal.o
    0x20005e98        -       0x00000200   Zero   RW           45    .bss.xIdleStack     freertos.o
    0x20006098        -       0x00000054   Zero   RW           44    .bss.xIdleTaskTCBBuffer  freertos.o
    0x200060ec   COMPRESSED   0x00000004   PAD
    0x200060f0        -       0x00000200   Zero   RW            2    HEAP                startup_stm32f427xx.o
    0x200062f0        -       0x00000400   Zero   RW            1    STACK               startup_stm32f427xx.o


==============================================================================

Image component sizes


      Code (inc. data)   RO Data    RW Data    ZI Data      Debug   Object Name

       188         16          0          0         72       4939   adc.o
       356         36          0          0        116       4594   can.o
       114          0          0          0          0      18446   cmsis_os.o
       164         12          0          0          0       3484   dma.o
        76         16         40          0        600       2708   freertos.o
       220          8          0          0          0       2260   gpio.o
       496          8          0          0      15384       3530   heap_4.o
       200         20          0          0         92       5175   i2c.o
        44          8          0          0         12       1085   iwdg.o
       144          0          0          0          0       2111   list.o
       258          8          0          0          0       2810   main.o
       692         60          0          4          8       3866   port.o
       360         24          0          0        292       7144   spi.o
        36          8        428          0       1536        812   startup_stm32f427xx.o
       180         20          0          8          4       7683   stm32f4xx_hal.o
       584         28          0          0          0       9845   stm32f4xx_hal_adc.o
       238          0          0          0          0      12173   stm32f4xx_hal_can.o
       184         24          0          0          0       9869   stm32f4xx_hal_cortex.o
       724         20          0          0          0       8310   stm32f4xx_hal_dma.o
       422         24          0          0          0       4890   stm32f4xx_hal_gpio.o
       380         20          0          0          0      36319   stm32f4xx_hal_i2c.o
       112          0          0          0          0       3963   stm32f4xx_hal_i2c_ex.o
        72          0          0          0          0       1519   stm32f4xx_hal_iwdg.o
        64          4          0          0          0       3489   stm32f4xx_hal_msp.o
      2476          4          0          0          0      13800   stm32f4xx_hal_pcd.o
        90          0          0          0          0       4144   stm32f4xx_hal_pcd_ex.o
      1228         48          0          0          0       7170   stm32f4xx_hal_rcc.o
       392          4          0          0          0      19182   stm32f4xx_hal_spi.o
       582         44          0          0          0      35397   stm32f4xx_hal_tim.o
       136         24          0          0          0      13692   stm32f4xx_hal_tim_ex.o
       824          8          0          0          0      15972   stm32f4xx_hal_uart.o
       192         52          0          0          0       2242   stm32f4xx_it.o
      2360        116          0          0          0      19428   stm32f4xx_ll_usb.o
        28          4         24          4          0       2592   system_stm32f4xx.o
      1522         52          0          0        300      22661   tasks.o
       336         40          0          0        204       5279   tim.o
      1116         92          0          0        960       8385   usart.o
        84         16          0          0        720       2950   usb_device.o
       722         20          0        267          0       9640   usbd_cdc.o
        76         12          0         20       4096       2625   usbd_cdc_if.o
       640         32          0          0       1036      14588   usbd_conf.o
       680          0          0          0          0       6939   usbd_core.o
      1246         38          0          0          1       7723   usbd_ctlreq.o
       302        104          0         76        512       3190   usbd_desc.o
       128          0          0          0          0       4243   usbd_ioreq.o

    ----------------------------------------------------------------------
     21506       1074        524        388      25956     382866   Object Totals
         0          0         32          0          0          0   (incl. Generated)
        38          0          0          9         11          0   (incl. Padding)

    ----------------------------------------------------------------------

      Code (inc. data)   RO Data    RW Data    ZI Data      Debug   Library Member Name

        86          0          0          0          0          0   __dczerorl2.o
         0          0          0          0          0          0   entry.o
         0          0          0          0          0          0   entry10a.o
         0          0          0          0          0          0   entry11a.o
         8          4          0          0          0          0   entry2.o
         4          0          0          0          0          0   entry5.o
         0          0          0          0          0          0   entry7b.o
         0          0          0          0          0          0   entry8b.o
         8          4          0          0          0          0   entry9a.o
        30          0          0          0          0          0   handlers.o
        36          8          0          0          0         68   init.o
        30          0          0          0          0         68   llshl.o
        32          0          0          0          0         68   llushr.o
       188         20          0          0          0        160   malloc.o
        36          0          0          0          0         68   memcpya.o
        36          0          0          0          0        108   memseta.o
         0          0          0          8          0          0   mvars.o
        98          0          0          0          0         92   uldiv.o

    ----------------------------------------------------------------------
       594         36          0          8          0        632   Library Totals
         2          0          0          0          0          0   (incl. Padding)

    ----------------------------------------------------------------------

      Code (inc. data)   RO Data    RW Data    ZI Data      Debug   Library Name

       592         36          0          8          0        632   mc_w.l

    ----------------------------------------------------------------------
       594         36          0          8          0        632   Library Totals

    ----------------------------------------------------------------------

==============================================================================


      Code (inc. data)   RO Data    RW Data    ZI Data      Debug   

     22100       1110        524        396      25956     382834   Grand Totals
     22100       1110        524        200      25956     382834   ELF Image Totals (compressed)
     22100       1110        524        200          0          0   ROM Totals

==============================================================================

    Total RO  Size (Code + RO Data)                22624 (  22.09kB)
    Total RW  Size (RW Data + ZI Data)             26352 (  25.73kB)
    Total ROM Size (Code + RO Data + RW Data)      22824 (  22.29kB)

==============================================================================

