Archive member included to satisfy reference by file (symbol)

e:/softwares/gcc-arm-none-eabo-9-2019-q4/bin/../lib/gcc/arm-none-eabi/9.2.1/thumb/v7e-m+fp/hard\libgcc.a(_aeabi_uldivmod.o)
                              CMakeFiles/FreeRTOS-Frame.elf.dir/Drivers/STM32F4xx_HAL_Driver/Src/stm32f4xx_hal_rcc.c.obj (__aeabi_uldivmod)
e:/softwares/gcc-arm-none-eabo-9-2019-q4/bin/../lib/gcc/arm-none-eabi/9.2.1/thumb/v7e-m+fp/hard\libgcc.a(_udivmoddi4.o)
                              e:/softwares/gcc-arm-none-eabo-9-2019-q4/bin/../lib/gcc/arm-none-eabi/9.2.1/thumb/v7e-m+fp/hard\libgcc.a(_aeabi_uldivmod.o) (__udivmoddi4)
e:/softwares/gcc-arm-none-eabo-9-2019-q4/bin/../lib/gcc/arm-none-eabi/9.2.1/thumb/v7e-m+fp/hard\libgcc.a(_dvmd_tls.o)
                              e:/softwares/gcc-arm-none-eabo-9-2019-q4/bin/../lib/gcc/arm-none-eabi/9.2.1/thumb/v7e-m+fp/hard\libgcc.a(_aeabi_uldivmod.o) (__aeabi_ldiv0)
e:/softwares/gcc-arm-none-eabo-9-2019-q4/bin/../lib/gcc/arm-none-eabi/9.2.1/../../../../arm-none-eabi/lib/thumb/v7e-m+fp/hard\libg.a(lib_a-errno.o)
                              CMakeFiles/FreeRTOS-Frame.elf.dir/Core/Src/syscalls.c.obj (__errno)
e:/softwares/gcc-arm-none-eabo-9-2019-q4/bin/../lib/gcc/arm-none-eabi/9.2.1/../../../../arm-none-eabi/lib/thumb/v7e-m+fp/hard\libg.a(lib_a-exit.o)
                              e:/softwares/gcc-arm-none-eabo-9-2019-q4/bin/../lib/gcc/arm-none-eabi/9.2.1/../../../../arm-none-eabi/lib/thumb/v7e-m+fp/hard/crt0.o (exit)
e:/softwares/gcc-arm-none-eabo-9-2019-q4/bin/../lib/gcc/arm-none-eabi/9.2.1/../../../../arm-none-eabi/lib/thumb/v7e-m+fp/hard\libg.a(lib_a-impure.o)
                              e:/softwares/gcc-arm-none-eabo-9-2019-q4/bin/../lib/gcc/arm-none-eabi/9.2.1/../../../../arm-none-eabi/lib/thumb/v7e-m+fp/hard\libg.a(lib_a-exit.o) (_global_impure_ptr)
e:/softwares/gcc-arm-none-eabo-9-2019-q4/bin/../lib/gcc/arm-none-eabi/9.2.1/../../../../arm-none-eabi/lib/thumb/v7e-m+fp/hard\libg.a(lib_a-init.o)
                              e:/softwares/gcc-arm-none-eabo-9-2019-q4/bin/../lib/gcc/arm-none-eabi/9.2.1/../../../../arm-none-eabi/lib/thumb/v7e-m+fp/hard/crt0.o (__libc_init_array)
e:/softwares/gcc-arm-none-eabo-9-2019-q4/bin/../lib/gcc/arm-none-eabi/9.2.1/../../../../arm-none-eabi/lib/thumb/v7e-m+fp/hard\libg.a(lib_a-malloc.o)
                              CMakeFiles/FreeRTOS-Frame.elf.dir/Middlewares/ST/STM32_USB_Device_Library/Class/CDC/Src/usbd_cdc.c.obj (malloc)
e:/softwares/gcc-arm-none-eabo-9-2019-q4/bin/../lib/gcc/arm-none-eabi/9.2.1/../../../../arm-none-eabi/lib/thumb/v7e-m+fp/hard\libg.a(lib_a-mallocr.o)
                              e:/softwares/gcc-arm-none-eabo-9-2019-q4/bin/../lib/gcc/arm-none-eabi/9.2.1/../../../../arm-none-eabi/lib/thumb/v7e-m+fp/hard\libg.a(lib_a-malloc.o) (_malloc_r)
e:/softwares/gcc-arm-none-eabo-9-2019-q4/bin/../lib/gcc/arm-none-eabi/9.2.1/../../../../arm-none-eabi/lib/thumb/v7e-m+fp/hard\libg.a(lib_a-memcpy.o)
                              CMakeFiles/FreeRTOS-Frame.elf.dir/Middlewares/Third_Party/FreeRTOS/Source/queue.c.obj (memcpy)
e:/softwares/gcc-arm-none-eabo-9-2019-q4/bin/../lib/gcc/arm-none-eabi/9.2.1/../../../../arm-none-eabi/lib/thumb/v7e-m+fp/hard\libg.a(lib_a-memset.o)
                              e:/softwares/gcc-arm-none-eabo-9-2019-q4/bin/../lib/gcc/arm-none-eabi/9.2.1/../../../../arm-none-eabi/lib/thumb/v7e-m+fp/hard/crt0.o (memset)
e:/softwares/gcc-arm-none-eabo-9-2019-q4/bin/../lib/gcc/arm-none-eabi/9.2.1/../../../../arm-none-eabi/lib/thumb/v7e-m+fp/hard\libg.a(lib_a-mlock.o)
                              e:/softwares/gcc-arm-none-eabo-9-2019-q4/bin/../lib/gcc/arm-none-eabi/9.2.1/../../../../arm-none-eabi/lib/thumb/v7e-m+fp/hard\libg.a(lib_a-mallocr.o) (__malloc_lock)
e:/softwares/gcc-arm-none-eabo-9-2019-q4/bin/../lib/gcc/arm-none-eabi/9.2.1/../../../../arm-none-eabi/lib/thumb/v7e-m+fp/hard\libg.a(lib_a-sbrkr.o)
                              e:/softwares/gcc-arm-none-eabo-9-2019-q4/bin/../lib/gcc/arm-none-eabi/9.2.1/../../../../arm-none-eabi/lib/thumb/v7e-m+fp/hard\libg.a(lib_a-mallocr.o) (_sbrk_r)
e:/softwares/gcc-arm-none-eabo-9-2019-q4/bin/../lib/gcc/arm-none-eabi/9.2.1/../../../../arm-none-eabi/lib/thumb/v7e-m+fp/hard\libg.a(lib_a-__call_atexit.o)
                              e:/softwares/gcc-arm-none-eabo-9-2019-q4/bin/../lib/gcc/arm-none-eabi/9.2.1/../../../../arm-none-eabi/lib/thumb/v7e-m+fp/hard\libg.a(lib_a-exit.o) (__call_exitprocs)
e:/softwares/gcc-arm-none-eabo-9-2019-q4/bin/../lib/gcc/arm-none-eabi/9.2.1/../../../../arm-none-eabi/lib/thumb/v7e-m+fp/hard\libg.a(lib_a-atexit.o)
                              e:/softwares/gcc-arm-none-eabo-9-2019-q4/bin/../lib/gcc/arm-none-eabi/9.2.1/../../../../arm-none-eabi/lib/thumb/v7e-m+fp/hard\libg.a(lib_a-__call_atexit.o) (atexit)
e:/softwares/gcc-arm-none-eabo-9-2019-q4/bin/../lib/gcc/arm-none-eabi/9.2.1/../../../../arm-none-eabi/lib/thumb/v7e-m+fp/hard\libg.a(lib_a-fini.o)
[...]
Memory Configuration

Name             Origin             Length             Attributes
RAM              0x20000000         0x00030000         xrw
CCMRAM           0x10000000         0x00010000         xrw
FLASH            0x08000000         0x00200000         xr
*default*        0x00000000         0xffffffff

Linker script and memory map

LOAD e:/softwares/gcc-arm-none-eabo-9-2019-q4/bin/../lib/gcc/arm-none-eabi/9.2.1/thumb/v7e-m+fp/hard/crti.o
LOAD e:/softwares/gcc-arm-none-eabo-9-2019-q4/bin/../lib/gcc/arm-none-eabi/9.2.1/thumb/v7e-m+fp/hard/crtbegin.o
LOAD e:/softwares/gcc-arm-none-eabo-9-2019-q4/bin/../lib/gcc/arm-none-eabi/9.2.1/../../../../arm-none-eabi/lib/thumb/v7e-m+fp/hard/crt0.o
LOAD CMakeFiles/FreeRTOS-Frame.elf.dir/Core/Src/adc.c.obj
LOAD CMakeFiles/FreeRTOS-Frame.elf.dir/Core/Src/can.c.obj
LOAD CMakeFiles/FreeRTOS-Frame.elf.dir/Core/Src/dma.c.obj
LOAD CMakeFiles/FreeRTOS-Frame.elf.dir/Core/Src/freertos.c.obj
LOAD CMakeFiles/FreeRTOS-Frame.elf.dir/Core/Src/gpio.c.obj
LOAD CMakeFiles/FreeRTOS-Frame.elf.dir/Core/Src/i2c.c.obj
LOAD CMakeFiles/FreeRTOS-Frame.elf.dir/Core/Src/iwdg.c.obj
LOAD CMakeFiles/FreeRTOS-Frame.elf.dir/Core/Src/main.c.obj
LOAD CMakeFiles/FreeRTOS-Frame.elf.dir/Core/Src/spi.c.obj
LOAD CMakeFiles/FreeRTOS-Frame.elf.dir/Core/Src/stm32f4xx_hal_msp.c.obj
LOAD CMakeFiles/FreeRTOS-Frame.elf.dir/Core/Src/stm32f4xx_it.c.obj
LOAD CMakeFiles/FreeRTOS-Frame.elf.dir/Core/Src/syscalls.c.obj
LOAD CMakeFiles/FreeRTOS-Frame.elf.dir/Core/Src/system_stm32f4xx.c.obj
LOAD CMakeFiles/FreeRTOS-Frame.elf.dir/Core/Src/tim.c.obj
LOAD CMakeFiles/FreeRTOS-Frame.elf.dir/Core/Src/usart.c.obj
LOAD CMakeFiles/FreeRTOS-Frame.elf.dir/Drivers/STM32F4xx_HAL_Driver/Src/stm32f4xx_hal.c.obj
LOAD CMakeFiles/FreeRTOS-Frame.elf.dir/Drivers/STM32F4xx_HAL_Driver/Src/stm32f4xx_hal_adc.c.obj
LOAD CMakeFiles/FreeRTOS-Frame.elf.dir/Drivers/STM32F4xx_HAL_Driver/Src/stm32f4xx_hal_adc_ex.c.obj
LOAD CMakeFiles/FreeRTOS-Frame.elf.dir/Drivers/STM32F4xx_HAL_Driver/Src/stm32f4xx_hal_can.c.obj
LOAD CMakeFiles/FreeRTOS-Frame.elf.dir/Drivers/STM32F4xx_HAL_Driver/Src/stm32f4xx_hal_cortex.c.obj
LOAD CMakeFiles/FreeRTOS-Frame.elf.dir/Drivers/STM32F4xx_HAL_Driver/Src/stm32f4xx_hal_dma.c.obj
LOAD CMakeFiles/FreeRTOS-Frame.elf.dir/Drivers/STM32F4xx_HAL_Driver/Src/stm32f4xx_hal_dma_ex.c.obj
LOAD CMakeFiles/FreeRTOS-Frame.elf.dir/Drivers/STM32F4xx_HAL_Driver/Src/stm32f4xx_hal_exti.c.obj
LOAD CMakeFiles/FreeRTOS-Frame.elf.dir/Drivers/STM32F4xx_HAL_Driver/Src/stm32f4xx_hal_flash.c.obj
LOAD CMakeFiles/FreeRTOS-Frame.elf.dir/Drivers/STM32F4xx_HAL_Driver/Src/stm32f4xx_hal_flash_ex.c.obj
LOAD CMakeFiles/FreeRTOS-Frame.elf.dir/Drivers/STM32F4xx_HAL_Driver/Src/stm32f4xx_hal_flash_ramfunc.c.obj
LOAD CMakeFiles/FreeRTOS-Frame.elf.dir/Drivers/STM32F4xx_HAL_Driver/Src/stm32f4xx_hal_gpio.c.obj
LOAD CMakeFiles/FreeRTOS-Frame.elf.dir/Drivers/STM32F4xx_HAL_Driver/Src/stm32f4xx_hal_i2c.c.obj
LOAD CMakeFiles/FreeRTOS-Frame.elf.dir/Drivers/STM32F4xx_HAL_Driver/Src/stm32f4xx_hal_i2c_ex.c.obj
LOAD CMakeFiles/FreeRTOS-Frame.elf.dir/Drivers/STM32F4xx_HAL_Driver/Src/stm32f4xx_hal_iwdg.c.obj
LOAD CMakeFiles/FreeRTOS-Frame.elf.dir/Drivers/STM32F4xx_HAL_Driver/Src/stm32f4xx_hal_pcd.c.obj
LOAD CMakeFiles/FreeRTOS-Frame.elf.dir/Drivers/STM32F4xx_HAL_Driver/Src/stm32f4xx_hal_pcd_ex.c.obj
LOAD CMakeFiles/FreeRTOS-Frame.elf.dir/Drivers/STM32F4xx_HAL_Driver/Src/stm32f4xx_hal_pwr.c.obj
LOAD CMakeFiles/FreeRTOS-Frame.elf.dir/Drivers/STM32F4xx_HAL_Driver/Src/stm32f4xx_hal_pwr_ex.c.obj
LOAD CMakeFiles/FreeRTOS-Frame.elf.dir/Drivers/STM32F4xx_HAL_Driver/Src/stm32f4xx_hal_rcc.c.obj
LOAD CMakeFiles/FreeRTOS-Frame.elf.dir/Drivers/STM32F4xx_HAL_Driver/Src/stm32f4xx_hal_rcc_ex.c.obj
LOAD CMakeFiles/FreeRTOS-Frame.elf.dir/Drivers/STM32F4xx_HAL_Driver/Src/stm32f4xx_hal_spi.c.obj
LOAD CMakeFiles/FreeRTOS-Frame.elf.dir/Drivers/STM32F4xx_HAL_Driver/Src/stm32f4xx_hal_tim.c.obj
LOAD CMakeFiles/FreeRTOS-Frame.elf.dir/Drivers/STM32F4xx_HAL_Driver/Src/stm32f4xx_hal_tim_ex.c.obj
LOAD CMakeFiles/FreeRTOS-Frame.elf.dir/Drivers/STM32F4xx_HAL_Driver/Src/stm32f4xx_hal_uart.c.obj
LOAD CMakeFiles/FreeRTOS-Frame.elf.dir/Drivers/STM32F4xx_HAL_Driver/Src/stm32f4xx_ll_usb.c.obj
LOAD CMakeFiles/FreeRTOS-Frame.elf.dir/Middlewares/ST/STM32_USB_Device_Library/Class/CDC/Src/usbd_cdc.c.obj
LOAD CMakeFiles/FreeRTOS-Frame.elf.dir/Middlewares/ST/STM32_USB_Device_Library/Core/Src/usbd_core.c.obj
LOAD CMakeFiles/FreeRTOS-Frame.elf.dir/Middlewares/ST/STM32_USB_Device_Library/Core/Src/usbd_ctlreq.c.obj
LOAD CMakeFiles/FreeRTOS-Frame.elf.dir/Middlewares/ST/STM32_USB_Device_Library/Core/Src/usbd_ioreq.c.obj
LOAD CMakeFiles/FreeRTOS-Frame.elf.dir/Middlewares/Third_Party/FreeRTOS/Source/CMSIS_RTOS/cmsis_os.c.obj
LOAD CMakeFiles/FreeRTOS-Frame.elf.dir/Middlewares/Third_Party/FreeRTOS/Source/croutine.c.obj
LOAD CMakeFiles/FreeRTOS-Frame.elf.dir/Middlewares/Third_Party/FreeRTOS/Source/event_groups.c.obj
LOAD CMakeFiles/FreeRTOS-Frame.elf.dir/Middlewares/Third_Party/FreeRTOS/Source/list.c.obj
LOAD CMakeFiles/FreeRTOS-Frame.elf.dir/Middlewares/Third_Party/FreeRTOS/Source/portable/MemMang/heap_4.c.obj
LOAD CMakeFiles/FreeRTOS-Frame.elf.dir/Middlewares/Third_Party/FreeRTOS/Source/portable/RVDS/ARM_CM4F/port.c.obj
LOAD CMakeFiles/FreeRTOS-Frame.elf.dir/Middlewares/Third_Party/FreeRTOS/Source/queue.c.obj
LOAD CMakeFiles/FreeRTOS-Frame.elf.dir/Middlewares/Third_Party/FreeRTOS/Source/stream_buffer.c.obj
LOAD CMakeFiles/FreeRTOS-Frame.elf.dir/Middlewares/Third_Party/FreeRTOS/Source/tasks.c.obj
LOAD CMakeFiles/FreeRTOS-Frame.elf.dir/Middlewares/Third_Party/FreeRTOS/Source/timers.c.obj
LOAD CMakeFiles/FreeRTOS-Frame.elf.dir/USB_DEVICE/App/usb_device.c.obj
LOAD CMakeFiles/FreeRTOS-Frame.elf.dir/USB_DEVICE/App/usbd_cdc_if.c.obj
LOAD CMakeFiles/FreeRTOS-Frame.elf.dir/USB_DEVICE/App/usbd_desc.c.obj
LOAD CMakeFiles/FreeRTOS-Frame.elf.dir/USB_DEVICE/Target/usbd_conf.c.obj
LOAD CMakeFiles/FreeRTOS-Frame.elf.dir/startup/startup_stm32f427xx.s.obj
START GROUP
LOAD e:/softwares/gcc-arm-none-eabo-9-2019-q4/bin/../lib/gcc/arm-none-eabi/9.2.1/thumb/v7e-m+fp/hard\libgcc.a
LOAD e:/softwares/gcc-arm-none-eabo-9-2019-q4/bin/../lib/gcc/arm-none-eabi/9.2.1/../../../../arm-none-eabi/lib/thumb/v7e-m+fp/hard\libg.a
LOAD e:/softwares/gcc-arm-none-eabo-9-2019-q4/bin/../lib/gcc/arm-none-eabi/9.2.1/../../../../arm-none-eabi/lib/thumb/v7e-m+fp/hard\libc.a
END GROUP
LOAD e:/softwares/gcc-arm-none-eabo-9-2019-q4/bin/../lib/gcc/arm-none-eabi/9.2.1/thumb/v7e-m+fp/hard/crtend.o
LOAD e:/softwares/gcc-arm-none-eabo-9-2019-q4/bin/../lib/gcc/arm-none-eabi/9.2.1/thumb/v7e-m+fp/hard/crtn.o
                0x20030000                _estack = 0x20030000
                0x00000200                _Min_Heap_Size = 0x200
                0x00000400                _Min_Stack_Size = 0x400

.isr_vector     0x08000000      0x1ac
                0x08000000                . = ALIGN (0x4)
 *(.isr_vector)
 .isr_vector    0x08000000      0x1ac CMakeFiles/FreeRTOS-Frame.elf.dir/startup/startup_stm32f427xx.s.obj
                0x08000000                g_pfnVectors
                0x080001ac                . = ALIGN (0x4)

.text           0x080001b0     0x7078
                0x080001b0                . = ALIGN (0x4)
 *(.text)
 .text          0x080001b0       0x40 e:/softwares/gcc-arm-none-eabo-9-2019-q4/bin/../lib/gcc/arm-none-eabi/9.2.1/thumb/v7e-m+fp/hard/crtbegin.o
 .text          0x080001f0       0x30 e:/softwares/gcc-arm-none-eabo-9-2019-q4/bin/../lib/gcc/arm-none-eabi/9.2.1/thumb/v7e-m+fp/hard\libgcc.a(_aeabi_uldivmod.o)
                0x080001f0                __aeabi_uldivmod
 .text          0x08000220      0x2c4 e:/softwares/gcc-arm-none-eabo-9-2019-q4/bin/../lib/gcc/arm-none-eabi/9.2.1/thumb/v7e-m+fp/hard\libgcc.a(_udivmoddi4.o)
                0x08000220                __udivmoddi4
 .text          0x080004e4        0x4 e:/softwares/gcc-arm-none-eabo-9-2019-q4/bin/../lib/gcc/arm-none-eabi/9.2.1/thumb/v7e-m+fp/hard\libgcc.a(_dvmd_tls.o)
                0x080004e4                __aeabi_idiv0
                0x080004e4                __aeabi_ldiv0
 *(.text*)
 .text.MX_ADC1_Init
                0x080004e8       0x70 CMakeFiles/FreeRTOS-Frame.elf.dir/Core/Src/adc.c.obj
                0x080004e8                MX_ADC1_Init
 .text.HAL_ADC_MspInit
                0x08000558       0x6c CMakeFiles/FreeRTOS-Frame.elf.dir/Core/Src/adc.c.obj
                0x08000558                HAL_ADC_MspInit
 .text.MX_CAN1_Init
                0x080005c4       0x40 CMakeFiles/FreeRTOS-Frame.elf.dir/Core/Src/can.c.obj
                0x080005c4                MX_CAN1_Init
 .text.MX_CAN2_Init
                0x08000604       0x38 CMakeFiles/FreeRTOS-Frame.elf.dir/Core/Src/can.c.obj
                0x08000604                MX_CAN2_Init
 .text.HAL_CAN_MspInit
                0x0800063c      0x108 CMakeFiles/FreeRTOS-Frame.elf.dir/Core/Src/can.c.obj
                0x0800063c                HAL_CAN_MspInit
 .text.MX_DMA_Init
                0x08000744       0xb8 CMakeFiles/FreeRTOS-Frame.elf.dir/Core/Src/dma.c.obj
                0x08000744                MX_DMA_Init
 .text.StartDefaultTask
                0x080007fc        0xe CMakeFiles/FreeRTOS-Frame.elf.dir/Core/Src/freertos.c.obj
                0x080007fc                StartDefaultTask
 *fill*         0x0800080a        0x2 
 .text.vApplicationGetIdleTaskMemory
                0x0800080c       0x18 CMakeFiles/FreeRTOS-Frame.elf.dir/Core/Src/freertos.c.obj
                0x0800080c                vApplicationGetIdleTaskMemory
 .text.MX_FREERTOS_Init
                0x08000824       0x2c CMakeFiles/FreeRTOS-Frame.elf.dir/Core/Src/freertos.c.obj
                0x08000824                MX_FREERTOS_Init
 .text.MX_GPIO_Init
                0x08000850       0xe4 CMakeFiles/FreeRTOS-Frame.elf.dir/Core/Src/gpio.c.obj
                0x08000850                MX_GPIO_Init
 .text.MX_I2C2_Init
                0x08000934       0x5c CMakeFiles/FreeRTOS-Frame.elf.dir/Core/Src/i2c.c.obj
                0x08000934                MX_I2C2_Init
 .text.HAL_I2C_MspInit
                0x08000990       0x70 CMakeFiles/FreeRTOS-Frame.elf.dir/Core/Src/i2c.c.obj
                0x08000990                HAL_I2C_MspInit
 .text.MX_IWDG_Init
                0x08000a00       0x28 CMakeFiles/FreeRTOS-Frame.elf.dir/Core/Src/iwdg.c.obj
                0x08000a00                MX_IWDG_Init
 .text.Error_Handler
                0x08000a28        0x4 CMakeFiles/FreeRTOS-Frame.elf.dir/Core/Src/main.c.obj
                0x08000a28                Error_Handler
 .text.SystemClock_Config
                0x08000a2c       0xac CMakeFiles/FreeRTOS-Frame.elf.dir/Core/Src/main.c.obj
                0x08000a2c                SystemClock_Config
 .text.main     0x08000ad8       0x54 CMakeFiles/FreeRTOS-Frame.elf.dir/Core/Src/main.c.obj
                0x08000ad8                main
 .text.MX_SPI5_Init
                0x08000b2c       0x40 CMakeFiles/FreeRTOS-Frame.elf.dir/Core/Src/spi.c.obj
                0x08000b2c                MX_SPI5_Init
 .text.HAL_SPI_MspInit
                0x08000b6c      0x130 CMakeFiles/FreeRTOS-Frame.elf.dir/Core/Src/spi.c.obj
                0x08000b6c                HAL_SPI_MspInit
 .text.HAL_MspInit
                0x08000c9c       0x44 CMakeFiles/FreeRTOS-Frame.elf.dir/Core/Src/stm32f4xx_hal_msp.c.obj
                0x08000c9c                HAL_MspInit
 .text.NMI_Handler
                0x08000ce0        0x2 CMakeFiles/FreeRTOS-Frame.elf.dir/Core/Src/stm32f4xx_it.c.obj
                0x08000ce0                NMI_Handler
 .text.HardFault_Handler
                0x08000ce2        0x2 CMakeFiles/FreeRTOS-Frame.elf.dir/Core/Src/stm32f4xx_it.c.obj
                0x08000ce2                HardFault_Handler
 .text.MemManage_Handler
                0x08000ce4        0x2 CMakeFiles/FreeRTOS-Frame.elf.dir/Core/Src/stm32f4xx_it.c.obj
                0x08000ce4                MemManage_Handler
 .text.BusFault_Handler
                0x08000ce6        0x2 CMakeFiles/FreeRTOS-Frame.elf.dir/Core/Src/stm32f4xx_it.c.obj
                0x08000ce6                BusFault_Handler
 .text.UsageFault_Handler
                0x08000ce8        0x2 CMakeFiles/FreeRTOS-Frame.elf.dir/Core/Src/stm32f4xx_it.c.obj
                0x08000ce8                UsageFault_Handler
 .text.DebugMon_Handler
                0x08000cea        0x2 CMakeFiles/FreeRTOS-Frame.elf.dir/Core/Src/stm32f4xx_it.c.obj
                0x08000cea                DebugMon_Handler
 .text.SysTick_Handler
                0x08000cec       0x16 CMakeFiles/FreeRTOS-Frame.elf.dir/Core/Src/stm32f4xx_it.c.obj
                0x08000cec                SysTick_Handler
 *fill*         0x08000d02        0x2 
 .text.DMA1_Stream1_IRQHandler
                0x08000d04       0x10 CMakeFiles/FreeRTOS-Frame.elf.dir/Core/Src/stm32f4xx_it.c.obj
                0x08000d04                DMA1_Stream1_IRQHandler
 .text.DMA1_Stream3_IRQHandler
                0x08000d14       0x10 CMakeFiles/FreeRTOS-Frame.elf.dir/Core/Src/stm32f4xx_it.c.obj
                0x08000d14                DMA1_Stream3_IRQHandler
 .text.DMA1_Stream6_IRQHandler
                0x08000d24       0x10 CMakeFiles/FreeRTOS-Frame.elf.dir/Core/Src/stm32f4xx_it.c.obj
                0x08000d24                DMA1_Stream6_IRQHandler
 .text.DMA2_Stream1_IRQHandler
                0x08000d34       0x10 CMakeFiles/FreeRTOS-Frame.elf.dir/Core/Src/stm32f4xx_it.c.obj
                0x08000d34                DMA2_Stream1_IRQHandler
 .text.DMA2_Stream2_IRQHandler
                0x08000d44       0x10 CMakeFiles/FreeRTOS-Frame.elf.dir/Core/Src/stm32f4xx_it.c.obj
                0x08000d44                DMA2_Stream2_IRQHandler
 .text.DMA2_Stream3_IRQHandler
                0x08000d54       0x10 CMakeFiles/FreeRTOS-Frame.elf.dir/Core/Src/stm32f4xx_it.c.obj
                0x08000d54                DMA2_Stream3_IRQHandler
 .text.DMA2_Stream4_IRQHandler
                0x08000d64       0x10 CMakeFiles/FreeRTOS-Frame.elf.dir/Core/Src/stm32f4xx_it.c.obj
                0x08000d64                DMA2_Stream4_IRQHandler
 .text.OTG_FS_IRQHandler
                0x08000d74       0x10 CMakeFiles/FreeRTOS-Frame.elf.dir/Core/Src/stm32f4xx_it.c.obj
                0x08000d74                OTG_FS_IRQHandler
 .text.DMA2_Stream6_IRQHandler
                0x08000d84       0x10 CMakeFiles/FreeRTOS-Frame.elf.dir/Core/Src/stm32f4xx_it.c.obj
                0x08000d84                DMA2_Stream6_IRQHandler
 .text.USART6_IRQHandler
                0x08000d94       0x10 CMakeFiles/FreeRTOS-Frame.elf.dir/Core/Src/stm32f4xx_it.c.obj
                0x08000d94                USART6_IRQHandler
 .text.UART7_IRQHandler
                0x08000da4       0x10 CMakeFiles/FreeRTOS-Frame.elf.dir/Core/Src/stm32f4xx_it.c.obj
                0x08000da4                UART7_IRQHandler
 .text.UART8_IRQHandler
                0x08000db4       0x10 CMakeFiles/FreeRTOS-Frame.elf.dir/Core/Src/stm32f4xx_it.c.obj
                0x08000db4                UART8_IRQHandler
 .text.SPI5_IRQHandler
                0x08000dc4       0x10 CMakeFiles/FreeRTOS-Frame.elf.dir/Core/Src/stm32f4xx_it.c.obj
                0x08000dc4                SPI5_IRQHandler
 .text._sbrk    0x08000dd4       0x3c CMakeFiles/FreeRTOS-Frame.elf.dir/Core/Src/syscalls.c.obj
                0x08000dd4                _sbrk
 .text.SystemInit
                0x08000e10       0x1c CMakeFiles/FreeRTOS-Frame.elf.dir/Core/Src/system_stm32f4xx.c.obj
                0x08000e10                SystemInit
 .text.MX_TIM1_Init
                0x08000e2c       0x70 CMakeFiles/FreeRTOS-Frame.elf.dir/Core/Src/tim.c.obj
                0x08000e2c                MX_TIM1_Init
 .text.MX_TIM6_Init
                0x08000e9c       0x4c CMakeFiles/FreeRTOS-Frame.elf.dir/Core/Src/tim.c.obj
                0x08000e9c                MX_TIM6_Init
 .text.MX_TIM10_Init
                0x08000ee8       0x30 CMakeFiles/FreeRTOS-Frame.elf.dir/Core/Src/tim.c.obj
                0x08000ee8                MX_TIM10_Init
 .text.HAL_TIM_Base_MspInit
                0x08000f18       0x78 CMakeFiles/FreeRTOS-Frame.elf.dir/Core/Src/tim.c.obj
                0x08000f18                HAL_TIM_Base_MspInit
 .text.MX_UART7_Init
                0x08000f90       0x34 CMakeFiles/FreeRTOS-Frame.elf.dir/Core/Src/usart.c.obj
                0x08000f90                MX_UART7_Init
 .text.MX_UART8_Init
                0x08000fc4       0x34 CMakeFiles/FreeRTOS-Frame.elf.dir/Core/Src/usart.c.obj
                0x08000fc4                MX_UART8_Init
 .text.MX_USART1_UART_Init
                0x08000ff8       0x34 CMakeFiles/FreeRTOS-Frame.elf.dir/Core/Src/usart.c.obj
                0x08000ff8                MX_USART1_UART_Init
 .text.MX_USART3_UART_Init
                0x0800102c       0x34 CMakeFiles/FreeRTOS-Frame.elf.dir/Core/Src/usart.c.obj
                0x0800102c                MX_USART3_UART_Init
 .text.MX_USART6_UART_Init
                0x08001060       0x34 CMakeFiles/FreeRTOS-Frame.elf.dir/Core/Src/usart.c.obj
                0x08001060                MX_USART6_UART_Init
 .text.HAL_UART_MspInit
                0x08001094      0x370 CMakeFiles/FreeRTOS-Frame.elf.dir/Core/Src/usart.c.obj
                0x08001094                HAL_UART_MspInit
 .text.HAL_InitTick
                0x08001404       0x4c CMakeFiles/FreeRTOS-Frame.elf.dir/Drivers/STM32F4xx_HAL_Driver/Src/stm32f4xx_hal.c.obj
                0x08001404                HAL_InitTick
 .text.HAL_Init
                0x08001450       0x34 CMakeFiles/FreeRTOS-Frame.elf.dir/Drivers/STM32F4xx_HAL_Driver/Src/stm32f4xx_hal.c.obj
                0x08001450                HAL_Init
 .text.HAL_IncTick
                0x08001484       0x18 CMakeFiles/FreeRTOS-Frame.elf.dir/Drivers/STM32F4xx_HAL_Driver/Src/stm32f4xx_hal.c.obj
                0x08001484                HAL_IncTick
 .text.HAL_GetTick
                0x0800149c        0xc CMakeFiles/FreeRTOS-Frame.elf.dir/Drivers/STM32F4xx_HAL_Driver/Src/stm32f4xx_hal.c.obj
                0x0800149c                HAL_GetTick
 .text.HAL_Delay
                0x080014a8       0x28 CMakeFiles/FreeRTOS-Frame.elf.dir/Drivers/STM32F4xx_HAL_Driver/Src/stm32f4xx_hal.c.obj
                0x080014a8                HAL_Delay
 .text.ADC_Init
                0x080014d0      0x134 CMakeFiles/FreeRTOS-Frame.elf.dir/Drivers/STM32F4xx_HAL_Driver/Src/stm32f4xx_hal_adc.c.obj
 .text.HAL_ADC_Init
                0x08001604       0x56 CMakeFiles/FreeRTOS-Frame.elf.dir/Drivers/STM32F4xx_HAL_Driver/Src/stm32f4xx_hal_adc.c.obj
                0x08001604                HAL_ADC_Init
 *fill*         0x0800165a        0x2 
 .text.HAL_ADC_ConfigChannel
                0x0800165c      0x1a4 CMakeFiles/FreeRTOS-Frame.elf.dir/Drivers/STM32F4xx_HAL_Driver/Src/stm32f4xx_hal_adc.c.obj
                0x0800165c                HAL_ADC_ConfigChannel
 .text.HAL_CAN_Init
                0x08001800      0x14c CMakeFiles/FreeRTOS-Frame.elf.dir/Drivers/STM32F4xx_HAL_Driver/Src/stm32f4xx_hal_can.c.obj
                0x08001800                HAL_CAN_Init
 .text.HAL_NVIC_SetPriorityGrouping
                0x0800194c       0x24 CMakeFiles/FreeRTOS-Frame.elf.dir/Drivers/STM32F4xx_HAL_Driver/Src/stm32f4xx_hal_cortex.c.obj
                0x0800194c                HAL_NVIC_SetPriorityGrouping
 .text.HAL_NVIC_SetPriority
                0x08001970       0x68 CMakeFiles/FreeRTOS-Frame.elf.dir/Drivers/STM32F4xx_HAL_Driver/Src/stm32f4xx_hal_cortex.c.obj
                0x08001970                HAL_NVIC_SetPriority
 .text.HAL_NVIC_EnableIRQ
                0x080019d8       0x1c CMakeFiles/FreeRTOS-Frame.elf.dir/Drivers/STM32F4xx_HAL_Driver/Src/stm32f4xx_hal_cortex.c.obj
                0x080019d8                HAL_NVIC_EnableIRQ
 .text.HAL_SYSTICK_Config
                0x080019f4       0x2c CMakeFiles/FreeRTOS-Frame.elf.dir/Drivers/STM32F4xx_HAL_Driver/Src/stm32f4xx_hal_cortex.c.obj
                0x080019f4                HAL_SYSTICK_Config
 .text.DMA_CalcBaseAndBitshift
                0x08001a20       0x44 CMakeFiles/FreeRTOS-Frame.elf.dir/Drivers/STM32F4xx_HAL_Driver/Src/stm32f4xx_hal_dma.c.obj
 .text.DMA_CheckFifoParam
                0x08001a64       0x8e CMakeFiles/FreeRTOS-Frame.elf.dir/Drivers/STM32F4xx_HAL_Driver/Src/stm32f4xx_hal_dma.c.obj
 *fill*         0x08001af2        0x2 
 .text.HAL_DMA_Init
                0x08001af4       0xcc CMakeFiles/FreeRTOS-Frame.elf.dir/Drivers/STM32F4xx_HAL_Driver/Src/stm32f4xx_hal_dma.c.obj
                0x08001af4                HAL_DMA_Init
 .text.HAL_DMA_Abort_IT
                0x08001bc0       0x26 CMakeFiles/FreeRTOS-Frame.elf.dir/Drivers/STM32F4xx_HAL_Driver/Src/stm32f4xx_hal_dma.c.obj
                0x08001bc0                HAL_DMA_Abort_IT
 *fill*         0x08001be6        0x2 
 .text.HAL_DMA_IRQHandler
                0x08001be8      0x1dc CMakeFiles/FreeRTOS-Frame.elf.dir/Drivers/STM32F4xx_HAL_Driver/Src/stm32f4xx_hal_dma.c.obj
                0x08001be8                HAL_DMA_IRQHandler
 .text.HAL_GPIO_Init
                0x08001dc4      0x1e4 CMakeFiles/FreeRTOS-Frame.elf.dir/Drivers/STM32F4xx_HAL_Driver/Src/stm32f4xx_hal_gpio.c.obj
                0x08001dc4                HAL_GPIO_Init
 .text.HAL_GPIO_WritePin
                0x08001fa8        0xc CMakeFiles/FreeRTOS-Frame.elf.dir/Drivers/STM32F4xx_HAL_Driver/Src/stm32f4xx_hal_gpio.c.obj
                0x08001fa8                HAL_GPIO_WritePin
 .text.HAL_I2C_Init
                0x08001fb4      0x1bc CMakeFiles/FreeRTOS-Frame.elf.dir/Drivers/STM32F4xx_HAL_Driver/Src/stm32f4xx_hal_i2c.c.obj
                0x08001fb4                HAL_I2C_Init
 .text.HAL_I2CEx_ConfigAnalogFilter
                0x08002170       0x44 CMakeFiles/FreeRTOS-Frame.elf.dir/Drivers/STM32F4xx_HAL_Driver/Src/stm32f4xx_hal_i2c_ex.c.obj
                0x08002170                HAL_I2CEx_ConfigAnalogFilter
 .text.HAL_I2CEx_ConfigDigitalFilter
                0x080021b4       0x42 CMakeFiles/FreeRTOS-Frame.elf.dir/Drivers/STM32F4xx_HAL_Driver/Src/stm32f4xx_hal_i2c_ex.c.obj
                0x080021b4                HAL_I2CEx_ConfigDigitalFilter
 .text.HAL_IWDG_Init
                0x080021f6       0x4a CMakeFiles/FreeRTOS-Frame.elf.dir/Drivers/STM32F4xx_HAL_Driver/Src/stm32f4xx_hal_iwdg.c.obj
                0x080021f6                HAL_IWDG_Init
 .text.PCD_WriteEmptyTxFifo
                0x08002240       0xd2 CMakeFiles/FreeRTOS-Frame.elf.dir/Drivers/STM32F4xx_HAL_Driver/Src/stm32f4xx_hal_pcd.c.obj
 .text.HAL_PCD_Init
                0x08002312      0x126 CMakeFiles/FreeRTOS-Frame.elf.dir/Drivers/STM32F4xx_HAL_Driver/Src/stm32f4xx_hal_pcd.c.obj
                0x08002312                HAL_PCD_Init
 .text.HAL_PCD_Start
                0x08002438       0x42 CMakeFiles/FreeRTOS-Frame.elf.dir/Drivers/STM32F4xx_HAL_Driver/Src/stm32f4xx_hal_pcd.c.obj
                0x08002438                HAL_PCD_Start
 *fill*         0x0800247a        0x2 
 .text.PCD_EP_OutXfrComplete_int
                0x0800247c       0xf8 CMakeFiles/FreeRTOS-Frame.elf.dir/Drivers/STM32F4xx_HAL_Driver/Src/stm32f4xx_hal_pcd.c.obj
 .text.PCD_EP_OutSetupPacket_int
                0x08002574       0x50 CMakeFiles/FreeRTOS-Frame.elf.dir/Drivers/STM32F4xx_HAL_Driver/Src/stm32f4xx_hal_pcd.c.obj
 .text.HAL_PCD_IRQHandler
                0x080025c4      0x4ac CMakeFiles/FreeRTOS-Frame.elf.dir/Drivers/STM32F4xx_HAL_Driver/Src/stm32f4xx_hal_pcd.c.obj
                0x080025c4                HAL_PCD_IRQHandler
 .text.HAL_PCD_SetAddress
                0x08002a70       0x28 CMakeFiles/FreeRTOS-Frame.elf.dir/Drivers/STM32F4xx_HAL_Driver/Src/stm32f4xx_hal_pcd.c.obj
                0x08002a70                HAL_PCD_SetAddress
 .text.HAL_PCD_EP_Open
                0x08002a98       0x86 CMakeFiles/FreeRTOS-Frame.elf.dir/Drivers/STM32F4xx_HAL_Driver/Src/stm32f4xx_hal_pcd.c.obj
                0x08002a98                HAL_PCD_EP_Open
 .text.HAL_PCD_EP_Close
                0x08002b1e       0x72 CMakeFiles/FreeRTOS-Frame.elf.dir/Drivers/STM32F4xx_HAL_Driver/Src/stm32f4xx_hal_pcd.c.obj
                0x08002b1e                HAL_PCD_EP_Close
 .text.HAL_PCD_EP_Receive
                0x08002b90       0x5e CMakeFiles/FreeRTOS-Frame.elf.dir/Drivers/STM32F4xx_HAL_Driver/Src/stm32f4xx_hal_pcd.c.obj
                0x08002b90                HAL_PCD_EP_Receive
 .text.HAL_PCD_EP_GetRxCount
                0x08002bee       0x12 CMakeFiles/FreeRTOS-Frame.elf.dir/Drivers/STM32F4xx_HAL_Driver/Src/stm32f4xx_hal_pcd.c.obj
                0x08002bee                HAL_PCD_EP_GetRxCount
 .text.HAL_PCD_EP_Transmit
                0x08002c00       0x56 CMakeFiles/FreeRTOS-Frame.elf.dir/Drivers/STM32F4xx_HAL_Driver/Src/stm32f4xx_hal_pcd.c.obj
                0x08002c00                HAL_PCD_EP_Transmit
 .text.HAL_PCD_EP_SetStall
                0x08002c56       0x88 CMakeFiles/FreeRTOS-Frame.elf.dir/Drivers/STM32F4xx_HAL_Driver/Src/stm32f4xx_hal_pcd.c.obj
                0x08002c56                HAL_PCD_EP_SetStall
 .text.HAL_PCD_EP_ClrStall
                0x08002cde       0x76 CMakeFiles/FreeRTOS-Frame.elf.dir/Drivers/STM32F4xx_HAL_Driver/Src/stm32f4xx_hal_pcd.c.obj
                0x08002cde                HAL_PCD_EP_ClrStall
 .text.HAL_PCDEx_SetTxFiFo
                0x08002d54       0x48 CMakeFiles/FreeRTOS-Frame.elf.dir/Drivers/STM32F4xx_HAL_Driver/Src/stm32f4xx_hal_pcd_ex.c.obj
                0x08002d54                HAL_PCDEx_SetTxFiFo
 .text.HAL_PCDEx_SetRxFiFo
                0x08002d9c        0x8 CMakeFiles/FreeRTOS-Frame.elf.dir/Drivers/STM32F4xx_HAL_Driver/Src/stm32f4xx_hal_pcd_ex.c.obj
                0x08002d9c                HAL_PCDEx_SetRxFiFo
 .text.HAL_PCDEx_LPM_Callback
                0x08002da4        0x2 CMakeFiles/FreeRTOS-Frame.elf.dir/Drivers/STM32F4xx_HAL_Driver/Src/stm32f4xx_hal_pcd_ex.c.obj
                0x08002da4                HAL_PCDEx_LPM_Callback
 *fill*         0x08002da6        0x2 
 .text.HAL_RCC_OscConfig
                0x08002da8      0x3ec CMakeFiles/FreeRTOS-Frame.elf.dir/Drivers/STM32F4xx_HAL_Driver/Src/stm32f4xx_hal_rcc.c.obj
                0x08002da8                HAL_RCC_OscConfig
 .text.HAL_RCC_GetSysClockFreq
                0x08003194       0xa0 CMakeFiles/FreeRTOS-Frame.elf.dir/Drivers/STM32F4xx_HAL_Driver/Src/stm32f4xx_hal_rcc.c.obj
                0x08003194                HAL_RCC_GetSysClockFreq
 .text.HAL_RCC_ClockConfig
                0x08003234      0x160 CMakeFiles/FreeRTOS-Frame.elf.dir/Drivers/STM32F4xx_HAL_Driver/Src/stm32f4xx_hal_rcc.c.obj
                0x08003234                HAL_RCC_ClockConfig
 .text.HAL_RCC_GetHCLKFreq
                0x08003394        0xc CMakeFiles/FreeRTOS-Frame.elf.dir/Drivers/STM32F4xx_HAL_Driver/Src/stm32f4xx_hal_rcc.c.obj
                0x08003394                HAL_RCC_GetHCLKFreq
 .text.HAL_RCC_GetPCLK1Freq
                0x080033a0       0x20 CMakeFiles/FreeRTOS-Frame.elf.dir/Drivers/STM32F4xx_HAL_Driver/Src/stm32f4xx_hal_rcc.c.obj
                0x080033a0                HAL_RCC_GetPCLK1Freq
 .text.HAL_RCC_GetPCLK2Freq
                0x080033c0       0x20 CMakeFiles/FreeRTOS-Frame.elf.dir/Drivers/STM32F4xx_HAL_Driver/Src/stm32f4xx_hal_rcc.c.obj
                0x080033c0                HAL_RCC_GetPCLK2Freq
 .text.HAL_SPI_Init
                0x080033e0       0x80 CMakeFiles/FreeRTOS-Frame.elf.dir/Drivers/STM32F4xx_HAL_Driver/Src/stm32f4xx_hal_spi.c.obj
                0x080033e0                HAL_SPI_Init
 .text.HAL_SPI_ErrorCallback
                0x08003460        0x2 CMakeFiles/FreeRTOS-Frame.elf.dir/Drivers/STM32F4xx_HAL_Driver/Src/stm32f4xx_hal_spi.c.obj
                0x08003460                HAL_SPI_ErrorCallback
 *fill*         0x08003462        0x2 
 .text.HAL_SPI_IRQHandler
                0x08003464      0x124 CMakeFiles/FreeRTOS-Frame.elf.dir/Drivers/STM32F4xx_HAL_Driver/Src/stm32f4xx_hal_spi.c.obj
                0x08003464                HAL_SPI_IRQHandler
 .text.SPI_DMAAbortOnError
                0x08003588       0x10 CMakeFiles/FreeRTOS-Frame.elf.dir/Drivers/STM32F4xx_HAL_Driver/Src/stm32f4xx_hal_spi.c.obj
 .text.TIM_TI1_ConfigInputStage
                0x08003598       0x24 CMakeFiles/FreeRTOS-Frame.elf.dir/Drivers/STM32F4xx_HAL_Driver/Src/stm32f4xx_hal_tim.c.obj
 .text.TIM_TI2_ConfigInputStage
                0x080035bc       0x26 CMakeFiles/FreeRTOS-Frame.elf.dir/Drivers/STM32F4xx_HAL_Driver/Src/stm32f4xx_hal_tim.c.obj
 .text.TIM_ITRx_SetConfig
                0x080035e2       0x10 CMakeFiles/FreeRTOS-Frame.elf.dir/Drivers/STM32F4xx_HAL_Driver/Src/stm32f4xx_hal_tim.c.obj
 *fill*         0x080035f2        0x2 
 .text.TIM_Base_SetConfig
                0x080035f4       0xc8 CMakeFiles/FreeRTOS-Frame.elf.dir/Drivers/STM32F4xx_HAL_Driver/Src/stm32f4xx_hal_tim.c.obj
                0x080035f4                TIM_Base_SetConfig
 .text.HAL_TIM_Base_Init
                0x080036bc       0x34 CMakeFiles/FreeRTOS-Frame.elf.dir/Drivers/STM32F4xx_HAL_Driver/Src/stm32f4xx_hal_tim.c.obj
                0x080036bc                HAL_TIM_Base_Init
 .text.TIM_ETR_SetConfig
                0x080036f0       0x18 CMakeFiles/FreeRTOS-Frame.elf.dir/Drivers/STM32F4xx_HAL_Driver/Src/stm32f4xx_hal_tim.c.obj
                0x080036f0                TIM_ETR_SetConfig
 .text.HAL_TIM_ConfigClockSource
                0x08003708       0xda CMakeFiles/FreeRTOS-Frame.elf.dir/Drivers/STM32F4xx_HAL_Driver/Src/stm32f4xx_hal_tim.c.obj
                0x08003708                HAL_TIM_ConfigClockSource
 *fill*         0x080037e2        0x2 
 .text.HAL_TIMEx_MasterConfigSynchronization
                0x080037e4       0x88 CMakeFiles/FreeRTOS-Frame.elf.dir/Drivers/STM32F4xx_HAL_Driver/Src/stm32f4xx_hal_tim_ex.c.obj
                0x080037e4                HAL_TIMEx_MasterConfigSynchronization
 .text.UART_EndRxTransfer
                0x0800386c       0x1c CMakeFiles/FreeRTOS-Frame.elf.dir/Drivers/STM32F4xx_HAL_Driver/Src/stm32f4xx_hal_uart.c.obj
 .text.UART_Transmit_IT
                0x08003888       0x66 CMakeFiles/FreeRTOS-Frame.elf.dir/Drivers/STM32F4xx_HAL_Driver/Src/stm32f4xx_hal_uart.c.obj
 *fill*         0x080038ee        0x2 
 .text.UART_SetConfig
                0x080038f0      0x1e8 CMakeFiles/FreeRTOS-Frame.elf.dir/Drivers/STM32F4xx_HAL_Driver/Src/stm32f4xx_hal_uart.c.obj
 .text.HAL_UART_Init
                0x08003ad8       0x5e CMakeFiles/FreeRTOS-Frame.elf.dir/Drivers/STM32F4xx_HAL_Driver/Src/stm32f4xx_hal_uart.c.obj
                0x08003ad8                HAL_UART_Init
 .text.HAL_UART_TxCpltCallback
                0x08003b36        0x2 CMakeFiles/FreeRTOS-Frame.elf.dir/Drivers/STM32F4xx_HAL_Driver/Src/stm32f4xx_hal_uart.c.obj
                0x08003b36                HAL_UART_TxCpltCallback
 .text.UART_EndTransmit_IT
                0x08003b38       0x1a CMakeFiles/FreeRTOS-Frame.elf.dir/Drivers/STM32F4xx_HAL_Driver/Src/stm32f4xx_hal_uart.c.obj
 .text.HAL_UART_RxCpltCallback
                0x08003b52        0x2 CMakeFiles/FreeRTOS-Frame.elf.dir/Drivers/STM32F4xx_HAL_Driver/Src/stm32f4xx_hal_uart.c.obj
                0x08003b52                HAL_UART_RxCpltCallback
 .text.UART_Receive_IT
                0x08003b54       0x9e CMakeFiles/FreeRTOS-Frame.elf.dir/Drivers/STM32F4xx_HAL_Driver/Src/stm32f4xx_hal_uart.c.obj
 .text.HAL_UART_ErrorCallback
                0x08003bf2        0x2 CMakeFiles/FreeRTOS-Frame.elf.dir/Drivers/STM32F4xx_HAL_Driver/Src/stm32f4xx_hal_uart.c.obj
                0x08003bf2                HAL_UART_ErrorCallback
 .text.HAL_UART_IRQHandler
                0x08003bf4      0x128 CMakeFiles/FreeRTOS-Frame.elf.dir/Drivers/STM32F4xx_HAL_Driver/Src/stm32f4xx_hal_uart.c.obj
                0x08003bf4                HAL_UART_IRQHandler
 .text.UART_DMAAbortOnError
                0x08003d1c       0x10 CMakeFiles/FreeRTOS-Frame.elf.dir/Drivers/STM32F4xx_HAL_Driver/Src/stm32f4xx_hal_uart.c.obj
 .text.USB_CoreReset
                0x08003d2c       0x3c CMakeFiles/FreeRTOS-Frame.elf.dir/Drivers/STM32F4xx_HAL_Driver/Src/stm32f4xx_ll_usb.c.obj
 .text.USB_CoreInit
                0x08003d68       0x8a CMakeFiles/FreeRTOS-Frame.elf.dir/Drivers/STM32F4xx_HAL_Driver/Src/stm32f4xx_ll_usb.c.obj
                0x08003d68                USB_CoreInit
 *fill*         0x08003df2        0x2 
 .text.USB_SetTurnaroundTime
                0x08003df4       0xe4 CMakeFiles/FreeRTOS-Frame.elf.dir/Drivers/STM32F4xx_HAL_Driver/Src/stm32f4xx_ll_usb.c.obj
                0x08003df4                USB_SetTurnaroundTime
 .text.USB_EnableGlobalInt
                0x08003ed8        0xc CMakeFiles/FreeRTOS-Frame.elf.dir/Drivers/STM32F4xx_HAL_Driver/Src/stm32f4xx_ll_usb.c.obj
                0x08003ed8                USB_EnableGlobalInt
 .text.USB_DisableGlobalInt
                0x08003ee4        0xc CMakeFiles/FreeRTOS-Frame.elf.dir/Drivers/STM32F4xx_HAL_Driver/Src/stm32f4xx_ll_usb.c.obj
                0x08003ee4                USB_DisableGlobalInt
 .text.USB_SetCurrentMode
                0x08003ef0       0x30 CMakeFiles/FreeRTOS-Frame.elf.dir/Drivers/STM32F4xx_HAL_Driver/Src/stm32f4xx_ll_usb.c.obj
                0x08003ef0                USB_SetCurrentMode
 .text.USB_FlushTxFifo
                0x08003f20       0x28 CMakeFiles/FreeRTOS-Frame.elf.dir/Drivers/STM32F4xx_HAL_Driver/Src/stm32f4xx_ll_usb.c.obj
                0x08003f20                USB_FlushTxFifo
 .text.USB_FlushRxFifo
                0x08003f48       0x24 CMakeFiles/FreeRTOS-Frame.elf.dir/Drivers/STM32F4xx_HAL_Driver/Src/stm32f4xx_ll_usb.c.obj
                0x08003f48                USB_FlushRxFifo
 .text.USB_SetDevSpeed
                0x08003f6c        0xe CMakeFiles/FreeRTOS-Frame.elf.dir/Drivers/STM32F4xx_HAL_Driver/Src/stm32f4xx_ll_usb.c.obj
                0x08003f6c                USB_SetDevSpeed
 *fill*         0x08003f7a        0x2 
 .text.USB_DevInit
                0x08003f7c      0x198 CMakeFiles/FreeRTOS-Frame.elf.dir/Drivers/STM32F4xx_HAL_Driver/Src/stm32f4xx_ll_usb.c.obj
                0x08003f7c                USB_DevInit
 .text.USB_GetDevSpeed
                0x08004114       0x22 CMakeFiles/FreeRTOS-Frame.elf.dir/Drivers/STM32F4xx_HAL_Driver/Src/stm32f4xx_ll_usb.c.obj
                0x08004114                USB_GetDevSpeed
 .text.USB_ActivateEndpoint
                0x08004136       0x94 CMakeFiles/FreeRTOS-Frame.elf.dir/Drivers/STM32F4xx_HAL_Driver/Src/stm32f4xx_ll_usb.c.obj
                0x08004136                USB_ActivateEndpoint
 *fill*         0x080041ca        0x2 
 .text.USB_DeactivateEndpoint
                0x080041cc       0xdc CMakeFiles/FreeRTOS-Frame.elf.dir/Drivers/STM32F4xx_HAL_Driver/Src/stm32f4xx_ll_usb.c.obj
                0x080041cc                USB_DeactivateEndpoint
 .text.USB_EP0StartXfer
                0x080042a8      0x11c CMakeFiles/FreeRTOS-Frame.elf.dir/Drivers/STM32F4xx_HAL_Driver/Src/stm32f4xx_ll_usb.c.obj
                0x080042a8                USB_EP0StartXfer
 .text.USB_WritePacket
                0x080043c4       0x28 CMakeFiles/FreeRTOS-Frame.elf.dir/Drivers/STM32F4xx_HAL_Driver/Src/stm32f4xx_ll_usb.c.obj
                0x080043c4                USB_WritePacket
 .text.USB_EPStartXfer
                0x080043ec      0x218 CMakeFiles/FreeRTOS-Frame.elf.dir/Drivers/STM32F4xx_HAL_Driver/Src/stm32f4xx_ll_usb.c.obj
                0x080043ec                USB_EPStartXfer
 .text.USB_ReadPacket
                0x08004604       0x22 CMakeFiles/FreeRTOS-Frame.elf.dir/Drivers/STM32F4xx_HAL_Driver/Src/stm32f4xx_ll_usb.c.obj
                0x08004604                USB_ReadPacket
 .text.USB_EPSetStall
                0x08004626       0x5a CMakeFiles/FreeRTOS-Frame.elf.dir/Drivers/STM32F4xx_HAL_Driver/Src/stm32f4xx_ll_usb.c.obj
                0x08004626                USB_EPSetStall
 .text.USB_EPClearStall
                0x08004680       0x5c CMakeFiles/FreeRTOS-Frame.elf.dir/Drivers/STM32F4xx_HAL_Driver/Src/stm32f4xx_ll_usb.c.obj
                0x08004680                USB_EPClearStall
 .text.USB_SetDevAddress
                0x080046dc       0x20 CMakeFiles/FreeRTOS-Frame.elf.dir/Drivers/STM32F4xx_HAL_Driver/Src/stm32f4xx_ll_usb.c.obj
                0x080046dc                USB_SetDevAddress
 .text.USB_DevConnect
                0x080046fc       0x1c CMakeFiles/FreeRTOS-Frame.elf.dir/Drivers/STM32F4xx_HAL_Driver/Src/stm32f4xx_ll_usb.c.obj
                0x080046fc                USB_DevConnect
 .text.USB_DevDisconnect
                0x08004718       0x1c CMakeFiles/FreeRTOS-Frame.elf.dir/Drivers/STM32F4xx_HAL_Driver/Src/stm32f4xx_ll_usb.c.obj
                0x08004718                USB_DevDisconnect
 .text.USB_ReadInterrupts
                0x08004734        0x8 CMakeFiles/FreeRTOS-Frame.elf.dir/Drivers/STM32F4xx_HAL_Driver/Src/stm32f4xx_ll_usb.c.obj
                0x08004734                USB_ReadInterrupts
 .text.USB_ReadDevAllOutEpInterrupt
                0x0800473c       0x10 CMakeFiles/FreeRTOS-Frame.elf.dir/Drivers/STM32F4xx_HAL_Driver/Src/stm32f4xx_ll_usb.c.obj
                0x0800473c                USB_ReadDevAllOutEpInterrupt
 .text.USB_ReadDevAllInEpInterrupt
                0x0800474c       0x10 CMakeFiles/FreeRTOS-Frame.elf.dir/Drivers/STM32F4xx_HAL_Driver/Src/stm32f4xx_ll_usb.c.obj
                0x0800474c                USB_ReadDevAllInEpInterrupt
 .text.USB_ReadDevOutEPInterrupt
                0x0800475c       0x12 CMakeFiles/FreeRTOS-Frame.elf.dir/Drivers/STM32F4xx_HAL_Driver/Src/stm32f4xx_ll_usb.c.obj
                0x0800475c                USB_ReadDevOutEPInterrupt
 .text.USB_ReadDevInEPInterrupt
                0x0800476e       0x28 CMakeFiles/FreeRTOS-Frame.elf.dir/Drivers/STM32F4xx_HAL_Driver/Src/stm32f4xx_ll_usb.c.obj
                0x0800476e                USB_ReadDevInEPInterrupt
 .text.USB_GetMode
                0x08004796        0x8 CMakeFiles/FreeRTOS-Frame.elf.dir/Drivers/STM32F4xx_HAL_Driver/Src/stm32f4xx_ll_usb.c.obj
                0x08004796                USB_GetMode
 .text.USB_ActivateSetup
                0x0800479e       0x20 CMakeFiles/FreeRTOS-Frame.elf.dir/Drivers/STM32F4xx_HAL_Driver/Src/stm32f4xx_ll_usb.c.obj
                0x0800479e                USB_ActivateSetup
 *fill*         0x080047be        0x2 
 .text.USB_EP0_OutStart
                0x080047c0       0x60 CMakeFiles/FreeRTOS-Frame.elf.dir/Drivers/STM32F4xx_HAL_Driver/Src/stm32f4xx_ll_usb.c.obj
                0x080047c0                USB_EP0_OutStart
 .text.USBD_CDC_EP0_RxReady
                0x08004820       0x28 CMakeFiles/FreeRTOS-Frame.elf.dir/Middlewares/ST/STM32_USB_Device_Library/Class/CDC/Src/usbd_cdc.c.obj
 .text.USBD_CDC_GetFSCfgDesc
                0x08004848        0xc CMakeFiles/FreeRTOS-Frame.elf.dir/Middlewares/ST/STM32_USB_Device_Library/Class/CDC/Src/usbd_cdc.c.obj
 .text.USBD_CDC_GetHSCfgDesc
                0x08004854        0xc CMakeFiles/FreeRTOS-Frame.elf.dir/Middlewares/ST/STM32_USB_Device_Library/Class/CDC/Src/usbd_cdc.c.obj
 .text.USBD_CDC_GetOtherSpeedCfgDesc
                0x08004860        0xc CMakeFiles/FreeRTOS-Frame.elf.dir/Middlewares/ST/STM32_USB_Device_Library/Class/CDC/Src/usbd_cdc.c.obj
 .text.USBD_CDC_GetDeviceQualifierDescriptor
                0x0800486c        0xc CMakeFiles/FreeRTOS-Frame.elf.dir/Middlewares/ST/STM32_USB_Device_Library/Class/CDC/Src/usbd_cdc.c.obj
                0x0800486c                USBD_CDC_GetDeviceQualifierDescriptor
 .text.USBD_CDC_DataOut
                0x08004878       0x2a CMakeFiles/FreeRTOS-Frame.elf.dir/Middlewares/ST/STM32_USB_Device_Library/Class/CDC/Src/usbd_cdc.c.obj
 .text.USBD_CDC_DataIn
                0x080048a2       0x64 CMakeFiles/FreeRTOS-Frame.elf.dir/Middlewares/ST/STM32_USB_Device_Library/Class/CDC/Src/usbd_cdc.c.obj
 .text.USBD_CDC_Setup
                0x08004906       0xe0 CMakeFiles/FreeRTOS-Frame.elf.dir/Middlewares/ST/STM32_USB_Device_Library/Class/CDC/Src/usbd_cdc.c.obj
 .text.USBD_CDC_DeInit
                0x080049e6       0x48 CMakeFiles/FreeRTOS-Frame.elf.dir/Middlewares/ST/STM32_USB_Device_Library/Class/CDC/Src/usbd_cdc.c.obj
 .text.USBD_CDC_Init
                0x08004a2e       0xc2 CMakeFiles/FreeRTOS-Frame.elf.dir/Middlewares/ST/STM32_USB_Device_Library/Class/CDC/Src/usbd_cdc.c.obj
 .text.USBD_CDC_RegisterInterface
                0x08004af0        0xe CMakeFiles/FreeRTOS-Frame.elf.dir/Middlewares/ST/STM32_USB_Device_Library/Class/CDC/Src/usbd_cdc.c.obj
                0x08004af0                USBD_CDC_RegisterInterface
 .text.USBD_CDC_SetTxBuffer
                0x08004afe       0x10 CMakeFiles/FreeRTOS-Frame.elf.dir/Middlewares/ST/STM32_USB_Device_Library/Class/CDC/Src/usbd_cdc.c.obj
                0x08004afe                USBD_CDC_SetTxBuffer
 .text.USBD_CDC_SetRxBuffer
                0x08004b0e        0xc CMakeFiles/FreeRTOS-Frame.elf.dir/Middlewares/ST/STM32_USB_Device_Library/Class/CDC/Src/usbd_cdc.c.obj
                0x08004b0e                USBD_CDC_SetRxBuffer
 .text.USBD_CDC_ReceivePacket
                0x08004b1a       0x32 CMakeFiles/FreeRTOS-Frame.elf.dir/Middlewares/ST/STM32_USB_Device_Library/Class/CDC/Src/usbd_cdc.c.obj
                0x08004b1a                USBD_CDC_ReceivePacket
 .text.USBD_Init
                0x08004b4c       0x38 CMakeFiles/FreeRTOS-Frame.elf.dir/Middlewares/ST/STM32_USB_Device_Library/Core/Src/usbd_core.c.obj
                0x08004b4c                USBD_Init
 .text.USBD_RegisterClass
                0x08004b84       0x28 CMakeFiles/FreeRTOS-Frame.elf.dir/Middlewares/ST/STM32_USB_Device_Library/Core/Src/usbd_core.c.obj
                0x08004b84                USBD_RegisterClass
 .text.USBD_Start
                0x08004bac        0x8 CMakeFiles/FreeRTOS-Frame.elf.dir/Middlewares/ST/STM32_USB_Device_Library/Core/Src/usbd_core.c.obj
                0x08004bac                USBD_Start
 .text.USBD_SetClassConfig
                0x08004bb4       0x12 CMakeFiles/FreeRTOS-Frame.elf.dir/Middlewares/ST/STM32_USB_Device_Library/Core/Src/usbd_core.c.obj
                0x08004bb4                USBD_SetClassConfig
 .text.USBD_ClrClassConfig
                0x08004bc6       0x10 CMakeFiles/FreeRTOS-Frame.elf.dir/Middlewares/ST/STM32_USB_Device_Library/Core/Src/usbd_core.c.obj
                0x08004bc6                USBD_ClrClassConfig
 .text.USBD_LL_SetupStage
                0x08004bd6       0x58 CMakeFiles/FreeRTOS-Frame.elf.dir/Middlewares/ST/STM32_USB_Device_Library/Core/Src/usbd_core.c.obj
                0x08004bd6                USBD_LL_SetupStage
 .text.USBD_LL_DataOutStage
                0x08004c2e       0x72 CMakeFiles/FreeRTOS-Frame.elf.dir/Middlewares/ST/STM32_USB_Device_Library/Core/Src/usbd_core.c.obj
                0x08004c2e                USBD_LL_DataOutStage
 .text.USBD_LL_DataInStage
                0x08004ca0       0xb8 CMakeFiles/FreeRTOS-Frame.elf.dir/Middlewares/ST/STM32_USB_Device_Library/Core/Src/usbd_core.c.obj
                0x08004ca0                USBD_LL_DataInStage
 .text.USBD_LL_Reset
                0x08004d58       0x52 CMakeFiles/FreeRTOS-Frame.elf.dir/Middlewares/ST/STM32_USB_Device_Library/Core/Src/usbd_core.c.obj
                0x08004d58                USBD_LL_Reset
 .text.USBD_LL_SetSpeed
                0x08004daa        0x6 CMakeFiles/FreeRTOS-Frame.elf.dir/Middlewares/ST/STM32_USB_Device_Library/Core/Src/usbd_core.c.obj
                0x08004daa                USBD_LL_SetSpeed
 .text.USBD_LL_Suspend
                0x08004db0       0x12 CMakeFiles/FreeRTOS-Frame.elf.dir/Middlewares/ST/STM32_USB_Device_Library/Core/Src/usbd_core.c.obj
                0x08004db0                USBD_LL_Suspend
 .text.USBD_LL_Resume
                0x08004dc2       0x16 CMakeFiles/FreeRTOS-Frame.elf.dir/Middlewares/ST/STM32_USB_Device_Library/Core/Src/usbd_core.c.obj
                0x08004dc2                USBD_LL_Resume
 .text.USBD_LL_SOF
                0x08004dd8       0x1c CMakeFiles/FreeRTOS-Frame.elf.dir/Middlewares/ST/STM32_USB_Device_Library/Core/Src/usbd_core.c.obj
                0x08004dd8                USBD_LL_SOF
 .text.USBD_LL_IsoINIncomplete
                0x08004df4        0x4 CMakeFiles/FreeRTOS-Frame.elf.dir/Middlewares/ST/STM32_USB_Device_Library/Core/Src/usbd_core.c.obj
                0x08004df4                USBD_LL_IsoINIncomplete
 .text.USBD_LL_IsoOUTIncomplete
                0x08004df8        0x4 CMakeFiles/FreeRTOS-Frame.elf.dir/Middlewares/ST/STM32_USB_Device_Library/Core/Src/usbd_core.c.obj
                0x08004df8                USBD_LL_IsoOUTIncomplete
 .text.USBD_LL_DevConnected
                0x08004dfc        0x4 CMakeFiles/FreeRTOS-Frame.elf.dir/Middlewares/ST/STM32_USB_Device_Library/Core/Src/usbd_core.c.obj
                0x08004dfc                USBD_LL_DevConnected
 .text.USBD_LL_DevDisconnected
                0x08004e00       0x18 CMakeFiles/FreeRTOS-Frame.elf.dir/Middlewares/ST/STM32_USB_Device_Library/Core/Src/usbd_core.c.obj
                0x08004e00                USBD_LL_DevDisconnected
 .text.USBD_GetLen
                0x08004e18       0x12 CMakeFiles/FreeRTOS-Frame.elf.dir/Middlewares/ST/STM32_USB_Device_Library/Core/Src/usbd_ctlreq.c.obj
 .text.USBD_SetFeature
                0x08004e2a       0x14 CMakeFiles/FreeRTOS-Frame.elf.dir/Middlewares/ST/STM32_USB_Device_Library/Core/Src/usbd_ctlreq.c.obj
 .text.USBD_ParseSetupRequest
                0x08004e3e       0x28 CMakeFiles/FreeRTOS-Frame.elf.dir/Middlewares/ST/STM32_USB_Device_Library/Core/Src/usbd_ctlreq.c.obj
                0x08004e3e                USBD_ParseSetupRequest
 .text.USBD_CtlError
                0x08004e66       0x14 CMakeFiles/FreeRTOS-Frame.elf.dir/Middlewares/ST/STM32_USB_Device_Library/Core/Src/usbd_ctlreq.c.obj
                0x08004e66                USBD_CtlError
 .text.USBD_GetDescriptor
                0x08004e7a      0x18a CMakeFiles/FreeRTOS-Frame.elf.dir/Middlewares/ST/STM32_USB_Device_Library/Core/Src/usbd_ctlreq.c.obj
 .text.USBD_SetAddress
                0x08005004       0x4e CMakeFiles/FreeRTOS-Frame.elf.dir/Middlewares/ST/STM32_USB_Device_Library/Core/Src/usbd_ctlreq.c.obj
 *fill*         0x08005052        0x2 
 .text.USBD_SetConfig
                0x08005054       0xc4 CMakeFiles/FreeRTOS-Frame.elf.dir/Middlewares/ST/STM32_USB_Device_Library/Core/Src/usbd_ctlreq.c.obj
 .text.USBD_GetConfig
                0x08005118       0x3e CMakeFiles/FreeRTOS-Frame.elf.dir/Middlewares/ST/STM32_USB_Device_Library/Core/Src/usbd_ctlreq.c.obj
 .text.USBD_GetStatus
                0x08005156       0x38 CMakeFiles/FreeRTOS-Frame.elf.dir/Middlewares/ST/STM32_USB_Device_Library/Core/Src/usbd_ctlreq.c.obj
 .text.USBD_ClrFeature
                0x0800518e       0x26 CMakeFiles/FreeRTOS-Frame.elf.dir/Middlewares/ST/STM32_USB_Device_Library/Core/Src/usbd_ctlreq.c.obj
 .text.USBD_StdDevReq
                0x080051b4       0x70 CMakeFiles/FreeRTOS-Frame.elf.dir/Middlewares/ST/STM32_USB_Device_Library/Core/Src/usbd_ctlreq.c.obj
                0x080051b4                USBD_StdDevReq
 .text.USBD_StdItfReq
                0x08005224       0x68 CMakeFiles/FreeRTOS-Frame.elf.dir/Middlewares/ST/STM32_USB_Device_Library/Core/Src/usbd_ctlreq.c.obj
                0x08005224                USBD_StdItfReq
 .text.USBD_StdEPReq
                0x0800528c      0x1e4 CMakeFiles/FreeRTOS-Frame.elf.dir/Middlewares/ST/STM32_USB_Device_Library/Core/Src/usbd_ctlreq.c.obj
                0x0800528c                USBD_StdEPReq
 .text.USBD_GetString
                0x08005470       0x36 CMakeFiles/FreeRTOS-Frame.elf.dir/Middlewares/ST/STM32_USB_Device_Library/Core/Src/usbd_ctlreq.c.obj
                0x08005470                USBD_GetString
 .text.USBD_CtlSendData
                0x080054a6       0x1a CMakeFiles/FreeRTOS-Frame.elf.dir/Middlewares/ST/STM32_USB_Device_Library/Core/Src/usbd_ioreq.c.obj
                0x080054a6                USBD_CtlSendData
 .text.USBD_CtlContinueSendData
                0x080054c0       0x10 CMakeFiles/FreeRTOS-Frame.elf.dir/Middlewares/ST/STM32_USB_Device_Library/Core/Src/usbd_ioreq.c.obj
                0x080054c0                USBD_CtlContinueSendData
 .text.USBD_CtlPrepareRx
                0x080054d0       0x1e CMakeFiles/FreeRTOS-Frame.elf.dir/Middlewares/ST/STM32_USB_Device_Library/Core/Src/usbd_ioreq.c.obj
                0x080054d0                USBD_CtlPrepareRx
 .text.USBD_CtlContinueRx
                0x080054ee       0x10 CMakeFiles/FreeRTOS-Frame.elf.dir/Middlewares/ST/STM32_USB_Device_Library/Core/Src/usbd_ioreq.c.obj
                0x080054ee                USBD_CtlContinueRx
 .text.USBD_CtlSendStatus
                0x080054fe       0x16 CMakeFiles/FreeRTOS-Frame.elf.dir/Middlewares/ST/STM32_USB_Device_Library/Core/Src/usbd_ioreq.c.obj
                0x080054fe                USBD_CtlSendStatus
 .text.USBD_CtlReceiveStatus
                0x08005514       0x16 CMakeFiles/FreeRTOS-Frame.elf.dir/Middlewares/ST/STM32_USB_Device_Library/Core/Src/usbd_ioreq.c.obj
                0x08005514                USBD_CtlReceiveStatus
 .text.makeFreeRtosPriority
                0x0800552a        0xc CMakeFiles/FreeRTOS-Frame.elf.dir/Middlewares/Third_Party/FreeRTOS/Source/CMSIS_RTOS/cmsis_os.c.obj
 .text.osKernelStart
                0x08005536        0xa CMakeFiles/FreeRTOS-Frame.elf.dir/Middlewares/Third_Party/FreeRTOS/Source/CMSIS_RTOS/cmsis_os.c.obj
                0x08005536                osKernelStart
 .text.osThreadCreate
                0x08005540       0x6a CMakeFiles/FreeRTOS-Frame.elf.dir/Middlewares/Third_Party/FreeRTOS/Source/CMSIS_RTOS/cmsis_os.c.obj
                0x08005540                osThreadCreate
 .text.osDelay  0x080055aa        0xe CMakeFiles/FreeRTOS-Frame.elf.dir/Middlewares/Third_Party/FreeRTOS/Source/CMSIS_RTOS/cmsis_os.c.obj
                0x080055aa                osDelay
 .text.vListInitialise
                0x080055b8       0x16 CMakeFiles/FreeRTOS-Frame.elf.dir/Middlewares/Third_Party/FreeRTOS/Source/list.c.obj
                0x080055b8                vListInitialise
 .text.vListInitialiseItem
                0x080055ce        0x6 CMakeFiles/FreeRTOS-Frame.elf.dir/Middlewares/Third_Party/FreeRTOS/Source/list.c.obj
                0x080055ce                vListInitialiseItem
 .text.vListInsertEnd
                0x080055d4       0x16 CMakeFiles/FreeRTOS-Frame.elf.dir/Middlewares/Third_Party/FreeRTOS/Source/list.c.obj
                0x080055d4                vListInsertEnd
 .text.vListInsert
                0x080055ea       0x32 CMakeFiles/FreeRTOS-Frame.elf.dir/Middlewares/Third_Party/FreeRTOS/Source/list.c.obj
                0x080055ea                vListInsert
 .text.uxListRemove
                0x0800561c       0x26 CMakeFiles/FreeRTOS-Frame.elf.dir/Middlewares/Third_Party/FreeRTOS/Source/list.c.obj
                0x0800561c                uxListRemove
 *fill*         0x08005642        0x2 
 .text.prvHeapInit
                0x08005644       0x64 CMakeFiles/FreeRTOS-Frame.elf.dir/Middlewares/Third_Party/FreeRTOS/Source/portable/MemMang/heap_4.c.obj
 .text.prvInsertBlockIntoFreeList
                0x080056a8       0x58 CMakeFiles/FreeRTOS-Frame.elf.dir/Middlewares/Third_Party/FreeRTOS/Source/portable/MemMang/heap_4.c.obj
 .text.pvPortMalloc
                0x08005700       0xf0 CMakeFiles/FreeRTOS-Frame.elf.dir/Middlewares/Third_Party/FreeRTOS/Source/portable/MemMang/heap_4.c.obj
                0x08005700                pvPortMalloc
 .text.vPortFree
                0x080057f0       0x70 CMakeFiles/FreeRTOS-Frame.elf.dir/Middlewares/Third_Party/FreeRTOS/Source/portable/MemMang/heap_4.c.obj
                0x080057f0                vPortFree
 .text.prvTaskExitError
                0x08005860       0x40 CMakeFiles/FreeRTOS-Frame.elf.dir/Middlewares/Third_Party/FreeRTOS/Source/portable/RVDS/ARM_CM4F/port.c.obj
 .text.prvPortStartFirstTask
                0x080058a0       0x28 CMakeFiles/FreeRTOS-Frame.elf.dir/Middlewares/Third_Party/FreeRTOS/Source/portable/RVDS/ARM_CM4F/port.c.obj
 .text.vPortEnableVFP
                0x080058c8       0x14 CMakeFiles/FreeRTOS-Frame.elf.dir/Middlewares/Third_Party/FreeRTOS/Source/portable/RVDS/ARM_CM4F/port.c.obj
 .text.pxPortInitialiseStack
                0x080058dc       0x2c CMakeFiles/FreeRTOS-Frame.elf.dir/Middlewares/Third_Party/FreeRTOS/Source/portable/RVDS/ARM_CM4F/port.c.obj
                0x080058dc                pxPortInitialiseStack
 *fill*         0x08005908        0x8 
 .text.SVC_Handler
                0x08005910       0x24 CMakeFiles/FreeRTOS-Frame.elf.dir/Middlewares/Third_Party/FreeRTOS/Source/portable/RVDS/ARM_CM4F/port.c.obj
                0x08005910                SVC_Handler
 .text.vPortEnterCritical
                0x08005934       0x44 CMakeFiles/FreeRTOS-Frame.elf.dir/Middlewares/Third_Party/FreeRTOS/Source/portable/RVDS/ARM_CM4F/port.c.obj
                0x08005934                vPortEnterCritical
 .text.vPortExitCritical
                0x08005978       0x2c CMakeFiles/FreeRTOS-Frame.elf.dir/Middlewares/Third_Party/FreeRTOS/Source/portable/RVDS/ARM_CM4F/port.c.obj
                0x08005978                vPortExitCritical
 *fill*         0x080059a4        0xc 
 .text.PendSV_Handler
                0x080059b0       0x64 CMakeFiles/FreeRTOS-Frame.elf.dir/Middlewares/Third_Party/FreeRTOS/Source/portable/RVDS/ARM_CM4F/port.c.obj
                0x080059b0                PendSV_Handler
 .text.xPortSysTickHandler
                0x08005a14       0x2c CMakeFiles/FreeRTOS-Frame.elf.dir/Middlewares/Third_Party/FreeRTOS/Source/portable/RVDS/ARM_CM4F/port.c.obj
                0x08005a14                xPortSysTickHandler
 .text.vPortSetupTimerInterrupt
                0x08005a40       0x38 CMakeFiles/FreeRTOS-Frame.elf.dir/Middlewares/Third_Party/FreeRTOS/Source/portable/RVDS/ARM_CM4F/port.c.obj
                0x08005a40                vPortSetupTimerInterrupt
 .text.xPortStartScheduler
                0x08005a78      0x110 CMakeFiles/FreeRTOS-Frame.elf.dir/Middlewares/Third_Party/FreeRTOS/Source/portable/RVDS/ARM_CM4F/port.c.obj
                0x08005a78                xPortStartScheduler
 .text.prvResetNextTaskUnblockTime
                0x08005b88       0x2c CMakeFiles/FreeRTOS-Frame.elf.dir/Middlewares/Third_Party/FreeRTOS/Source/tasks.c.obj
 .text.prvInitialiseNewTask
                0x08005bb4       0x8e CMakeFiles/FreeRTOS-Frame.elf.dir/Middlewares/Third_Party/FreeRTOS/Source/tasks.c.obj
 *fill*         0x08005c42        0x2 
 .text.prvInitialiseTaskLists
                0x08005c44       0x68 CMakeFiles/FreeRTOS-Frame.elf.dir/Middlewares/Third_Party/FreeRTOS/Source/tasks.c.obj
 .text.prvAddNewTaskToReadyList
                0x08005cac       0xa8 CMakeFiles/FreeRTOS-Frame.elf.dir/Middlewares/Third_Party/FreeRTOS/Source/tasks.c.obj
 .text.prvDeleteTCB
                0x08005d54       0x38 CMakeFiles/FreeRTOS-Frame.elf.dir/Middlewares/Third_Party/FreeRTOS/Source/tasks.c.obj
 .text.prvCheckTasksWaitingTermination
                0x08005d8c       0x4c CMakeFiles/FreeRTOS-Frame.elf.dir/Middlewares/Third_Party/FreeRTOS/Source/tasks.c.obj
 .text.prvIdleTask
                0x08005dd8       0x28 CMakeFiles/FreeRTOS-Frame.elf.dir/Middlewares/Third_Party/FreeRTOS/Source/tasks.c.obj
 .text.prvAddCurrentTaskToDelayedList
                0x08005e00       0x98 CMakeFiles/FreeRTOS-Frame.elf.dir/Middlewares/Third_Party/FreeRTOS/Source/tasks.c.obj
 .text.xTaskCreateStatic
                0x08005e98       0x74 CMakeFiles/FreeRTOS-Frame.elf.dir/Middlewares/Third_Party/FreeRTOS/Source/tasks.c.obj
                0x08005e98                xTaskCreateStatic
 .text.xTaskCreate
                0x08005f0c       0x68 CMakeFiles/FreeRTOS-Frame.elf.dir/Middlewares/Third_Party/FreeRTOS/Source/tasks.c.obj
                0x08005f0c                xTaskCreate
 .text.vTaskStartScheduler
                0x08005f74       0x6c CMakeFiles/FreeRTOS-Frame.elf.dir/Middlewares/Third_Party/FreeRTOS/Source/tasks.c.obj
                0x08005f74                vTaskStartScheduler
 .text.vTaskSuspendAll
                0x08005fe0       0x10 CMakeFiles/FreeRTOS-Frame.elf.dir/Middlewares/Third_Party/FreeRTOS/Source/tasks.c.obj
                0x08005fe0                vTaskSuspendAll
 .text.xTaskIncrementTick
                0x08005ff0      0x118 CMakeFiles/FreeRTOS-Frame.elf.dir/Middlewares/Third_Party/FreeRTOS/Source/tasks.c.obj
                0x08005ff0                xTaskIncrementTick
 .text.xTaskResumeAll
                0x08006108       0xf8 CMakeFiles/FreeRTOS-Frame.elf.dir/Middlewares/Third_Party/FreeRTOS/Source/tasks.c.obj
                0x08006108                xTaskResumeAll
 .text.vTaskDelay
                0x08006200       0x4c CMakeFiles/FreeRTOS-Frame.elf.dir/Middlewares/Third_Party/FreeRTOS/Source/tasks.c.obj
                0x08006200                vTaskDelay
 .text.vTaskSwitchContext
                0x0800624c       0x98 CMakeFiles/FreeRTOS-Frame.elf.dir/Middlewares/Third_Party/FreeRTOS/Source/tasks.c.obj
                0x0800624c                vTaskSwitchContext
 .text.xTaskGetSchedulerState
                0x080062e4       0x20 CMakeFiles/FreeRTOS-Frame.elf.dir/Middlewares/Third_Party/FreeRTOS/Source/tasks.c.obj
                0x080062e4                xTaskGetSchedulerState
 .text.MX_USB_DEVICE_Init
                0x08006304       0x54 CMakeFiles/FreeRTOS-Frame.elf.dir/USB_DEVICE/App/usb_device.c.obj
                0x08006304                MX_USB_DEVICE_Init
 .text.CDC_DeInit_FS
                0x08006358        0x4 CMakeFiles/FreeRTOS-Frame.elf.dir/USB_DEVICE/App/usbd_cdc_if.c.obj
 .text.CDC_Control_FS
                0x0800635c        0x4 CMakeFiles/FreeRTOS-Frame.elf.dir/USB_DEVICE/App/usbd_cdc_if.c.obj
 .text.CDC_TransmitCplt_FS
                0x08006360        0x4 CMakeFiles/FreeRTOS-Frame.elf.dir/USB_DEVICE/App/usbd_cdc_if.c.obj
 .text.CDC_Receive_FS
                0x08006364       0x1c CMakeFiles/FreeRTOS-Frame.elf.dir/USB_DEVICE/App/usbd_cdc_if.c.obj
 .text.CDC_Init_FS
                0x08006380       0x28 CMakeFiles/FreeRTOS-Frame.elf.dir/USB_DEVICE/App/usbd_cdc_if.c.obj
 .text.USBD_FS_DeviceDescriptor
                0x080063a8        0xc CMakeFiles/FreeRTOS-Frame.elf.dir/USB_DEVICE/App/usbd_desc.c.obj
                0x080063a8                USBD_FS_DeviceDescriptor
 .text.USBD_FS_LangIDStrDescriptor
                0x080063b4        0xc CMakeFiles/FreeRTOS-Frame.elf.dir/USB_DEVICE/App/usbd_desc.c.obj
                0x080063b4                USBD_FS_LangIDStrDescriptor
 .text.IntToUnicode
                0x080063c0       0x38 CMakeFiles/FreeRTOS-Frame.elf.dir/USB_DEVICE/App/usbd_desc.c.obj
 .text.Get_SerialNum
                0x080063f8       0x34 CMakeFiles/FreeRTOS-Frame.elf.dir/USB_DEVICE/App/usbd_desc.c.obj
 .text.USBD_FS_SerialStrDescriptor
                0x0800642c       0x14 CMakeFiles/FreeRTOS-Frame.elf.dir/USB_DEVICE/App/usbd_desc.c.obj
                0x0800642c                USBD_FS_SerialStrDescriptor
 .text.USBD_FS_ProductStrDescriptor
                0x08006440       0x24 CMakeFiles/FreeRTOS-Frame.elf.dir/USB_DEVICE/App/usbd_desc.c.obj
                0x08006440                USBD_FS_ProductStrDescriptor
 .text.USBD_FS_ManufacturerStrDescriptor
                0x08006464       0x1c CMakeFiles/FreeRTOS-Frame.elf.dir/USB_DEVICE/App/usbd_desc.c.obj
                0x08006464                USBD_FS_ManufacturerStrDescriptor
 .text.USBD_FS_ConfigStrDescriptor
                0x08006480       0x24 CMakeFiles/FreeRTOS-Frame.elf.dir/USB_DEVICE/App/usbd_desc.c.obj
                0x08006480                USBD_FS_ConfigStrDescriptor
 .text.USBD_FS_InterfaceStrDescriptor
                0x080064a4       0x24 CMakeFiles/FreeRTOS-Frame.elf.dir/USB_DEVICE/App/usbd_desc.c.obj
                0x080064a4                USBD_FS_InterfaceStrDescriptor
 .text.HAL_PCD_MspInit
                0x080064c8       0x88 CMakeFiles/FreeRTOS-Frame.elf.dir/USB_DEVICE/Target/usbd_conf.c.obj
                0x080064c8                HAL_PCD_MspInit
 .text.HAL_PCD_SetupStageCallback
                0x08006550       0x10 CMakeFiles/FreeRTOS-Frame.elf.dir/USB_DEVICE/Target/usbd_conf.c.obj
                0x08006550                HAL_PCD_SetupStageCallback
 .text.HAL_PCD_DataOutStageCallback
                0x08006560       0x18 CMakeFiles/FreeRTOS-Frame.elf.dir/USB_DEVICE/Target/usbd_conf.c.obj
                0x08006560                HAL_PCD_DataOutStageCallback
 .text.HAL_PCD_DataInStageCallback
                0x08006578       0x16 CMakeFiles/FreeRTOS-Frame.elf.dir/USB_DEVICE/Target/usbd_conf.c.obj
                0x08006578                HAL_PCD_DataInStageCallback
 .text.HAL_PCD_SOFCallback
                0x0800658e        0xc CMakeFiles/FreeRTOS-Frame.elf.dir/USB_DEVICE/Target/usbd_conf.c.obj
                0x0800658e                HAL_PCD_SOFCallback
 .text.HAL_PCD_ResetCallback
                0x0800659a       0x2c CMakeFiles/FreeRTOS-Frame.elf.dir/USB_DEVICE/Target/usbd_conf.c.obj
                0x0800659a                HAL_PCD_ResetCallback
 *fill*         0x080065c6        0x2 
 .text.HAL_PCD_SuspendCallback
                0x080065c8       0x30 CMakeFiles/FreeRTOS-Frame.elf.dir/USB_DEVICE/Target/usbd_conf.c.obj
                0x080065c8                HAL_PCD_SuspendCallback
 .text.HAL_PCD_ResumeCallback
                0x080065f8        0xc CMakeFiles/FreeRTOS-Frame.elf.dir/USB_DEVICE/Target/usbd_conf.c.obj
                0x080065f8                HAL_PCD_ResumeCallback
 .text.HAL_PCD_ISOOUTIncompleteCallback
                0x08006604        0xc CMakeFiles/FreeRTOS-Frame.elf.dir/USB_DEVICE/Target/usbd_conf.c.obj
                0x08006604                HAL_PCD_ISOOUTIncompleteCallback
 .text.HAL_PCD_ISOINIncompleteCallback
                0x08006610        0xc CMakeFiles/FreeRTOS-Frame.elf.dir/USB_DEVICE/Target/usbd_conf.c.obj
                0x08006610                HAL_PCD_ISOINIncompleteCallback
 .text.HAL_PCD_ConnectCallback
                0x0800661c        0xc CMakeFiles/FreeRTOS-Frame.elf.dir/USB_DEVICE/Target/usbd_conf.c.obj
                0x0800661c                HAL_PCD_ConnectCallback
 .text.HAL_PCD_DisconnectCallback
                0x08006628        0xc CMakeFiles/FreeRTOS-Frame.elf.dir/USB_DEVICE/Target/usbd_conf.c.obj
                0x08006628                HAL_PCD_DisconnectCallback
 .text.USBD_LL_Init
                0x08006634       0x68 CMakeFiles/FreeRTOS-Frame.elf.dir/USB_DEVICE/Target/usbd_conf.c.obj
                0x08006634                USBD_LL_Init
 .text.USBD_LL_IsStallEP
                0x0800669c       0x2e CMakeFiles/FreeRTOS-Frame.elf.dir/USB_DEVICE/Target/usbd_conf.c.obj
                0x0800669c                USBD_LL_IsStallEP
 .text.USBD_LL_GetRxDataSize
                0x080066ca        0xc CMakeFiles/FreeRTOS-Frame.elf.dir/USB_DEVICE/Target/usbd_conf.c.obj
                0x080066ca                USBD_LL_GetRxDataSize
 .text.USBD_Get_USB_Status
                0x080066d6       0x14 CMakeFiles/FreeRTOS-Frame.elf.dir/USB_DEVICE/Target/usbd_conf.c.obj
                0x080066d6                USBD_Get_USB_Status
 .text.USBD_LL_Start
                0x080066ea       0x10 CMakeFiles/FreeRTOS-Frame.elf.dir/USB_DEVICE/Target/usbd_conf.c.obj
                0x080066ea                USBD_LL_Start
 .text.USBD_LL_OpenEP
                0x080066fa       0x16 CMakeFiles/FreeRTOS-Frame.elf.dir/USB_DEVICE/Target/usbd_conf.c.obj
                0x080066fa                USBD_LL_OpenEP
 .text.USBD_LL_CloseEP
                0x08006710       0x10 CMakeFiles/FreeRTOS-Frame.elf.dir/USB_DEVICE/Target/usbd_conf.c.obj
                0x08006710                USBD_LL_CloseEP
 .text.USBD_LL_StallEP
                0x08006720       0x10 CMakeFiles/FreeRTOS-Frame.elf.dir/USB_DEVICE/Target/usbd_conf.c.obj
                0x08006720                USBD_LL_StallEP
 .text.USBD_LL_ClearStallEP
                0x08006730       0x10 CMakeFiles/FreeRTOS-Frame.elf.dir/USB_DEVICE/Target/usbd_conf.c.obj
                0x08006730                USBD_LL_ClearStallEP
 .text.USBD_LL_SetUSBAddress
                0x08006740       0x10 CMakeFiles/FreeRTOS-Frame.elf.dir/USB_DEVICE/Target/usbd_conf.c.obj
                0x08006740                USBD_LL_SetUSBAddress
 .text.USBD_LL_Transmit
                0x08006750       0x10 CMakeFiles/FreeRTOS-Frame.elf.dir/USB_DEVICE/Target/usbd_conf.c.obj
                0x08006750                USBD_LL_Transmit
 .text.USBD_LL_PrepareReceive
                0x08006760       0x10 CMakeFiles/FreeRTOS-Frame.elf.dir/USB_DEVICE/Target/usbd_conf.c.obj
                0x08006760                USBD_LL_PrepareReceive
 .text.Reset_Handler
                0x08006770       0x50 CMakeFiles/FreeRTOS-Frame.elf.dir/startup/startup_stm32f427xx.s.obj
                0x08006770                Reset_Handler
 .text.Default_Handler
                0x080067c0        0x2 CMakeFiles/FreeRTOS-Frame.elf.dir/startup/startup_stm32f427xx.s.obj
                0x080067c0                RTC_Alarm_IRQHandler
                0x080067c0                HASH_RNG_IRQHandler
                0x080067c0                EXTI2_IRQHandler
                0x080067c0                TIM8_CC_IRQHandler
                0x080067c0                SPI4_IRQHandler
                0x080067c0                TIM1_CC_IRQHandler
                0x080067c0                DMA2_Stream5_IRQHandler
                0x080067c0                DMA1_Stream5_IRQHandler
                0x080067c0                PVD_IRQHandler
                0x080067c0                SDIO_IRQHandler
                0x080067c0                TAMP_STAMP_IRQHandler
                0x080067c0                CAN2_RX1_IRQHandler
                0x080067c0                EXTI3_IRQHandler
                0x080067c0                TIM8_TRG_COM_TIM14_IRQHandler
                0x080067c0                TIM1_UP_TIM10_IRQHandler
                0x080067c0                TIM8_UP_TIM13_IRQHandler
                0x080067c0                I2C3_ER_IRQHandler
                0x080067c0                EXTI0_IRQHandler
                0x080067c0                I2C2_EV_IRQHandler
                0x080067c0                DMA1_Stream2_IRQHandler
                0x080067c0                CAN1_RX0_IRQHandler
                0x080067c0                FPU_IRQHandler
                0x080067c0                OTG_HS_WKUP_IRQHandler
                0x080067c0                CAN2_SCE_IRQHandler
                0x080067c0                SPI1_IRQHandler
                0x080067c0                TIM6_DAC_IRQHandler
                0x080067c0                TIM1_BRK_TIM9_IRQHandler
                0x080067c0                DCMI_IRQHandler
                0x080067c0                CAN2_RX0_IRQHandler
                0x080067c0                USART3_IRQHandler
                0x080067c0                CAN1_RX1_IRQHandler
                0x080067c0                UART5_IRQHandler
                0x080067c0                DMA2_Stream0_IRQHandler
                0x080067c0                TIM4_IRQHandler
                0x080067c0                I2C1_EV_IRQHandler
                0x080067c0                UART4_IRQHandler
                0x080067c0                TIM3_IRQHandler
                0x080067c0                RCC_IRQHandler
                0x080067c0                TIM8_BRK_TIM12_IRQHandler
                0x080067c0                Default_Handler
                0x080067c0                EXTI15_10_IRQHandler
                0x080067c0                ADC_IRQHandler
                0x080067c0                DMA1_Stream7_IRQHandler
                0x080067c0                TIM7_IRQHandler
                0x080067c0                CAN2_TX_IRQHandler
                0x080067c0                TIM5_IRQHandler
                0x080067c0                DMA2_Stream7_IRQHandler
                0x080067c0                I2C3_EV_IRQHandler
                0x080067c0                EXTI9_5_IRQHandler
                0x080067c0                RTC_WKUP_IRQHandler
                0x080067c0                ETH_WKUP_IRQHandler
                0x080067c0                SPI2_IRQHandler
                0x080067c0                OTG_HS_EP1_IN_IRQHandler
                0x080067c0                DMA1_Stream0_IRQHandler
                0x080067c0                CAN1_TX_IRQHandler
                0x080067c0                EXTI4_IRQHandler
                0x080067c0                ETH_IRQHandler
                0x080067c0                OTG_HS_EP1_OUT_IRQHandler
                0x080067c0                WWDG_IRQHandler
                0x080067c0                SPI6_IRQHandler
                0x080067c0                TIM2_IRQHandler
                0x080067c0                OTG_FS_WKUP_IRQHandler
                0x080067c0                TIM1_TRG_COM_TIM11_IRQHandler
                0x080067c0                OTG_HS_IRQHandler
                0x080067c0                DMA2D_IRQHandler
                0x080067c0                EXTI1_IRQHandler
                0x080067c0                USART2_IRQHandler
                0x080067c0                I2C2_ER_IRQHandler
                0x080067c0                CAN1_SCE_IRQHandler
                0x080067c0                FLASH_IRQHandler
                0x080067c0                USART1_IRQHandler
                0x080067c0                SPI3_IRQHandler
                0x080067c0                DMA1_Stream4_IRQHandler
                0x080067c0                I2C1_ER_IRQHandler
                0x080067c0                FMC_IRQHandler
                0x080067c0                SAI1_IRQHandler
 *fill*         0x080067c2        0x2 
 .text.__errno  0x080067c4        0xc e:/softwares/gcc-arm-none-eabo-9-2019-q4/bin/../lib/gcc/arm-none-eabi/9.2.1/../../../../arm-none-eabi/lib/thumb/v7e-m+fp/hard\libg.a(lib_a-errno.o)
                0x080067c4                __errno
 .text.__libc_init_array
                0x080067d0       0x48 e:/softwares/gcc-arm-none-eabo-9-2019-q4/bin/../lib/gcc/arm-none-eabi/9.2.1/../../../../arm-none-eabi/lib/thumb/v7e-m+fp/hard\libg.a(lib_a-init.o)
                0x080067d0                __libc_init_array
 .text.malloc   0x08006818       0x10 e:/softwares/gcc-arm-none-eabo-9-2019-q4/bin/../lib/gcc/arm-none-eabi/9.2.1/../../../../arm-none-eabi/lib/thumb/v7e-m+fp/hard\libg.a(lib_a-malloc.o)
                0x08006818                malloc
 .text.free     0x08006828       0x10 e:/softwares/gcc-arm-none-eabo-9-2019-q4/bin/../lib/gcc/arm-none-eabi/9.2.1/../../../../arm-none-eabi/lib/thumb/v7e-m+fp/hard\libg.a(lib_a-malloc.o)
                0x08006828                free
 .text._malloc_r
                0x08006838      0x574 e:/softwares/gcc-arm-none-eabo-9-2019-q4/bin/../lib/gcc/arm-none-eabi/9.2.1/../../../../arm-none-eabi/lib/thumb/v7e-m+fp/hard\libg.a(lib_a-mallocr.o)
                0x08006838                _malloc_r
 .text.memset   0x08006dac       0xa0 e:/softwares/gcc-arm-none-eabo-9-2019-q4/bin/../lib/gcc/arm-none-eabi/9.2.1/../../../../arm-none-eabi/lib/thumb/v7e-m+fp/hard\libg.a(lib_a-memset.o)
                0x08006dac                memset
 .text.__malloc_lock
                0x08006e4c        0xc e:/softwares/gcc-arm-none-eabo-9-2019-q4/bin/../lib/gcc/arm-none-eabi/9.2.1/../../../../arm-none-eabi/lib/thumb/v7e-m+fp/hard\libg.a(lib_a-mlock.o)
                0x08006e4c                __malloc_lock
 .text.__malloc_unlock
                0x08006e58        0xc e:/softwares/gcc-arm-none-eabo-9-2019-q4/bin/../lib/gcc/arm-none-eabi/9.2.1/../../../../arm-none-eabi/lib/thumb/v7e-m+fp/hard\libg.a(lib_a-mlock.o)
                0x08006e58                __malloc_unlock
 .text._sbrk_r  0x08006e64       0x24 e:/softwares/gcc-arm-none-eabo-9-2019-q4/bin/../lib/gcc/arm-none-eabi/9.2.1/../../../../arm-none-eabi/lib/thumb/v7e-m+fp/hard\libg.a(lib_a-sbrkr.o)
                0x08006e64                _sbrk_r
 .text.startup.register_fini
                0x08006e88       0x14 e:/softwares/gcc-arm-none-eabo-9-2019-q4/bin/../lib/gcc/arm-none-eabi/9.2.1/../../../../arm-none-eabi/lib/thumb/v7e-m+fp/hard\libg.a(lib_a-__call_atexit.o)
 .text.atexit   0x08006e9c        0xc e:/softwares/gcc-arm-none-eabo-9-2019-q4/bin/../lib/gcc/arm-none-eabi/9.2.1/../../../../arm-none-eabi/lib/thumb/v7e-m+fp/hard\libg.a(lib_a-atexit.o)
                0x08006e9c                atexit
 .text.__libc_fini_array
                0x08006ea8       0x2c e:/softwares/gcc-arm-none-eabo-9-2019-q4/bin/../lib/gcc/arm-none-eabi/9.2.1/../../../../arm-none-eabi/lib/thumb/v7e-m+fp/hard\libg.a(lib_a-fini.o)
                0x08006ea8                __libc_fini_array
 .text._malloc_trim_r
                0x08006ed4       0xa0 e:/softwares/gcc-arm-none-eabo-9-2019-q4/bin/../lib/gcc/arm-none-eabi/9.2.1/../../../../arm-none-eabi/lib/thumb/v7e-m+fp/hard\libg.a(lib_a-freer.o)
                0x08006ed4                _malloc_trim_r
 .text._free_r  0x08006f74      0x208 e:/softwares/gcc-arm-none-eabo-9-2019-q4/bin/../lib/gcc/arm-none-eabi/9.2.1/../../../../arm-none-eabi/lib/thumb/v7e-m+fp/hard\libg.a(lib_a-freer.o)
                0x08006f74                _free_r
 .text.__retarget_lock_acquire_recursive
                0x0800717c        0x4 e:/softwares/gcc-arm-none-eabo-9-2019-q4/bin/../lib/gcc/arm-none-eabi/9.2.1/../../../../arm-none-eabi/lib/thumb/v7e-m+fp/hard\libg.a(lib_a-lock.o)
                0x0800717c                __retarget_lock_acquire_recursive
 .text.__retarget_lock_release_recursive
                0x08007180        0x4 e:/softwares/gcc-arm-none-eabo-9-2019-q4/bin/../lib/gcc/arm-none-eabi/9.2.1/../../../../arm-none-eabi/lib/thumb/v7e-m+fp/hard\libg.a(lib_a-lock.o)
                0x08007180                __retarget_lock_release_recursive
 .text.__register_exitproc
                0x08007184       0x8c e:/softwares/gcc-arm-none-eabo-9-2019-q4/bin/../lib/gcc/arm-none-eabi/9.2.1/../../../../arm-none-eabi/lib/thumb/v7e-m+fp/hard\libg.a(lib_a-__atexit.o)
                0x08007184                __register_exitproc
 *(.glue_7)
 .glue_7        0x08007210        0x0 linker stubs
 *(.glue_7t)
 .glue_7t       0x08007210        0x0 linker stubs
 *(.eh_frame)
 .eh_frame      0x08007210        0x0 e:/softwares/gcc-arm-none-eabo-9-2019-q4/bin/../lib/gcc/arm-none-eabi/9.2.1/thumb/v7e-m+fp/hard/crtbegin.o
 *(.init)
 .init          0x08007210        0x4 e:/softwares/gcc-arm-none-eabo-9-2019-q4/bin/../lib/gcc/arm-none-eabi/9.2.1/thumb/v7e-m+fp/hard/crti.o
                0x08007210                _init
 .init          0x08007214        0x8 e:/softwares/gcc-arm-none-eabo-9-2019-q4/bin/../lib/gcc/arm-none-eabi/9.2.1/thumb/v7e-m+fp/hard/crtn.o
 *(.fini)
 .fini          0x0800721c        0x4 e:/softwares/gcc-arm-none-eabo-9-2019-q4/bin/../lib/gcc/arm-none-eabi/9.2.1/thumb/v7e-m+fp/hard/crti.o
                0x0800721c                _fini
 .fini          0x08007220        0x8 e:/softwares/gcc-arm-none-eabo-9-2019-q4/bin/../lib/gcc/arm-none-eabi/9.2.1/thumb/v7e-m+fp/hard/crtn.o
                0x08007228                . = ALIGN (0x4)
                0x08007228                _etext = .

.vfp11_veneer   0x08007228        0x0
 .vfp11_veneer  0x08007228        0x0 linker stubs

.v4_bx          0x08007228        0x0
 .v4_bx         0x08007228        0x0 linker stubs

.iplt           0x08007228        0x0
 .iplt          0x08007228        0x0 e:/softwares/gcc-arm-none-eabo-9-2019-q4/bin/../lib/gcc/arm-none-eabi/9.2.1/thumb/v7e-m+fp/hard/crtbegin.o

.rodata         0x08007228       0x9c
                0x08007228                . = ALIGN (0x4)
 *(.rodata)
 .rodata        0x08007228       0x1c CMakeFiles/FreeRTOS-Frame.elf.dir/Core/Src/freertos.c.obj
 *(.rodata*)
 .rodata.str1.4
                0x08007244        0xc CMakeFiles/FreeRTOS-Frame.elf.dir/Core/Src/freertos.c.obj
 .rodata.AHBPrescTable
                0x08007250       0x10 CMakeFiles/FreeRTOS-Frame.elf.dir/Core/Src/system_stm32f4xx.c.obj
                0x08007250                AHBPrescTable
 .rodata.APBPrescTable
                0x08007260        0x8 CMakeFiles/FreeRTOS-Frame.elf.dir/Core/Src/system_stm32f4xx.c.obj
                0x08007260                APBPrescTable
 .rodata.flagBitshiftOffset.9363
                0x08007268        0x8 CMakeFiles/FreeRTOS-Frame.elf.dir/Drivers/STM32F4xx_HAL_Driver/Src/stm32f4xx_hal_dma.c.obj
 .rodata.vTaskStartScheduler.str1.4
                0x08007270        0x5 CMakeFiles/FreeRTOS-Frame.elf.dir/Middlewares/Third_Party/FreeRTOS/Source/tasks.c.obj
 *fill*         0x08007275        0x3 
 .rodata.USBD_FS_ProductStrDescriptor.str1.4
                0x08007278       0x16 CMakeFiles/FreeRTOS-Frame.elf.dir/USB_DEVICE/App/usbd_desc.c.obj
 *fill*         0x0800728e        0x2 
 .rodata.USBD_FS_ManufacturerStrDescriptor.str1.4
                0x08007290       0x13 CMakeFiles/FreeRTOS-Frame.elf.dir/USB_DEVICE/App/usbd_desc.c.obj
 *fill*         0x080072a3        0x1 
 .rodata.USBD_FS_ConfigStrDescriptor.str1.4
                0x080072a4        0xb CMakeFiles/FreeRTOS-Frame.elf.dir/USB_DEVICE/App/usbd_desc.c.obj
 *fill*         0x080072af        0x1 
 .rodata.USBD_FS_InterfaceStrDescriptor.str1.4
                0x080072b0        0xe CMakeFiles/FreeRTOS-Frame.elf.dir/USB_DEVICE/App/usbd_desc.c.obj
 *fill*         0x080072be        0x2 
 .rodata._global_impure_ptr
                0x080072c0        0x4 e:/softwares/gcc-arm-none-eabo-9-2019-q4/bin/../lib/gcc/arm-none-eabi/9.2.1/../../../../arm-none-eabi/lib/thumb/v7e-m+fp/hard\libg.a(lib_a-impure.o)
                0x080072c0                _global_impure_ptr
                0x080072c4                . = ALIGN (0x4)

.ARM.extab
 *(.ARM.extab* .gnu.linkonce.armextab.*)

.ARM            0x080072c4        0x8
                0x080072c4                __exidx_start = .
 *(.ARM.exidx*)
 .ARM.exidx     0x080072c4        0x8 e:/softwares/gcc-arm-none-eabo-9-2019-q4/bin/../lib/gcc/arm-none-eabi/9.2.1/thumb/v7e-m+fp/hard\libgcc.a(_udivmoddi4.o)
                0x080072cc                __exidx_end = .

.rel.dyn        0x080072cc        0x0
 .rel.iplt      0x080072cc        0x0 e:/softwares/gcc-arm-none-eabo-9-2019-q4/bin/../lib/gcc/arm-none-eabi/9.2.1/thumb/v7e-m+fp/hard/crtbegin.o

.preinit_array  0x080072cc        0x0
                0x080072cc                PROVIDE (__preinit_array_start = .)
 *(.preinit_array*)
                0x080072cc                PROVIDE (__preinit_array_end = .)

.init_array     0x080072cc        0x8
                0x080072cc                PROVIDE (__init_array_start = .)
 *(SORT_BY_NAME(.init_array.*))
 .init_array.00000
                0x080072cc        0x4 e:/softwares/gcc-arm-none-eabo-9-2019-q4/bin/../lib/gcc/arm-none-eabi/9.2.1/../../../../arm-none-eabi/lib/thumb/v7e-m+fp/hard\libg.a(lib_a-__call_atexit.o)
 *(.init_array*)
 .init_array    0x080072d0        0x4 e:/softwares/gcc-arm-none-eabo-9-2019-q4/bin/../lib/gcc/arm-none-eabi/9.2.1/thumb/v7e-m+fp/hard/crtbegin.o
                0x080072d4                PROVIDE (__init_array_end = .)

.fini_array     0x080072d4        0x4
                0x080072d4                PROVIDE (__fini_array_start = .)
 *(SORT_BY_NAME(.fini_array.*))
 *(.fini_array*)
 .fini_array    0x080072d4        0x4 e:/softwares/gcc-arm-none-eabo-9-2019-q4/bin/../lib/gcc/arm-none-eabi/9.2.1/thumb/v7e-m+fp/hard/crtbegin.o
                0x080072d8                PROVIDE (__fini_array_end = .)
                0x080072d8                _sidata = LOADADDR (.data)

.data           0x20000000      0x9c4 load address 0x080072d8
                0x20000000                . = ALIGN (0x4)
                0x20000000                _sdata = .
 *(.data)
 *(.data*)
 .data.SystemCoreClock
                0x20000000        0x4 CMakeFiles/FreeRTOS-Frame.elf.dir/Core/Src/system_stm32f4xx.c.obj
                0x20000000                SystemCoreClock
 .data.uwTickFreq
                0x20000004        0x1 CMakeFiles/FreeRTOS-Frame.elf.dir/Drivers/STM32F4xx_HAL_Driver/Src/stm32f4xx_hal.c.obj
                0x20000004                uwTickFreq
 *fill*         0x20000005        0x3 
 .data.uwTickPrio
                0x20000008        0x4 CMakeFiles/FreeRTOS-Frame.elf.dir/Drivers/STM32F4xx_HAL_Driver/Src/stm32f4xx_hal.c.obj
                0x20000008                uwTickPrio
 .data.USBD_CDC
                0x2000000c       0x38 CMakeFiles/FreeRTOS-Frame.elf.dir/Middlewares/ST/STM32_USB_Device_Library/Class/CDC/Src/usbd_cdc.c.obj
                0x2000000c                USBD_CDC
 .data.USBD_CDC_CfgFSDesc
                0x20000044       0x43 CMakeFiles/FreeRTOS-Frame.elf.dir/Middlewares/ST/STM32_USB_Device_Library/Class/CDC/Src/usbd_cdc.c.obj
 *fill*         0x20000087        0x1 
 .data.USBD_CDC_CfgHSDesc
                0x20000088       0x43 CMakeFiles/FreeRTOS-Frame.elf.dir/Middlewares/ST/STM32_USB_Device_Library/Class/CDC/Src/usbd_cdc.c.obj
 *fill*         0x200000cb        0x1 
 .data.USBD_CDC_DeviceQualifierDesc
                0x200000cc        0xa CMakeFiles/FreeRTOS-Frame.elf.dir/Middlewares/ST/STM32_USB_Device_Library/Class/CDC/Src/usbd_cdc.c.obj
 *fill*         0x200000d6        0x2 
 .data.USBD_CDC_OtherSpeedCfgDesc
                0x200000d8       0x43 CMakeFiles/FreeRTOS-Frame.elf.dir/Middlewares/ST/STM32_USB_Device_Library/Class/CDC/Src/usbd_cdc.c.obj
 *fill*         0x2000011b        0x1 
 .data.uxCriticalNesting
                0x2000011c        0x4 CMakeFiles/FreeRTOS-Frame.elf.dir/Middlewares/Third_Party/FreeRTOS/Source/portable/RVDS/ARM_CM4F/port.c.obj
 .data.USBD_Interface_fops_FS
                0x20000120       0x14 CMakeFiles/FreeRTOS-Frame.elf.dir/USB_DEVICE/App/usbd_cdc_if.c.obj
                0x20000120                USBD_Interface_fops_FS
 .data.FS_Desc  0x20000134       0x1c CMakeFiles/FreeRTOS-Frame.elf.dir/USB_DEVICE/App/usbd_desc.c.obj
                0x20000134                FS_Desc
 .data.USBD_FS_DeviceDesc
                0x20000150       0x12 CMakeFiles/FreeRTOS-Frame.elf.dir/USB_DEVICE/App/usbd_desc.c.obj
                0x20000150                USBD_FS_DeviceDesc
 *fill*         0x20000162        0x2 
 .data.USBD_LangIDDesc
                0x20000164        0x4 CMakeFiles/FreeRTOS-Frame.elf.dir/USB_DEVICE/App/usbd_desc.c.obj
                0x20000164                USBD_LangIDDesc
 .data.USBD_StringSerial
                0x20000168       0x1a CMakeFiles/FreeRTOS-Frame.elf.dir/USB_DEVICE/App/usbd_desc.c.obj
                0x20000168                USBD_StringSerial
 *fill*         0x20000182        0x2 
 .data._impure_ptr
                0x20000184        0x4 e:/softwares/gcc-arm-none-eabo-9-2019-q4/bin/../lib/gcc/arm-none-eabi/9.2.1/../../../../arm-none-eabi/lib/thumb/v7e-m+fp/hard\libg.a(lib_a-impure.o)
                0x20000184                _impure_ptr
 .data.impure_data
                0x20000188      0x428 e:/softwares/gcc-arm-none-eabo-9-2019-q4/bin/../lib/gcc/arm-none-eabi/9.2.1/../../../../arm-none-eabi/lib/thumb/v7e-m+fp/hard\libg.a(lib_a-impure.o)
 .data.__malloc_av_
                0x200005b0      0x408 e:/softwares/gcc-arm-none-eabo-9-2019-q4/bin/../lib/gcc/arm-none-eabi/9.2.1/../../../../arm-none-eabi/lib/thumb/v7e-m+fp/hard\libg.a(lib_a-mallocr.o)
                0x200005b0                __malloc_av_
 .data.__malloc_sbrk_base
                0x200009b8        0x4 e:/softwares/gcc-arm-none-eabo-9-2019-q4/bin/../lib/gcc/arm-none-eabi/9.2.1/../../../../arm-none-eabi/lib/thumb/v7e-m+fp/hard\libg.a(lib_a-mallocr.o)
                0x200009b8                __malloc_sbrk_base
 .data.__malloc_trim_threshold
                0x200009bc        0x4 e:/softwares/gcc-arm-none-eabo-9-2019-q4/bin/../lib/gcc/arm-none-eabi/9.2.1/../../../../arm-none-eabi/lib/thumb/v7e-m+fp/hard\libg.a(lib_a-mallocr.o)
                0x200009bc                __malloc_trim_threshold
 .data.__atexit_recursive_mutex
                0x200009c0        0x4 e:/softwares/gcc-arm-none-eabo-9-2019-q4/bin/../lib/gcc/arm-none-eabi/9.2.1/../../../../arm-none-eabi/lib/thumb/v7e-m+fp/hard\libg.a(lib_a-__call_atexit.o)
                0x200009c0                __atexit_recursive_mutex
                0x200009c4                . = ALIGN (0x4)
                0x200009c4                _edata = .
                0x08007c9c                _siccmram = LOADADDR (.ccmram)

.igot.plt       0x200009c4        0x0 load address 0x08007c9c
 .igot.plt      0x200009c4        0x0 e:/softwares/gcc-arm-none-eabo-9-2019-q4/bin/../lib/gcc/arm-none-eabi/9.2.1/thumb/v7e-m+fp/hard/crtbegin.o

.ccmram         0x10000000        0x0 load address 0x08007c9c
                0x10000000                . = ALIGN (0x4)
                0x10000000                _sccmram = .
 *(.ccmram)
 *(.ccmram*)
                0x10000000                . = ALIGN (0x4)
                0x10000000                _eccmram = .
                0x10000000                . = ALIGN (0x4)

.bss            0x200009c4     0x5f50
                0x200009c4                _sbss = .
                0x200009c4                __bss_start__ = _sbss
 *(.bss)
 .bss           0x200009c4       0x1c e:/softwares/gcc-arm-none-eabo-9-2019-q4/bin/../lib/gcc/arm-none-eabi/9.2.1/thumb/v7e-m+fp/hard/crtbegin.o
 *(.bss*)
 .bss.hadc1     0x200009e0       0x48 CMakeFiles/FreeRTOS-Frame.elf.dir/Core/Src/adc.c.obj
                0x200009e0                hadc1
 .bss.HAL_RCC_CAN1_CLK_ENABLED
                0x20000a28        0x4 CMakeFiles/FreeRTOS-Frame.elf.dir/Core/Src/can.c.obj
 .bss.hcan1     0x20000a2c       0x28 CMakeFiles/FreeRTOS-Frame.elf.dir/Core/Src/can.c.obj
                0x20000a2c                hcan1
 .bss.hcan2     0x20000a54       0x28 CMakeFiles/FreeRTOS-Frame.elf.dir/Core/Src/can.c.obj
                0x20000a54                hcan2
 .bss.defaultTaskHandle
                0x20000a7c        0x4 CMakeFiles/FreeRTOS-Frame.elf.dir/Core/Src/freertos.c.obj
                0x20000a7c                defaultTaskHandle
 .bss.xIdleStack
                0x20000a80      0x200 CMakeFiles/FreeRTOS-Frame.elf.dir/Core/Src/freertos.c.obj
 .bss.xIdleTaskTCBBuffer
                0x20000c80       0x54 CMakeFiles/FreeRTOS-Frame.elf.dir/Core/Src/freertos.c.obj
 .bss.hi2c2     0x20000cd4       0x54 CMakeFiles/FreeRTOS-Frame.elf.dir/Core/Src/i2c.c.obj
                0x20000cd4                hi2c2
 .bss.hiwdg     0x20000d28        0xc CMakeFiles/FreeRTOS-Frame.elf.dir/Core/Src/iwdg.c.obj
                0x20000d28                hiwdg
 .bss.hdma_spi5_rx
                0x20000d34       0x60 CMakeFiles/FreeRTOS-Frame.elf.dir/Core/Src/spi.c.obj
                0x20000d34                hdma_spi5_rx
 .bss.hdma_spi5_tx
                0x20000d94       0x60 CMakeFiles/FreeRTOS-Frame.elf.dir/Core/Src/spi.c.obj
                0x20000d94                hdma_spi5_tx
 .bss.hspi5     0x20000df4       0x58 CMakeFiles/FreeRTOS-Frame.elf.dir/Core/Src/spi.c.obj
                0x20000df4                hspi5
 .bss.heap_end.7386
                0x20000e4c        0x4 CMakeFiles/FreeRTOS-Frame.elf.dir/Core/Src/syscalls.c.obj
 .bss.htim1     0x20000e50       0x40 CMakeFiles/FreeRTOS-Frame.elf.dir/Core/Src/tim.c.obj
                0x20000e50                htim1
 .bss.htim10    0x20000e90       0x40 CMakeFiles/FreeRTOS-Frame.elf.dir/Core/Src/tim.c.obj
                0x20000e90                htim10
 .bss.htim6     0x20000ed0       0x40 CMakeFiles/FreeRTOS-Frame.elf.dir/Core/Src/tim.c.obj
                0x20000ed0                htim6
 .bss.hdma_uart8_rx
                0x20000f10       0x60 CMakeFiles/FreeRTOS-Frame.elf.dir/Core/Src/usart.c.obj
                0x20000f10                hdma_uart8_rx
 .bss.hdma_usart1_rx
                0x20000f70       0x60 CMakeFiles/FreeRTOS-Frame.elf.dir/Core/Src/usart.c.obj
                0x20000f70                hdma_usart1_rx
 .bss.hdma_usart3_rx
                0x20000fd0       0x60 CMakeFiles/FreeRTOS-Frame.elf.dir/Core/Src/usart.c.obj
                0x20000fd0                hdma_usart3_rx
 .bss.hdma_usart3_tx
                0x20001030       0x60 CMakeFiles/FreeRTOS-Frame.elf.dir/Core/Src/usart.c.obj
                0x20001030                hdma_usart3_tx
 .bss.hdma_usart6_rx
                0x20001090       0x60 CMakeFiles/FreeRTOS-Frame.elf.dir/Core/Src/usart.c.obj
                0x20001090                hdma_usart6_rx
 .bss.hdma_usart6_tx
                0x200010f0       0x60 CMakeFiles/FreeRTOS-Frame.elf.dir/Core/Src/usart.c.obj
                0x200010f0                hdma_usart6_tx
 .bss.huart1    0x20001150       0x40 CMakeFiles/FreeRTOS-Frame.elf.dir/Core/Src/usart.c.obj
                0x20001150                huart1
 .bss.huart3    0x20001190       0x40 CMakeFiles/FreeRTOS-Frame.elf.dir/Core/Src/usart.c.obj
                0x20001190                huart3
 .bss.huart6    0x200011d0       0x40 CMakeFiles/FreeRTOS-Frame.elf.dir/Core/Src/usart.c.obj
                0x200011d0                huart6
 .bss.huart7    0x20001210       0x40 CMakeFiles/FreeRTOS-Frame.elf.dir/Core/Src/usart.c.obj
                0x20001210                huart7
 .bss.huart8    0x20001250       0x40 CMakeFiles/FreeRTOS-Frame.elf.dir/Core/Src/usart.c.obj
                0x20001250                huart8
 .bss.uwTick    0x20001290        0x4 CMakeFiles/FreeRTOS-Frame.elf.dir/Drivers/STM32F4xx_HAL_Driver/Src/stm32f4xx_hal.c.obj
                0x20001290                uwTick
 .bss.cfgidx.11272
                0x20001294        0x1 CMakeFiles/FreeRTOS-Frame.elf.dir/Middlewares/ST/STM32_USB_Device_Library/Core/Src/usbd_ctlreq.c.obj
 *fill*         0x20001295        0x3 
 .bss.pxEnd     0x20001298        0x4 CMakeFiles/FreeRTOS-Frame.elf.dir/Middlewares/Third_Party/FreeRTOS/Source/portable/MemMang/heap_4.c.obj
 .bss.ucHeap    0x2000129c     0x3c00 CMakeFiles/FreeRTOS-Frame.elf.dir/Middlewares/Third_Party/FreeRTOS/Source/portable/MemMang/heap_4.c.obj
 .bss.xBlockAllocatedBit
                0x20004e9c        0x4 CMakeFiles/FreeRTOS-Frame.elf.dir/Middlewares/Third_Party/FreeRTOS/Source/portable/MemMang/heap_4.c.obj
 .bss.xFreeBytesRemaining
                0x20004ea0        0x4 CMakeFiles/FreeRTOS-Frame.elf.dir/Middlewares/Third_Party/FreeRTOS/Source/portable/MemMang/heap_4.c.obj
 .bss.xMinimumEverFreeBytesRemaining
                0x20004ea4        0x4 CMakeFiles/FreeRTOS-Frame.elf.dir/Middlewares/Third_Party/FreeRTOS/Source/portable/MemMang/heap_4.c.obj
 .bss.xStart    0x20004ea8        0x8 CMakeFiles/FreeRTOS-Frame.elf.dir/Middlewares/Third_Party/FreeRTOS/Source/portable/MemMang/heap_4.c.obj
 .bss.ucMaxSysCallPriority
                0x20004eb0        0x1 CMakeFiles/FreeRTOS-Frame.elf.dir/Middlewares/Third_Party/FreeRTOS/Source/portable/RVDS/ARM_CM4F/port.c.obj
 *fill*         0x20004eb1        0x3 
 .bss.ulMaxPRIGROUPValue
                0x20004eb4        0x4 CMakeFiles/FreeRTOS-Frame.elf.dir/Middlewares/Third_Party/FreeRTOS/Source/portable/RVDS/ARM_CM4F/port.c.obj
 .bss.pxCurrentTCB
                0x20004eb8        0x4 CMakeFiles/FreeRTOS-Frame.elf.dir/Middlewares/Third_Party/FreeRTOS/Source/tasks.c.obj
                0x20004eb8                pxCurrentTCB
 .bss.pxDelayedTaskList
                0x20004ebc        0x4 CMakeFiles/FreeRTOS-Frame.elf.dir/Middlewares/Third_Party/FreeRTOS/Source/tasks.c.obj
 .bss.pxOverflowDelayedTaskList
                0x20004ec0        0x4 CMakeFiles/FreeRTOS-Frame.elf.dir/Middlewares/Third_Party/FreeRTOS/Source/tasks.c.obj
 .bss.pxReadyTasksLists
                0x20004ec4       0x8c CMakeFiles/FreeRTOS-Frame.elf.dir/Middlewares/Third_Party/FreeRTOS/Source/tasks.c.obj
 .bss.uxCurrentNumberOfTasks
                0x20004f50        0x4 CMakeFiles/FreeRTOS-Frame.elf.dir/Middlewares/Third_Party/FreeRTOS/Source/tasks.c.obj
 .bss.uxDeletedTasksWaitingCleanUp
                0x20004f54        0x4 CMakeFiles/FreeRTOS-Frame.elf.dir/Middlewares/Third_Party/FreeRTOS/Source/tasks.c.obj
 .bss.uxPendedTicks
                0x20004f58        0x4 CMakeFiles/FreeRTOS-Frame.elf.dir/Middlewares/Third_Party/FreeRTOS/Source/tasks.c.obj
 .bss.uxSchedulerSuspended
                0x20004f5c        0x4 CMakeFiles/FreeRTOS-Frame.elf.dir/Middlewares/Third_Party/FreeRTOS/Source/tasks.c.obj
 .bss.uxTaskNumber
                0x20004f60        0x4 CMakeFiles/FreeRTOS-Frame.elf.dir/Middlewares/Third_Party/FreeRTOS/Source/tasks.c.obj
 .bss.uxTopReadyPriority
                0x20004f64        0x4 CMakeFiles/FreeRTOS-Frame.elf.dir/Middlewares/Third_Party/FreeRTOS/Source/tasks.c.obj
 .bss.xDelayedTaskList1
                0x20004f68       0x14 CMakeFiles/FreeRTOS-Frame.elf.dir/Middlewares/Third_Party/FreeRTOS/Source/tasks.c.obj
 .bss.xDelayedTaskList2
                0x20004f7c       0x14 CMakeFiles/FreeRTOS-Frame.elf.dir/Middlewares/Third_Party/FreeRTOS/Source/tasks.c.obj
 .bss.xNextTaskUnblockTime
                0x20004f90        0x4 CMakeFiles/FreeRTOS-Frame.elf.dir/Middlewares/Third_Party/FreeRTOS/Source/tasks.c.obj
 .bss.xNumOfOverflows
                0x20004f94        0x4 CMakeFiles/FreeRTOS-Frame.elf.dir/Middlewares/Third_Party/FreeRTOS/Source/tasks.c.obj
 .bss.xPendingReadyList
                0x20004f98       0x14 CMakeFiles/FreeRTOS-Frame.elf.dir/Middlewares/Third_Party/FreeRTOS/Source/tasks.c.obj
 .bss.xSchedulerRunning
                0x20004fac        0x4 CMakeFiles/FreeRTOS-Frame.elf.dir/Middlewares/Third_Party/FreeRTOS/Source/tasks.c.obj
 .bss.xSuspendedTaskList
                0x20004fb0       0x14 CMakeFiles/FreeRTOS-Frame.elf.dir/Middlewares/Third_Party/FreeRTOS/Source/tasks.c.obj
 .bss.xTasksWaitingTermination
                0x20004fc4       0x14 CMakeFiles/FreeRTOS-Frame.elf.dir/Middlewares/Third_Party/FreeRTOS/Source/tasks.c.obj
 .bss.xTickCount
                0x20004fd8        0x4 CMakeFiles/FreeRTOS-Frame.elf.dir/Middlewares/Third_Party/FreeRTOS/Source/tasks.c.obj
 .bss.xYieldPending
                0x20004fdc        0x4 CMakeFiles/FreeRTOS-Frame.elf.dir/Middlewares/Third_Party/FreeRTOS/Source/tasks.c.obj
 .bss.hUsbDeviceFS
                0x20004fe0      0x2d0 CMakeFiles/FreeRTOS-Frame.elf.dir/USB_DEVICE/App/usb_device.c.obj
                0x20004fe0                hUsbDeviceFS
 .bss.UserRxBufferFS
                0x200052b0      0x800 CMakeFiles/FreeRTOS-Frame.elf.dir/USB_DEVICE/App/usbd_cdc_if.c.obj
                0x200052b0                UserRxBufferFS
 .bss.UserTxBufferFS
                0x20005ab0      0x800 CMakeFiles/FreeRTOS-Frame.elf.dir/USB_DEVICE/App/usbd_cdc_if.c.obj
                0x20005ab0                UserTxBufferFS
 .bss.USBD_StrDesc
                0x200062b0      0x200 CMakeFiles/FreeRTOS-Frame.elf.dir/USB_DEVICE/App/usbd_desc.c.obj
                0x200062b0                USBD_StrDesc
 .bss.hpcd_USB_OTG_FS
                0x200064b0      0x408 CMakeFiles/FreeRTOS-Frame.elf.dir/USB_DEVICE/Target/usbd_conf.c.obj
                0x200064b0                hpcd_USB_OTG_FS
 .bss.__malloc_current_mallinfo
                0x200068b8       0x28 e:/softwares/gcc-arm-none-eabo-9-2019-q4/bin/../lib/gcc/arm-none-eabi/9.2.1/../../../../arm-none-eabi/lib/thumb/v7e-m+fp/hard\libg.a(lib_a-mallocr.o)
                0x200068b8                __malloc_current_mallinfo
 .bss.__malloc_max_sbrked_mem
                0x200068e0        0x4 e:/softwares/gcc-arm-none-eabo-9-2019-q4/bin/../lib/gcc/arm-none-eabi/9.2.1/../../../../arm-none-eabi/lib/thumb/v7e-m+fp/hard\libg.a(lib_a-mallocr.o)
                0x200068e0                __malloc_max_sbrked_mem
 .bss.__malloc_max_total_mem