Archive member included to satisfy reference by file (symbol)

e:/softwares/gcc-arm-none-eabo-9-2019-q4/bin/../lib/gcc/arm-none-eabi/9.2.1/thumb/v7e-m+fp/hard\libgcc.a(_aeabi_uldivmod.o)
                              CMakeFiles/FreeRTOS-Frame.elf.dir/Drivers/STM32F4xx_HAL_Driver/Src/stm32f4xx_hal_rcc.c.obj (__aeabi_uldivmod)
e:/softwares/gcc-arm-none-eabo-9-2019-q4/bin/../lib/gcc/arm-none-eabi/9.2.1/thumb/v7e-m+fp/hard\libgcc.a(_udivmoddi4.o)
                              e:/softwares/gcc-arm-none-eabo-9-2019-q4/bin/../lib/gcc/arm-none-eabi/9.2.1/thumb/v7e-m+fp/hard\libgcc.a(_aeabi_uldivmod.o) (__udivmoddi4)
e:/softwares/gcc-arm-none-eabo-9-2019-q4/bin/../lib/gcc/arm-none-eabi/9.2.1/thumb/v7e-m+fp/hard\libgcc.a(_dvmd_tls.o)
                              e:/softwares/gcc-arm-none-eabo-9-2019-q4/bin/../lib/gcc/arm-none-eabi/9.2.1/thumb/v7e-m+fp/hard\libgcc.a(_aeabi_uldivmod.o) (__aeabi_ldiv0)
e:/softwares/gcc-arm-none-eabo-9-2019-q4/bin/../lib/gcc/arm-none-eabi/9.2.1/../../../../arm-none-eabi/lib/thumb/v7e-m+fp/hard\libg.a(lib_a-errno.o)
                              CMakeFiles/FreeRTOS-Frame.elf.dir/Core/Src/syscalls.c.obj (__errno)
e:/softwares/gcc-arm-none-eabo-9-2019-q4/bin/../lib/gcc/arm-none-eabi/9.2.1/../../../../arm-none-eabi/lib/thumb/v7e-m+fp/hard\libg.a(lib_a-exit.o)
                              e:/softwares/gcc-arm-none-eabo-9-2019-q4/bin/../lib/gcc/arm-none-eabi/9.2.1/../../../../arm-none-eabi/lib/thumb/v7e-m+fp/hard/crt0.o (exit)
e:/softwares/gcc-arm-none-eabo-9-2019-q4/bin/../lib/gcc/arm-none-eabi/9.2.1/../../../../arm-none-eabi/lib/thumb/v7e-m+fp/hard\libg.a(lib_a-impure.o)
                              e:/softwares/gcc-arm-none-eabo-9-2019-q4/bin/../lib/gcc/arm-none-eabi/9.2.1/../../../../arm-none-eabi/lib/thumb/v7e-m+fp/hard\libg.a(lib_a-exit.o) (_global_impure_ptr)
e:/softwares/gcc-arm-none-eabo-9-2019-q4/bin/../lib/gcc/arm-none-eabi/9.2.1/../../../../arm-none-eabi/lib/thumb/v7e-m+fp/hard\libg.a(lib_a-init.o)
                              e:/softwares/gcc-arm-none-eabo-9-2019-q4/bin/../lib/gcc/arm-none-eabi/9.2.1/../../../../arm-none-eabi/lib/thumb/v7e-m+fp/hard/crt0.o (__libc_init_array)
e:/softwares/gcc-arm-none-eabo-9-2019-q4/bin/../lib/gcc/arm-none-eabi/9.2.1/../../../../arm-none-eabi/lib/thumb/v7e-m+fp/hard\libg.a(lib_a-memcpy.o)
                              CMakeFiles/FreeRTOS-Frame.elf.dir/Middlewares/Third_Party/FreeRTOS/Source/queue.c.obj (memcpy)
e:/softwares/gcc-arm-none-eabo-9-2019-q4/bin/../lib/gcc/arm-none-eabi/9.2.1/../../../../arm-none-eabi/lib/thumb/v7e-m+fp/hard\libg.a(lib_a-memset.o)
                              e:/softwares/gcc-arm-none-eabo-9-2019-q4/bin/../lib/gcc/arm-none-eabi/9.2.1/../../../../arm-none-eabi/lib/thumb/v7e-m+fp/hard/crt0.o (memset)
e:/softwares/gcc-arm-none-eabo-9-2019-q4/bin/../lib/gcc/arm-none-eabi/9.2.1/../../../../arm-none-eabi/lib/thumb/v7e-m+fp/hard\libg.a(lib_a-__call_atexit.o)
                              e:/softwares/gcc-arm-none-eabo-9-2019-q4/bin/../lib/gcc/arm-none-eabi/9.2.1/../../../../arm-none-eabi/lib/thumb/v7e-m+fp/hard\libg.a(lib_a-exit.o) (__call_exitprocs)
e:/softwares/gcc-arm-none-eabo-9-2019-q4/bin/../lib/gcc/arm-none-eabi/9.2.1/../../../../arm-none-eabi/lib/thumb/v7e-m+fp/hard\libg.a(lib_a-atexit.o)
                              e:/softwares/gcc-arm-none-eabo-9-2019-q4/bin/../lib/gcc/arm-none-eabi/9.2.1/../../../../arm-none-eabi/lib/thumb/v7e-m+fp/hard\libg.a(lib_a-__call_atexit.o) (atexit)
e:/softwares/gcc-arm-none-eabo-9-2019-q4/bin/../lib/gcc/arm-none-eabi/9.2.1/../../../../arm-none-eabi/lib/thumb/v7e-m+fp/hard\libg.a(lib_a-fini.o)
                              e:/softwares/gcc-arm-none-eabo-9-2019-q4/bin/../lib/gcc/arm-none-eabi/9.2.1/../../../../arm-none-eabi/lib/thumb/v7e-m+fp/hard\libg.a(lib_a-__call_atexit.o) (__libc_fini_array)
e:/softwares/gcc-arm-none-eabo-9-2019-q4/bin/../lib/gcc/arm-none-eabi/9.2.1/../../../../arm-none-eabi/lib/thumb/v7e-m+fp/hard\libg.a(lib_a-lock.o)
                              e:/softwares/gcc-arm-none-eabo-9-2019-q4/bin/../lib/gcc/arm-none-eabi/9.2.1/../../../../arm-none-eabi/lib/thumb/v7e-m+fp/hard\libg.a(lib_a-__call_atexit.o) (__retarget_lock_acquire_recursive)
e:/softwares/gcc-arm-none-eabo-9-2019-q4/bin/../lib/gcc/arm-none-eabi/9.2.1/../../../../arm-none-eabi/lib/thumb/v7e-m+fp/hard\libg.a(lib_a-__atexit.o)
                              e:/softwares/gcc-arm-none-eabo-9-2019-q4/bin/../lib/gcc/arm-none-eabi/9.2.1/../../../../arm-none-eabi/lib/thumb/v7e-m+fp/hard\libg.a(lib_a-atexit.o) (__register_exitproc)

Allocating common symbols
Common symbol       size              file

__lock___atexit_recursive_mutex
                    0x1               e:/softwares/gcc-arm-none-eabo-9-2019-q4/bin/../lib/gcc/arm-none-eabi/9.2.1/../../../../arm-none-eabi/lib/thumb/v7e-m+fp/hard\libg.a(lib_a-lock.o)
__lock___arc4random_mutex
[...]
Memory Configuration

Name             Origin             Length             Attributes
RAM              0x20000000         0x00030000         xrw
CCMRAM           0x10000000         0x00010000         xrw
FLASH            0x08000000         0x00200000         xr
*default*        0x00000000         0xffffffff

Linker script and memory map

LOAD e:/softwares/gcc-arm-none-eabo-9-2019-q4/bin/../lib/gcc/arm-none-eabi/9.2.1/thumb/v7e-m+fp/hard/crti.o
LOAD e:/softwares/gcc-arm-none-eabo-9-2019-q4/bin/../lib/gcc/arm-none-eabi/9.2.1/thumb/v7e-m+fp/hard/crtbegin.o
LOAD e:/softwares/gcc-arm-none-eabo-9-2019-q4/bin/../lib/gcc/arm-none-eabi/9.2.1/../../../../arm-none-eabi/lib/thumb/v7e-m+fp/hard/crt0.o
LOAD CMakeFiles/FreeRTOS-Frame.elf.dir/Core/Src/adc.c.obj
LOAD CMakeFiles/FreeRTOS-Frame.elf.dir/Core/Src/can.c.obj
LOAD CMakeFiles/FreeRTOS-Frame.elf.dir/Core/Src/dma.c.obj
LOAD CMakeFiles/FreeRTOS-Frame.elf.dir/Core/Src/freertos.c.obj
LOAD CMakeFiles/FreeRTOS-Frame.elf.dir/Core/Src/gpio.c.obj
LOAD CMakeFiles/FreeRTOS-Frame.elf.dir/Core/Src/i2c.c.obj
LOAD CMakeFiles/FreeRTOS-Frame.elf.dir/Core/Src/iwdg.c.obj
LOAD CMakeFiles/FreeRTOS-Frame.elf.dir/Core/Src/main.c.obj
LOAD CMakeFiles/FreeRTOS-Frame.elf.dir/Core/Src/spi.c.obj
LOAD CMakeFiles/FreeRTOS-Frame.elf.dir/Core/Src/stm32f4xx_hal_msp.c.obj
LOAD CMakeFiles/FreeRTOS-Frame.elf.dir/Core/Src/stm32f4xx_it.c.obj
LOAD CMakeFiles/FreeRTOS-Frame.elf.dir/Core/Src/syscalls.c.obj
LOAD CMakeFiles/FreeRTOS-Frame.elf.dir/Core/Src/system_stm32f4xx.c.obj
LOAD CMakeFiles/FreeRTOS-Frame.elf.dir/Core/Src/tim.c.obj
LOAD CMakeFiles/FreeRTOS-Frame.elf.dir/Core/Src/usart.c.obj
LOAD CMakeFiles/FreeRTOS-Frame.elf.dir/Core/Src/usb_otg.c.obj
LOAD CMakeFiles/FreeRTOS-Frame.elf.dir/Drivers/STM32F4xx_HAL_Driver/Src/stm32f4xx_hal.c.obj
LOAD CMakeFiles/FreeRTOS-Frame.elf.dir/Drivers/STM32F4xx_HAL_Driver/Src/stm32f4xx_hal_adc.c.obj
LOAD CMakeFiles/FreeRTOS-Frame.elf.dir/Drivers/STM32F4xx_HAL_Driver/Src/stm32f4xx_hal_adc_ex.c.obj
LOAD CMakeFiles/FreeRTOS-Frame.elf.dir/Drivers/STM32F4xx_HAL_Driver/Src/stm32f4xx_hal_can.c.obj
LOAD CMakeFiles/FreeRTOS-Frame.elf.dir/Drivers/STM32F4xx_HAL_Driver/Src/stm32f4xx_hal_cortex.c.obj
LOAD CMakeFiles/FreeRTOS-Frame.elf.dir/Drivers/STM32F4xx_HAL_Driver/Src/stm32f4xx_hal_dma.c.obj
LOAD CMakeFiles/FreeRTOS-Frame.elf.dir/Drivers/STM32F4xx_HAL_Driver/Src/stm32f4xx_hal_dma_ex.c.obj
LOAD CMakeFiles/FreeRTOS-Frame.elf.dir/Drivers/STM32F4xx_HAL_Driver/Src/stm32f4xx_hal_exti.c.obj
LOAD CMakeFiles/FreeRTOS-Frame.elf.dir/Drivers/STM32F4xx_HAL_Driver/Src/stm32f4xx_hal_flash.c.obj
LOAD CMakeFiles/FreeRTOS-Frame.elf.dir/Drivers/STM32F4xx_HAL_Driver/Src/stm32f4xx_hal_flash_ex.c.obj
LOAD CMakeFiles/FreeRTOS-Frame.elf.dir/Drivers/STM32F4xx_HAL_Driver/Src/stm32f4xx_hal_flash_ramfunc.c.obj
LOAD CMakeFiles/FreeRTOS-Frame.elf.dir/Drivers/STM32F4xx_HAL_Driver/Src/stm32f4xx_hal_gpio.c.obj
LOAD CMakeFiles/FreeRTOS-Frame.elf.dir/Drivers/STM32F4xx_HAL_Driver/Src/stm32f4xx_hal_i2c.c.obj
LOAD CMakeFiles/FreeRTOS-Frame.elf.dir/Drivers/STM32F4xx_HAL_Driver/Src/stm32f4xx_hal_i2c_ex.c.obj
LOAD CMakeFiles/FreeRTOS-Frame.elf.dir/Drivers/STM32F4xx_HAL_Driver/Src/stm32f4xx_hal_iwdg.c.obj
LOAD CMakeFiles/FreeRTOS-Frame.elf.dir/Drivers/STM32F4xx_HAL_Driver/Src/stm32f4xx_hal_pcd.c.obj
LOAD CMakeFiles/FreeRTOS-Frame.elf.dir/Drivers/STM32F4xx_HAL_Driver/Src/stm32f4xx_hal_pcd_ex.c.obj
LOAD CMakeFiles/FreeRTOS-Frame.elf.dir/Drivers/STM32F4xx_HAL_Driver/Src/stm32f4xx_hal_pwr.c.obj
LOAD CMakeFiles/FreeRTOS-Frame.elf.dir/Drivers/STM32F4xx_HAL_Driver/Src/stm32f4xx_hal_pwr_ex.c.obj
LOAD CMakeFiles/FreeRTOS-Frame.elf.dir/Drivers/STM32F4xx_HAL_Driver/Src/stm32f4xx_hal_rcc.c.obj
LOAD CMakeFiles/FreeRTOS-Frame.elf.dir/Drivers/STM32F4xx_HAL_Driver/Src/stm32f4xx_hal_rcc_ex.c.obj
LOAD CMakeFiles/FreeRTOS-Frame.elf.dir/Drivers/STM32F4xx_HAL_Driver/Src/stm32f4xx_hal_spi.c.obj
LOAD CMakeFiles/FreeRTOS-Frame.elf.dir/Drivers/STM32F4xx_HAL_Driver/Src/stm32f4xx_hal_tim.c.obj
LOAD CMakeFiles/FreeRTOS-Frame.elf.dir/Drivers/STM32F4xx_HAL_Driver/Src/stm32f4xx_hal_tim_ex.c.obj
LOAD CMakeFiles/FreeRTOS-Frame.elf.dir/Drivers/STM32F4xx_HAL_Driver/Src/stm32f4xx_hal_uart.c.obj
LOAD CMakeFiles/FreeRTOS-Frame.elf.dir/Drivers/STM32F4xx_HAL_Driver/Src/stm32f4xx_ll_usb.c.obj
LOAD CMakeFiles/FreeRTOS-Frame.elf.dir/Middlewares/Third_Party/FreeRTOS/Source/CMSIS_RTOS/cmsis_os.c.obj
LOAD CMakeFiles/FreeRTOS-Frame.elf.dir/Middlewares/Third_Party/FreeRTOS/Source/croutine.c.obj
LOAD CMakeFiles/FreeRTOS-Frame.elf.dir/Middlewares/Third_Party/FreeRTOS/Source/event_groups.c.obj
LOAD CMakeFiles/FreeRTOS-Frame.elf.dir/Middlewares/Third_Party/FreeRTOS/Source/list.c.obj
LOAD CMakeFiles/FreeRTOS-Frame.elf.dir/Middlewares/Third_Party/FreeRTOS/Source/portable/MemMang/heap_4.c.obj
LOAD CMakeFiles/FreeRTOS-Frame.elf.dir/Middlewares/Third_Party/FreeRTOS/Source/portable/RVDS/ARM_CM4F/port.c.obj
LOAD CMakeFiles/FreeRTOS-Frame.elf.dir/Middlewares/Third_Party/FreeRTOS/Source/queue.c.obj
LOAD CMakeFiles/FreeRTOS-Frame.elf.dir/Middlewares/Third_Party/FreeRTOS/Source/stream_buffer.c.obj
LOAD CMakeFiles/FreeRTOS-Frame.elf.dir/Middlewares/Third_Party/FreeRTOS/Source/tasks.c.obj
LOAD CMakeFiles/FreeRTOS-Frame.elf.dir/Middlewares/Third_Party/FreeRTOS/Source/timers.c.obj
LOAD CMakeFiles/FreeRTOS-Frame.elf.dir/startup/startup_stm32f427xx.s.obj
START GROUP
LOAD e:/softwares/gcc-arm-none-eabo-9-2019-q4/bin/../lib/gcc/arm-none-eabi/9.2.1/thumb/v7e-m+fp/hard\libgcc.a
LOAD e:/softwares/gcc-arm-none-eabo-9-2019-q4/bin/../lib/gcc/arm-none-eabi/9.2.1/../../../../arm-none-eabi/lib/thumb/v7e-m+fp/hard\libg.a
LOAD e:/softwares/gcc-arm-none-eabo-9-2019-q4/bin/../lib/gcc/arm-none-eabi/9.2.1/../../../../arm-none-eabi/lib/thumb/v7e-m+fp/hard\libc.a
END GROUP
LOAD e:/softwares/gcc-arm-none-eabo-9-2019-q4/bin/../lib/gcc/arm-none-eabi/9.2.1/thumb/v7e-m+fp/hard/crtend.o
LOAD e:/softwares/gcc-arm-none-eabo-9-2019-q4/bin/../lib/gcc/arm-none-eabi/9.2.1/thumb/v7e-m+fp/hard/crtn.o
                0x20030000                _estack = 0x20030000
                0x00000200                _Min_Heap_Size = 0x200
                0x00000400                _Min_Stack_Size = 0x400

.isr_vector     0x08000000      0x1ac
                0x08000000                . = ALIGN (0x4)
 *(.isr_vector)
 .isr_vector    0x08000000      0x1ac CMakeFiles/FreeRTOS-Frame.elf.dir/startup/startup_stm32f427xx.s.obj
                0x08000000                g_pfnVectors
                0x080001ac                . = ALIGN (0x4)

.text           0x080001b0     0x4df8
                0x080001b0                . = ALIGN (0x4)
 *(.text)
 .text          0x080001b0       0x40 e:/softwares/gcc-arm-none-eabo-9-2019-q4/bin/../lib/gcc/arm-none-eabi/9.2.1/thumb/v7e-m+fp/hard/crtbegin.o
 .text          0x080001f0       0x30 e:/softwares/gcc-arm-none-eabo-9-2019-q4/bin/../lib/gcc/arm-none-eabi/9.2.1/thumb/v7e-m+fp/hard\libgcc.a(_aeabi_uldivmod.o)
                0x080001f0                __aeabi_uldivmod
 .text          0x08000220      0x2c4 e:/softwares/gcc-arm-none-eabo-9-2019-q4/bin/../lib/gcc/arm-none-eabi/9.2.1/thumb/v7e-m+fp/hard\libgcc.a(_udivmoddi4.o)
                0x08000220                __udivmoddi4
 .text          0x080004e4        0x4 e:/softwares/gcc-arm-none-eabo-9-2019-q4/bin/../lib/gcc/arm-none-eabi/9.2.1/thumb/v7e-m+fp/hard\libgcc.a(_dvmd_tls.o)
                0x080004e4                __aeabi_idiv0
                0x080004e4                __aeabi_ldiv0
 *(.text*)
 .text.MX_ADC1_Init
                0x080004e8       0x70 CMakeFiles/FreeRTOS-Frame.elf.dir/Core/Src/adc.c.obj
                0x080004e8                MX_ADC1_Init
 .text.HAL_ADC_MspInit
                0x08000558       0x6c CMakeFiles/FreeRTOS-Frame.elf.dir/Core/Src/adc.c.obj
                0x08000558                HAL_ADC_MspInit
 .text.MX_CAN1_Init
                0x080005c4       0x40 CMakeFiles/FreeRTOS-Frame.elf.dir/Core/Src/can.c.obj
                0x080005c4                MX_CAN1_Init
 .text.MX_CAN2_Init
                0x08000604       0x38 CMakeFiles/FreeRTOS-Frame.elf.dir/Core/Src/can.c.obj
                0x08000604                MX_CAN2_Init
 .text.HAL_CAN_MspInit
                0x0800063c      0x108 CMakeFiles/FreeRTOS-Frame.elf.dir/Core/Src/can.c.obj
                0x0800063c                HAL_CAN_MspInit
 .text.MX_DMA_Init
                0x08000744       0xb8 CMakeFiles/FreeRTOS-Frame.elf.dir/Core/Src/dma.c.obj
                0x08000744                MX_DMA_Init
 .text.StartDefaultTask
                0x080007fc        0xa CMakeFiles/FreeRTOS-Frame.elf.dir/Core/Src/freertos.c.obj
                0x080007fc                StartDefaultTask
 *fill*         0x08000806        0x2 
 .text.vApplicationGetIdleTaskMemory
                0x08000808       0x18 CMakeFiles/FreeRTOS-Frame.elf.dir/Core/Src/freertos.c.obj
                0x08000808                vApplicationGetIdleTaskMemory
 .text.MX_FREERTOS_Init
                0x08000820       0x2c CMakeFiles/FreeRTOS-Frame.elf.dir/Core/Src/freertos.c.obj
                0x08000820                MX_FREERTOS_Init
 .text.MX_GPIO_Init
                0x0800084c       0xe4 CMakeFiles/FreeRTOS-Frame.elf.dir/Core/Src/gpio.c.obj
                0x0800084c                MX_GPIO_Init
 .text.MX_I2C2_Init
                0x08000930       0x5c CMakeFiles/FreeRTOS-Frame.elf.dir/Core/Src/i2c.c.obj
                0x08000930                MX_I2C2_Init
 .text.HAL_I2C_MspInit
                0x0800098c       0x70 CMakeFiles/FreeRTOS-Frame.elf.dir/Core/Src/i2c.c.obj
                0x0800098c                HAL_I2C_MspInit
 .text.MX_IWDG_Init
                0x080009fc       0x28 CMakeFiles/FreeRTOS-Frame.elf.dir/Core/Src/iwdg.c.obj
                0x080009fc                MX_IWDG_Init
 .text.Error_Handler
                0x08000a24        0x4 CMakeFiles/FreeRTOS-Frame.elf.dir/Core/Src/main.c.obj
                0x08000a24                Error_Handler
 .text.SystemClock_Config
                0x08000a28       0xac CMakeFiles/FreeRTOS-Frame.elf.dir/Core/Src/main.c.obj
                0x08000a28                SystemClock_Config
 .text.main     0x08000ad4       0x58 CMakeFiles/FreeRTOS-Frame.elf.dir/Core/Src/main.c.obj
                0x08000ad4                main
 .text.MX_SPI5_Init
                0x08000b2c       0x40 CMakeFiles/FreeRTOS-Frame.elf.dir/Core/Src/spi.c.obj
                0x08000b2c                MX_SPI5_Init
 .text.HAL_SPI_MspInit
                0x08000b6c      0x130 CMakeFiles/FreeRTOS-Frame.elf.dir/Core/Src/spi.c.obj
                0x08000b6c                HAL_SPI_MspInit
 .text.HAL_MspInit
                0x08000c9c       0x44 CMakeFiles/FreeRTOS-Frame.elf.dir/Core/Src/stm32f4xx_hal_msp.c.obj
                0x08000c9c                HAL_MspInit
 .text.NMI_Handler
                0x08000ce0        0x2 CMakeFiles/FreeRTOS-Frame.elf.dir/Core/Src/stm32f4xx_it.c.obj
                0x08000ce0                NMI_Handler
 .text.HardFault_Handler
                0x08000ce2        0x2 CMakeFiles/FreeRTOS-Frame.elf.dir/Core/Src/stm32f4xx_it.c.obj
                0x08000ce2                HardFault_Handler
 .text.MemManage_Handler
                0x08000ce4        0x2 CMakeFiles/FreeRTOS-Frame.elf.dir/Core/Src/stm32f4xx_it.c.obj
                0x08000ce4                MemManage_Handler
 .text.BusFault_Handler
                0x08000ce6        0x2 CMakeFiles/FreeRTOS-Frame.elf.dir/Core/Src/stm32f4xx_it.c.obj
                0x08000ce6                BusFault_Handler
 .text.UsageFault_Handler
                0x08000ce8        0x2 CMakeFiles/FreeRTOS-Frame.elf.dir/Core/Src/stm32f4xx_it.c.obj
                0x08000ce8                UsageFault_Handler
 .text.DebugMon_Handler
                0x08000cea        0x2 CMakeFiles/FreeRTOS-Frame.elf.dir/Core/Src/stm32f4xx_it.c.obj
                0x08000cea                DebugMon_Handler
 .text.SysTick_Handler
                0x08000cec       0x16 CMakeFiles/FreeRTOS-Frame.elf.dir/Core/Src/stm32f4xx_it.c.obj
                0x08000cec                SysTick_Handler
 *fill*         0x08000d02        0x2 
 .text.DMA1_Stream1_IRQHandler
                0x08000d04       0x10 CMakeFiles/FreeRTOS-Frame.elf.dir/Core/Src/stm32f4xx_it.c.obj
                0x08000d04                DMA1_Stream1_IRQHandler
 .text.DMA1_Stream3_IRQHandler
                0x08000d14       0x10 CMakeFiles/FreeRTOS-Frame.elf.dir/Core/Src/stm32f4xx_it.c.obj
                0x08000d14                DMA1_Stream3_IRQHandler
 .text.DMA1_Stream6_IRQHandler
                0x08000d24       0x10 CMakeFiles/FreeRTOS-Frame.elf.dir/Core/Src/stm32f4xx_it.c.obj
                0x08000d24                DMA1_Stream6_IRQHandler
 .text.DMA2_Stream1_IRQHandler
                0x08000d34       0x10 CMakeFiles/FreeRTOS-Frame.elf.dir/Core/Src/stm32f4xx_it.c.obj
                0x08000d34                DMA2_Stream1_IRQHandler
 .text.DMA2_Stream2_IRQHandler
                0x08000d44       0x10 CMakeFiles/FreeRTOS-Frame.elf.dir/Core/Src/stm32f4xx_it.c.obj
                0x08000d44                DMA2_Stream2_IRQHandler
 .text.DMA2_Stream3_IRQHandler
                0x08000d54       0x10 CMakeFiles/FreeRTOS-Frame.elf.dir/Core/Src/stm32f4xx_it.c.obj
                0x08000d54                DMA2_Stream3_IRQHandler
 .text.DMA2_Stream4_IRQHandler
                0x08000d64       0x10 CMakeFiles/FreeRTOS-Frame.elf.dir/Core/Src/stm32f4xx_it.c.obj
                0x08000d64                DMA2_Stream4_IRQHandler
 .text.OTG_FS_IRQHandler
                0x08000d74       0x10 CMakeFiles/FreeRTOS-Frame.elf.dir/Core/Src/stm32f4xx_it.c.obj
                0x08000d74                OTG_FS_IRQHandler
 .text.DMA2_Stream6_IRQHandler
                0x08000d84       0x10 CMakeFiles/FreeRTOS-Frame.elf.dir/Core/Src/stm32f4xx_it.c.obj
                0x08000d84                DMA2_Stream6_IRQHandler
 .text.USART6_IRQHandler
                0x08000d94       0x10 CMakeFiles/FreeRTOS-Frame.elf.dir/Core/Src/stm32f4xx_it.c.obj
                0x08000d94                USART6_IRQHandler
 .text.UART7_IRQHandler
                0x08000da4       0x10 CMakeFiles/FreeRTOS-Frame.elf.dir/Core/Src/stm32f4xx_it.c.obj
                0x08000da4                UART7_IRQHandler
 .text.UART8_IRQHandler
                0x08000db4       0x10 CMakeFiles/FreeRTOS-Frame.elf.dir/Core/Src/stm32f4xx_it.c.obj
                0x08000db4                UART8_IRQHandler
 .text.SPI5_IRQHandler
                0x08000dc4       0x10 CMakeFiles/FreeRTOS-Frame.elf.dir/Core/Src/stm32f4xx_it.c.obj
                0x08000dc4                SPI5_IRQHandler
 .text.SystemInit
                0x08000dd4       0x1c CMakeFiles/FreeRTOS-Frame.elf.dir/Core/Src/system_stm32f4xx.c.obj
                0x08000dd4                SystemInit
 .text.MX_TIM1_Init
                0x08000df0       0x70 CMakeFiles/FreeRTOS-Frame.elf.dir/Core/Src/tim.c.obj
                0x08000df0                MX_TIM1_Init
 .text.MX_TIM6_Init
                0x08000e60       0x4c CMakeFiles/FreeRTOS-Frame.elf.dir/Core/Src/tim.c.obj
                0x08000e60                MX_TIM6_Init
 .text.MX_TIM10_Init
                0x08000eac       0x30 CMakeFiles/FreeRTOS-Frame.elf.dir/Core/Src/tim.c.obj
                0x08000eac                MX_TIM10_Init
 .text.HAL_TIM_Base_MspInit
                0x08000edc       0x78 CMakeFiles/FreeRTOS-Frame.elf.dir/Core/Src/tim.c.obj
                0x08000edc                HAL_TIM_Base_MspInit
 .text.MX_UART7_Init
                0x08000f54       0x34 CMakeFiles/FreeRTOS-Frame.elf.dir/Core/Src/usart.c.obj
                0x08000f54                MX_UART7_Init
 .text.MX_UART8_Init
                0x08000f88       0x34 CMakeFiles/FreeRTOS-Frame.elf.dir/Core/Src/usart.c.obj
                0x08000f88                MX_UART8_Init
 .text.MX_USART1_UART_Init
                0x08000fbc       0x34 CMakeFiles/FreeRTOS-Frame.elf.dir/Core/Src/usart.c.obj
                0x08000fbc                MX_USART1_UART_Init
 .text.MX_USART3_UART_Init
                0x08000ff0       0x34 CMakeFiles/FreeRTOS-Frame.elf.dir/Core/Src/usart.c.obj
                0x08000ff0                MX_USART3_UART_Init
 .text.MX_USART6_UART_Init
                0x08001024       0x34 CMakeFiles/FreeRTOS-Frame.elf.dir/Core/Src/usart.c.obj
                0x08001024                MX_USART6_UART_Init
 .text.HAL_UART_MspInit
                0x08001058      0x370 CMakeFiles/FreeRTOS-Frame.elf.dir/Core/Src/usart.c.obj
                0x08001058                HAL_UART_MspInit
 .text.MX_USB_OTG_FS_PCD_Init
                0x080013c8       0x34 CMakeFiles/FreeRTOS-Frame.elf.dir/Core/Src/usb_otg.c.obj
                0x080013c8                MX_USB_OTG_FS_PCD_Init
 .text.HAL_PCD_MspInit
                0x080013fc       0x88 CMakeFiles/FreeRTOS-Frame.elf.dir/Core/Src/usb_otg.c.obj
                0x080013fc                HAL_PCD_MspInit
 .text.HAL_InitTick
                0x08001484       0x4c CMakeFiles/FreeRTOS-Frame.elf.dir/Drivers/STM32F4xx_HAL_Driver/Src/stm32f4xx_hal.c.obj
                0x08001484                HAL_InitTick
 .text.HAL_Init
                0x080014d0       0x34 CMakeFiles/FreeRTOS-Frame.elf.dir/Drivers/STM32F4xx_HAL_Driver/Src/stm32f4xx_hal.c.obj
                0x080014d0                HAL_Init
 .text.HAL_IncTick
                0x08001504       0x18 CMakeFiles/FreeRTOS-Frame.elf.dir/Drivers/STM32F4xx_HAL_Driver/Src/stm32f4xx_hal.c.obj
                0x08001504                HAL_IncTick
 .text.HAL_GetTick
                0x0800151c        0xc CMakeFiles/FreeRTOS-Frame.elf.dir/Drivers/STM32F4xx_HAL_Driver/Src/stm32f4xx_hal.c.obj
                0x0800151c                HAL_GetTick
 .text.HAL_Delay
                0x08001528       0x28 CMakeFiles/FreeRTOS-Frame.elf.dir/Drivers/STM32F4xx_HAL_Driver/Src/stm32f4xx_hal.c.obj
                0x08001528                HAL_Delay
 .text.ADC_Init
                0x08001550      0x134 CMakeFiles/FreeRTOS-Frame.elf.dir/Drivers/STM32F4xx_HAL_Driver/Src/stm32f4xx_hal_adc.c.obj
 .text.HAL_ADC_Init
                0x08001684       0x56 CMakeFiles/FreeRTOS-Frame.elf.dir/Drivers/STM32F4xx_HAL_Driver/Src/stm32f4xx_hal_adc.c.obj
                0x08001684                HAL_ADC_Init
 *fill*         0x080016da        0x2 
 .text.HAL_ADC_ConfigChannel
                0x080016dc      0x1a4 CMakeFiles/FreeRTOS-Frame.elf.dir/Drivers/STM32F4xx_HAL_Driver/Src/stm32f4xx_hal_adc.c.obj
                0x080016dc                HAL_ADC_ConfigChannel
 .text.HAL_CAN_Init
                0x08001880      0x14c CMakeFiles/FreeRTOS-Frame.elf.dir/Drivers/STM32F4xx_HAL_Driver/Src/stm32f4xx_hal_can.c.obj
                0x08001880                HAL_CAN_Init
 .text.HAL_NVIC_SetPriorityGrouping
                0x080019cc       0x24 CMakeFiles/FreeRTOS-Frame.elf.dir/Drivers/STM32F4xx_HAL_Driver/Src/stm32f4xx_hal_cortex.c.obj
                0x080019cc                HAL_NVIC_SetPriorityGrouping
 .text.HAL_NVIC_SetPriority
                0x080019f0       0x68 CMakeFiles/FreeRTOS-Frame.elf.dir/Drivers/STM32F4xx_HAL_Driver/Src/stm32f4xx_hal_cortex.c.obj
                0x080019f0                HAL_NVIC_SetPriority
 .text.HAL_NVIC_EnableIRQ
                0x08001a58       0x1c CMakeFiles/FreeRTOS-Frame.elf.dir/Drivers/STM32F4xx_HAL_Driver/Src/stm32f4xx_hal_cortex.c.obj
                0x08001a58                HAL_NVIC_EnableIRQ
 .text.HAL_SYSTICK_Config
                0x08001a74       0x2c CMakeFiles/FreeRTOS-Frame.elf.dir/Drivers/STM32F4xx_HAL_Driver/Src/stm32f4xx_hal_cortex.c.obj
                0x08001a74                HAL_SYSTICK_Config
 .text.DMA_CalcBaseAndBitshift
                0x08001aa0       0x44 CMakeFiles/FreeRTOS-Frame.elf.dir/Drivers/STM32F4xx_HAL_Driver/Src/stm32f4xx_hal_dma.c.obj
 .text.DMA_CheckFifoParam
                0x08001ae4       0x8e CMakeFiles/FreeRTOS-Frame.elf.dir/Drivers/STM32F4xx_HAL_Driver/Src/stm32f4xx_hal_dma.c.obj
 *fill*         0x08001b72        0x2 
 .text.HAL_DMA_Init
                0x08001b74       0xcc CMakeFiles/FreeRTOS-Frame.elf.dir/Drivers/STM32F4xx_HAL_Driver/Src/stm32f4xx_hal_dma.c.obj
                0x08001b74                HAL_DMA_Init
 .text.HAL_DMA_Abort_IT
                0x08001c40       0x26 CMakeFiles/FreeRTOS-Frame.elf.dir/Drivers/STM32F4xx_HAL_Driver/Src/stm32f4xx_hal_dma.c.obj
                0x08001c40                HAL_DMA_Abort_IT
 *fill*         0x08001c66        0x2 
 .text.HAL_DMA_IRQHandler
                0x08001c68      0x1dc CMakeFiles/FreeRTOS-Frame.elf.dir/Drivers/STM32F4xx_HAL_Driver/Src/stm32f4xx_hal_dma.c.obj
                0x08001c68                HAL_DMA_IRQHandler
 .text.HAL_GPIO_Init
                0x08001e44      0x1e4 CMakeFiles/FreeRTOS-Frame.elf.dir/Drivers/STM32F4xx_HAL_Driver/Src/stm32f4xx_hal_gpio.c.obj
                0x08001e44                HAL_GPIO_Init
 .text.HAL_GPIO_WritePin
                0x08002028        0xc CMakeFiles/FreeRTOS-Frame.elf.dir/Drivers/STM32F4xx_HAL_Driver/Src/stm32f4xx_hal_gpio.c.obj
                0x08002028                HAL_GPIO_WritePin
 .text.HAL_I2C_Init
                0x08002034      0x1bc CMakeFiles/FreeRTOS-Frame.elf.dir/Drivers/STM32F4xx_HAL_Driver/Src/stm32f4xx_hal_i2c.c.obj
                0x08002034                HAL_I2C_Init
 .text.HAL_I2CEx_ConfigAnalogFilter
                0x080021f0       0x44 CMakeFiles/FreeRTOS-Frame.elf.dir/Drivers/STM32F4xx_HAL_Driver/Src/stm32f4xx_hal_i2c_ex.c.obj
                0x080021f0                HAL_I2CEx_ConfigAnalogFilter
 .text.HAL_I2CEx_ConfigDigitalFilter
                0x08002234       0x42 CMakeFiles/FreeRTOS-Frame.elf.dir/Drivers/STM32F4xx_HAL_Driver/Src/stm32f4xx_hal_i2c_ex.c.obj
                0x08002234                HAL_I2CEx_ConfigDigitalFilter
 .text.HAL_IWDG_Init
                0x08002276       0x4a CMakeFiles/FreeRTOS-Frame.elf.dir/Drivers/STM32F4xx_HAL_Driver/Src/stm32f4xx_hal_iwdg.c.obj
                0x08002276                HAL_IWDG_Init
 .text.PCD_WriteEmptyTxFifo
                0x080022c0       0xd2 CMakeFiles/FreeRTOS-Frame.elf.dir/Drivers/STM32F4xx_HAL_Driver/Src/stm32f4xx_hal_pcd.c.obj
 .text.HAL_PCD_Init
                0x08002392      0x126 CMakeFiles/FreeRTOS-Frame.elf.dir/Drivers/STM32F4xx_HAL_Driver/Src/stm32f4xx_hal_pcd.c.obj
                0x08002392                HAL_PCD_Init
 .text.HAL_PCD_DataOutStageCallback
                0x080024b8        0x2 CMakeFiles/FreeRTOS-Frame.elf.dir/Drivers/STM32F4xx_HAL_Driver/Src/stm32f4xx_hal_pcd.c.obj
                0x080024b8                HAL_PCD_DataOutStageCallback
 *fill*         0x080024ba        0x2 
 .text.PCD_EP_OutXfrComplete_int
                0x080024bc       0xf8 CMakeFiles/FreeRTOS-Frame.elf.dir/Drivers/STM32F4xx_HAL_Driver/Src/stm32f4xx_hal_pcd.c.obj
 .text.HAL_PCD_DataInStageCallback
                0x080025b4        0x2 CMakeFiles/FreeRTOS-Frame.elf.dir/Drivers/STM32F4xx_HAL_Driver/Src/stm32f4xx_hal_pcd.c.obj
                0x080025b4                HAL_PCD_DataInStageCallback
 .text.HAL_PCD_SetupStageCallback
                0x080025b6        0x2 CMakeFiles/FreeRTOS-Frame.elf.dir/Drivers/STM32F4xx_HAL_Driver/Src/stm32f4xx_hal_pcd.c.obj
                0x080025b6                HAL_PCD_SetupStageCallback
 .text.PCD_EP_OutSetupPacket_int
                0x080025b8       0x50 CMakeFiles/FreeRTOS-Frame.elf.dir/Drivers/STM32F4xx_HAL_Driver/Src/stm32f4xx_hal_pcd.c.obj
 .text.HAL_PCD_SOFCallback
                0x08002608        0x2 CMakeFiles/FreeRTOS-Frame.elf.dir/Drivers/STM32F4xx_HAL_Driver/Src/stm32f4xx_hal_pcd.c.obj
                0x08002608                HAL_PCD_SOFCallback
 .text.HAL_PCD_ResetCallback
                0x0800260a        0x2 CMakeFiles/FreeRTOS-Frame.elf.dir/Drivers/STM32F4xx_HAL_Driver/Src/stm32f4xx_hal_pcd.c.obj
                0x0800260a                HAL_PCD_ResetCallback
 .text.HAL_PCD_SuspendCallback
                0x0800260c        0x2 CMakeFiles/FreeRTOS-Frame.elf.dir/Drivers/STM32F4xx_HAL_Driver/Src/stm32f4xx_hal_pcd.c.obj
                0x0800260c                HAL_PCD_SuspendCallback
 .text.HAL_PCD_ResumeCallback
                0x0800260e        0x2 CMakeFiles/FreeRTOS-Frame.elf.dir/Drivers/STM32F4xx_HAL_Driver/Src/stm32f4xx_hal_pcd.c.obj
                0x0800260e                HAL_PCD_ResumeCallback
 .text.HAL_PCD_ISOOUTIncompleteCallback
                0x08002610        0x2 CMakeFiles/FreeRTOS-Frame.elf.dir/Drivers/STM32F4xx_HAL_Driver/Src/stm32f4xx_hal_pcd.c.obj
                0x08002610                HAL_PCD_ISOOUTIncompleteCallback
 .text.HAL_PCD_ISOINIncompleteCallback
                0x08002612        0x2 CMakeFiles/FreeRTOS-Frame.elf.dir/Drivers/STM32F4xx_HAL_Driver/Src/stm32f4xx_hal_pcd.c.obj
                0x08002612                HAL_PCD_ISOINIncompleteCallback
 .text.HAL_PCD_ConnectCallback
                0x08002614        0x2 CMakeFiles/FreeRTOS-Frame.elf.dir/Drivers/STM32F4xx_HAL_Driver/Src/stm32f4xx_hal_pcd.c.obj
                0x08002614                HAL_PCD_ConnectCallback
 .text.HAL_PCD_DisconnectCallback
                0x08002616        0x2 CMakeFiles/FreeRTOS-Frame.elf.dir/Drivers/STM32F4xx_HAL_Driver/Src/stm32f4xx_hal_pcd.c.obj
                0x08002616                HAL_PCD_DisconnectCallback
 .text.HAL_PCD_IRQHandler
                0x08002618      0x4ac CMakeFiles/FreeRTOS-Frame.elf.dir/Drivers/STM32F4xx_HAL_Driver/Src/stm32f4xx_hal_pcd.c.obj
                0x08002618                HAL_PCD_IRQHandler
 .text.HAL_PCDEx_LPM_Callback
                0x08002ac4        0x2 CMakeFiles/FreeRTOS-Frame.elf.dir/Drivers/STM32F4xx_HAL_Driver/Src/stm32f4xx_hal_pcd_ex.c.obj
                0x08002ac4                HAL_PCDEx_LPM_Callback
 *fill*         0x08002ac6        0x2 
 .text.HAL_RCC_OscConfig
                0x08002ac8      0x3ec CMakeFiles/FreeRTOS-Frame.elf.dir/Drivers/STM32F4xx_HAL_Driver/Src/stm32f4xx_hal_rcc.c.obj
                0x08002ac8                HAL_RCC_OscConfig
 .text.HAL_RCC_GetSysClockFreq
                0x08002eb4       0xa0 CMakeFiles/FreeRTOS-Frame.elf.dir/Drivers/STM32F4xx_HAL_Driver/Src/stm32f4xx_hal_rcc.c.obj
                0x08002eb4                HAL_RCC_GetSysClockFreq
 .text.HAL_RCC_ClockConfig
                0x08002f54      0x160 CMakeFiles/FreeRTOS-Frame.elf.dir/Drivers/STM32F4xx_HAL_Driver/Src/stm32f4xx_hal_rcc.c.obj
                0x08002f54                HAL_RCC_ClockConfig
 .text.HAL_RCC_GetHCLKFreq
                0x080030b4        0xc CMakeFiles/FreeRTOS-Frame.elf.dir/Drivers/STM32F4xx_HAL_Driver/Src/stm32f4xx_hal_rcc.c.obj
                0x080030b4                HAL_RCC_GetHCLKFreq
 .text.HAL_RCC_GetPCLK1Freq
                0x080030c0       0x20 CMakeFiles/FreeRTOS-Frame.elf.dir/Drivers/STM32F4xx_HAL_Driver/Src/stm32f4xx_hal_rcc.c.obj
                0x080030c0                HAL_RCC_GetPCLK1Freq
 .text.HAL_RCC_GetPCLK2Freq
                0x080030e0       0x20 CMakeFiles/FreeRTOS-Frame.elf.dir/Drivers/STM32F4xx_HAL_Driver/Src/stm32f4xx_hal_rcc.c.obj
                0x080030e0                HAL_RCC_GetPCLK2Freq
 .text.HAL_SPI_Init
                0x08003100       0x80 CMakeFiles/FreeRTOS-Frame.elf.dir/Drivers/STM32F4xx_HAL_Driver/Src/stm32f4xx_hal_spi.c.obj
                0x08003100                HAL_SPI_Init
 .text.HAL_SPI_ErrorCallback
                0x08003180        0x2 CMakeFiles/FreeRTOS-Frame.elf.dir/Drivers/STM32F4xx_HAL_Driver/Src/stm32f4xx_hal_spi.c.obj
                0x08003180                HAL_SPI_ErrorCallback
 *fill*         0x08003182        0x2 
 .text.HAL_SPI_IRQHandler
                0x08003184      0x124 CMakeFiles/FreeRTOS-Frame.elf.dir/Drivers/STM32F4xx_HAL_Driver/Src/stm32f4xx_hal_spi.c.obj
                0x08003184                HAL_SPI_IRQHandler
 .text.SPI_DMAAbortOnError
                0x080032a8       0x10 CMakeFiles/FreeRTOS-Frame.elf.dir/Drivers/STM32F4xx_HAL_Driver/Src/stm32f4xx_hal_spi.c.obj
 .text.TIM_TI1_ConfigInputStage
                0x080032b8       0x24 CMakeFiles/FreeRTOS-Frame.elf.dir/Drivers/STM32F4xx_HAL_Driver/Src/stm32f4xx_hal_tim.c.obj
 .text.TIM_TI2_ConfigInputStage
                0x080032dc       0x26 CMakeFiles/FreeRTOS-Frame.elf.dir/Drivers/STM32F4xx_HAL_Driver/Src/stm32f4xx_hal_tim.c.obj
 .text.TIM_ITRx_SetConfig
                0x08003302       0x10 CMakeFiles/FreeRTOS-Frame.elf.dir/Drivers/STM32F4xx_HAL_Driver/Src/stm32f4xx_hal_tim.c.obj
 *fill*         0x08003312        0x2 
 .text.TIM_Base_SetConfig
                0x08003314       0xc8 CMakeFiles/FreeRTOS-Frame.elf.dir/Drivers/STM32F4xx_HAL_Driver/Src/stm32f4xx_hal_tim.c.obj
                0x08003314                TIM_Base_SetConfig
 .text.HAL_TIM_Base_Init
                0x080033dc       0x34 CMakeFiles/FreeRTOS-Frame.elf.dir/Drivers/STM32F4xx_HAL_Driver/Src/stm32f4xx_hal_tim.c.obj
                0x080033dc                HAL_TIM_Base_Init
 .text.TIM_ETR_SetConfig
                0x08003410       0x18 CMakeFiles/FreeRTOS-Frame.elf.dir/Drivers/STM32F4xx_HAL_Driver/Src/stm32f4xx_hal_tim.c.obj
                0x08003410                TIM_ETR_SetConfig
 .text.HAL_TIM_ConfigClockSource
                0x08003428       0xda CMakeFiles/FreeRTOS-Frame.elf.dir/Drivers/STM32F4xx_HAL_Driver/Src/stm32f4xx_hal_tim.c.obj
                0x08003428                HAL_TIM_ConfigClockSource
 *fill*         0x08003502        0x2 
 .text.HAL_TIMEx_MasterConfigSynchronization
                0x08003504       0x88 CMakeFiles/FreeRTOS-Frame.elf.dir/Drivers/STM32F4xx_HAL_Driver/Src/stm32f4xx_hal_tim_ex.c.obj
                0x08003504                HAL_TIMEx_MasterConfigSynchronization
 .text.UART_EndRxTransfer
                0x0800358c       0x1c CMakeFiles/FreeRTOS-Frame.elf.dir/Drivers/STM32F4xx_HAL_Driver/Src/stm32f4xx_hal_uart.c.obj
 .text.UART_Transmit_IT
                0x080035a8       0x66 CMakeFiles/FreeRTOS-Frame.elf.dir/Drivers/STM32F4xx_HAL_Driver/Src/stm32f4xx_hal_uart.c.obj
 *fill*         0x0800360e        0x2 
 .text.UART_SetConfig
                0x08003610      0x1e8 CMakeFiles/FreeRTOS-Frame.elf.dir/Drivers/STM32F4xx_HAL_Driver/Src/stm32f4xx_hal_uart.c.obj
 .text.HAL_UART_Init
                0x080037f8       0x5e CMakeFiles/FreeRTOS-Frame.elf.dir/Drivers/STM32F4xx_HAL_Driver/Src/stm32f4xx_hal_uart.c.obj
                0x080037f8                HAL_UART_Init
 .text.HAL_UART_TxCpltCallback
                0x08003856        0x2 CMakeFiles/FreeRTOS-Frame.elf.dir/Drivers/STM32F4xx_HAL_Driver/Src/stm32f4xx_hal_uart.c.obj
                0x08003856                HAL_UART_TxCpltCallback
 .text.UART_EndTransmit_IT
                0x08003858       0x1a CMakeFiles/FreeRTOS-Frame.elf.dir/Drivers/STM32F4xx_HAL_Driver/Src/stm32f4xx_hal_uart.c.obj
 .text.HAL_UART_RxCpltCallback
                0x08003872        0x2 CMakeFiles/FreeRTOS-Frame.elf.dir/Drivers/STM32F4xx_HAL_Driver/Src/stm32f4xx_hal_uart.c.obj
                0x08003872                HAL_UART_RxCpltCallback
 .text.UART_Receive_IT
                0x08003874       0x9e CMakeFiles/FreeRTOS-Frame.elf.dir/Drivers/STM32F4xx_HAL_Driver/Src/stm32f4xx_hal_uart.c.obj
 .text.HAL_UART_ErrorCallback
                0x08003912        0x2 CMakeFiles/FreeRTOS-Frame.elf.dir/Drivers/STM32F4xx_HAL_Driver/Src/stm32f4xx_hal_uart.c.obj
                0x08003912                HAL_UART_ErrorCallback
 .text.HAL_UART_IRQHandler
                0x08003914      0x128 CMakeFiles/FreeRTOS-Frame.elf.dir/Drivers/STM32F4xx_HAL_Driver/Src/stm32f4xx_hal_uart.c.obj
                0x08003914                HAL_UART_IRQHandler
 .text.UART_DMAAbortOnError
                0x08003a3c       0x10 CMakeFiles/FreeRTOS-Frame.elf.dir/Drivers/STM32F4xx_HAL_Driver/Src/stm32f4xx_hal_uart.c.obj
 .text.USB_CoreReset
                0x08003a4c       0x3c CMakeFiles/FreeRTOS-Frame.elf.dir/Drivers/STM32F4xx_HAL_Driver/Src/stm32f4xx_ll_usb.c.obj
 .text.USB_CoreInit
                0x08003a88       0x8a CMakeFiles/FreeRTOS-Frame.elf.dir/Drivers/STM32F4xx_HAL_Driver/Src/stm32f4xx_ll_usb.c.obj
                0x08003a88                USB_CoreInit
 *fill*         0x08003b12        0x2 
 .text.USB_SetTurnaroundTime
                0x08003b14       0xe4 CMakeFiles/FreeRTOS-Frame.elf.dir/Drivers/STM32F4xx_HAL_Driver/Src/stm32f4xx_ll_usb.c.obj
                0x08003b14                USB_SetTurnaroundTime
 .text.USB_DisableGlobalInt
                0x08003bf8        0xc CMakeFiles/FreeRTOS-Frame.elf.dir/Drivers/STM32F4xx_HAL_Driver/Src/stm32f4xx_ll_usb.c.obj
                0x08003bf8                USB_DisableGlobalInt
 .text.USB_SetCurrentMode
                0x08003c04       0x30 CMakeFiles/FreeRTOS-Frame.elf.dir/Drivers/STM32F4xx_HAL_Driver/Src/stm32f4xx_ll_usb.c.obj
                0x08003c04                USB_SetCurrentMode
 .text.USB_FlushTxFifo
                0x08003c34       0x28 CMakeFiles/FreeRTOS-Frame.elf.dir/Drivers/STM32F4xx_HAL_Driver/Src/stm32f4xx_ll_usb.c.obj
                0x08003c34                USB_FlushTxFifo
 .text.USB_FlushRxFifo
                0x08003c5c       0x24 CMakeFiles/FreeRTOS-Frame.elf.dir/Drivers/STM32F4xx_HAL_Driver/Src/stm32f4xx_ll_usb.c.obj
                0x08003c5c                USB_FlushRxFifo
 .text.USB_SetDevSpeed
                0x08003c80        0xe CMakeFiles/FreeRTOS-Frame.elf.dir/Drivers/STM32F4xx_HAL_Driver/Src/stm32f4xx_ll_usb.c.obj
                0x08003c80                USB_SetDevSpeed
 *fill*         0x08003c8e        0x2 
 .text.USB_DevInit
                0x08003c90      0x198 CMakeFiles/FreeRTOS-Frame.elf.dir/Drivers/STM32F4xx_HAL_Driver/Src/stm32f4xx_ll_usb.c.obj
                0x08003c90                USB_DevInit
 .text.USB_GetDevSpeed
                0x08003e28       0x22 CMakeFiles/FreeRTOS-Frame.elf.dir/Drivers/STM32F4xx_HAL_Driver/Src/stm32f4xx_ll_usb.c.obj
                0x08003e28                USB_GetDevSpeed
 .text.USB_WritePacket
                0x08003e4a       0x28 CMakeFiles/FreeRTOS-Frame.elf.dir/Drivers/STM32F4xx_HAL_Driver/Src/stm32f4xx_ll_usb.c.obj
                0x08003e4a                USB_WritePacket
 .text.USB_ReadPacket
                0x08003e72       0x22 CMakeFiles/FreeRTOS-Frame.elf.dir/Drivers/STM32F4xx_HAL_Driver/Src/stm32f4xx_ll_usb.c.obj
                0x08003e72                USB_ReadPacket
 .text.USB_DevDisconnect
                0x08003e94       0x1c CMakeFiles/FreeRTOS-Frame.elf.dir/Drivers/STM32F4xx_HAL_Driver/Src/stm32f4xx_ll_usb.c.obj
                0x08003e94                USB_DevDisconnect
 .text.USB_ReadInterrupts
                0x08003eb0        0x8 CMakeFiles/FreeRTOS-Frame.elf.dir/Drivers/STM32F4xx_HAL_Driver/Src/stm32f4xx_ll_usb.c.obj
                0x08003eb0                USB_ReadInterrupts
 .text.USB_ReadDevAllOutEpInterrupt
                0x08003eb8       0x10 CMakeFiles/FreeRTOS-Frame.elf.dir/Drivers/STM32F4xx_HAL_Driver/Src/stm32f4xx_ll_usb.c.obj
                0x08003eb8                USB_ReadDevAllOutEpInterrupt
 .text.USB_ReadDevAllInEpInterrupt
                0x08003ec8       0x10 CMakeFiles/FreeRTOS-Frame.elf.dir/Drivers/STM32F4xx_HAL_Driver/Src/stm32f4xx_ll_usb.c.obj
                0x08003ec8                USB_ReadDevAllInEpInterrupt
 .text.USB_ReadDevOutEPInterrupt
                0x08003ed8       0x12 CMakeFiles/FreeRTOS-Frame.elf.dir/Drivers/STM32F4xx_HAL_Driver/Src/stm32f4xx_ll_usb.c.obj
                0x08003ed8                USB_ReadDevOutEPInterrupt
 .text.USB_ReadDevInEPInterrupt
                0x08003eea       0x28 CMakeFiles/FreeRTOS-Frame.elf.dir/Drivers/STM32F4xx_HAL_Driver/Src/stm32f4xx_ll_usb.c.obj
                0x08003eea                USB_ReadDevInEPInterrupt
 .text.USB_GetMode
                0x08003f12        0x8 CMakeFiles/FreeRTOS-Frame.elf.dir/Drivers/STM32F4xx_HAL_Driver/Src/stm32f4xx_ll_usb.c.obj
                0x08003f12                USB_GetMode
 .text.USB_ActivateSetup
                0x08003f1a       0x20 CMakeFiles/FreeRTOS-Frame.elf.dir/Drivers/STM32F4xx_HAL_Driver/Src/stm32f4xx_ll_usb.c.obj
                0x08003f1a                USB_ActivateSetup
 *fill*         0x08003f3a        0x2 
 .text.USB_EP0_OutStart
                0x08003f3c       0x60 CMakeFiles/FreeRTOS-Frame.elf.dir/Drivers/STM32F4xx_HAL_Driver/Src/stm32f4xx_ll_usb.c.obj
                0x08003f3c                USB_EP0_OutStart
 .text.makeFreeRtosPriority
                0x08003f9c        0xc CMakeFiles/FreeRTOS-Frame.elf.dir/Middlewares/Third_Party/FreeRTOS/Source/CMSIS_RTOS/cmsis_os.c.obj
 .text.osKernelStart
                0x08003fa8        0xa CMakeFiles/FreeRTOS-Frame.elf.dir/Middlewares/Third_Party/FreeRTOS/Source/CMSIS_RTOS/cmsis_os.c.obj
                0x08003fa8                osKernelStart
 .text.osThreadCreate
                0x08003fb2       0x6a CMakeFiles/FreeRTOS-Frame.elf.dir/Middlewares/Third_Party/FreeRTOS/Source/CMSIS_RTOS/cmsis_os.c.obj
                0x08003fb2                osThreadCreate
 .text.osDelay  0x0800401c        0xe CMakeFiles/FreeRTOS-Frame.elf.dir/Middlewares/Third_Party/FreeRTOS/Source/CMSIS_RTOS/cmsis_os.c.obj
                0x0800401c                osDelay
 .text.vListInitialise
                0x0800402a       0x16 CMakeFiles/FreeRTOS-Frame.elf.dir/Middlewares/Third_Party/FreeRTOS/Source/list.c.obj
                0x0800402a                vListInitialise
 .text.vListInitialiseItem
                0x08004040        0x6 CMakeFiles/FreeRTOS-Frame.elf.dir/Middlewares/Third_Party/FreeRTOS/Source/list.c.obj
                0x08004040                vListInitialiseItem
 .text.vListInsertEnd
                0x08004046       0x16 CMakeFiles/FreeRTOS-Frame.elf.dir/Middlewares/Third_Party/FreeRTOS/Source/list.c.obj
                0x08004046                vListInsertEnd
 .text.vListInsert
                0x0800405c       0x32 CMakeFiles/FreeRTOS-Frame.elf.dir/Middlewares/Third_Party/FreeRTOS/Source/list.c.obj
                0x0800405c                vListInsert
 .text.uxListRemove
                0x0800408e       0x26 CMakeFiles/FreeRTOS-Frame.elf.dir/Middlewares/Third_Party/FreeRTOS/Source/list.c.obj
                0x0800408e                uxListRemove
 .text.prvHeapInit
                0x080040b4       0x64 CMakeFiles/FreeRTOS-Frame.elf.dir/Middlewares/Third_Party/FreeRTOS/Source/portable/MemMang/heap_4.c.obj
 .text.prvInsertBlockIntoFreeList
                0x08004118       0x58 CMakeFiles/FreeRTOS-Frame.elf.dir/Middlewares/Third_Party/FreeRTOS/Source/portable/MemMang/heap_4.c.obj
 .text.pvPortMalloc
                0x08004170       0xf0 CMakeFiles/FreeRTOS-Frame.elf.dir/Middlewares/Third_Party/FreeRTOS/Source/portable/MemMang/heap_4.c.obj
                0x08004170                pvPortMalloc
 .text.vPortFree
                0x08004260       0x70 CMakeFiles/FreeRTOS-Frame.elf.dir/Middlewares/Third_Party/FreeRTOS/Source/portable/MemMang/heap_4.c.obj
                0x08004260                vPortFree
 .text.prvTaskExitError
                0x080042d0       0x40 CMakeFiles/FreeRTOS-Frame.elf.dir/Middlewares/Third_Party/FreeRTOS/Source/portable/RVDS/ARM_CM4F/port.c.obj
 .text.prvPortStartFirstTask
                0x08004310       0x28 CMakeFiles/FreeRTOS-Frame.elf.dir/Middlewares/Third_Party/FreeRTOS/Source/portable/RVDS/ARM_CM4F/port.c.obj
 .text.vPortEnableVFP
                0x08004338       0x14 CMakeFiles/FreeRTOS-Frame.elf.dir/Middlewares/Third_Party/FreeRTOS/Source/portable/RVDS/ARM_CM4F/port.c.obj
 .text.pxPortInitialiseStack
                0x0800434c       0x2c CMakeFiles/FreeRTOS-Frame.elf.dir/Middlewares/Third_Party/FreeRTOS/Source/portable/RVDS/ARM_CM4F/port.c.obj
                0x0800434c                pxPortInitialiseStack
 *fill*         0x08004378        0x8 
 .text.SVC_Handler
                0x08004380       0x24 CMakeFiles/FreeRTOS-Frame.elf.dir/Middlewares/Third_Party/FreeRTOS/Source/portable/RVDS/ARM_CM4F/port.c.obj
                0x08004380                SVC_Handler
 .text.vPortEnterCritical
                0x080043a4       0x44 CMakeFiles/FreeRTOS-Frame.elf.dir/Middlewares/Third_Party/FreeRTOS/Source/portable/RVDS/ARM_CM4F/port.c.obj
                0x080043a4                vPortEnterCritical
 .text.vPortExitCritical
                0x080043e8       0x2c CMakeFiles/FreeRTOS-Frame.elf.dir/Middlewares/Third_Party/FreeRTOS/Source/portable/RVDS/ARM_CM4F/port.c.obj
                0x080043e8                vPortExitCritical
 *fill*         0x08004414        0xc 
 .text.PendSV_Handler
                0x08004420       0x64 CMakeFiles/FreeRTOS-Frame.elf.dir/Middlewares/Third_Party/FreeRTOS/Source/portable/RVDS/ARM_CM4F/port.c.obj
                0x08004420                PendSV_Handler
 .text.xPortSysTickHandler
                0x08004484       0x2c CMakeFiles/FreeRTOS-Frame.elf.dir/Middlewares/Third_Party/FreeRTOS/Source/portable/RVDS/ARM_CM4F/port.c.obj
                0x08004484                xPortSysTickHandler
 .text.vPortSetupTimerInterrupt
                0x080044b0       0x38 CMakeFiles/FreeRTOS-Frame.elf.dir/Middlewares/Third_Party/FreeRTOS/Source/portable/RVDS/ARM_CM4F/port.c.obj
                0x080044b0                vPortSetupTimerInterrupt
 .text.xPortStartScheduler
                0x080044e8      0x110 CMakeFiles/FreeRTOS-Frame.elf.dir/Middlewares/Third_Party/FreeRTOS/Source/portable/RVDS/ARM_CM4F/port.c.obj
                0x080044e8                xPortStartScheduler
 .text.prvResetNextTaskUnblockTime
                0x080045f8       0x2c CMakeFiles/FreeRTOS-Frame.elf.dir/Middlewares/Third_Party/FreeRTOS/Source/tasks.c.obj
 .text.prvInitialiseNewTask
                0x08004624       0x8e CMakeFiles/FreeRTOS-Frame.elf.dir/Middlewares/Third_Party/FreeRTOS/Source/tasks.c.obj
 *fill*         0x080046b2        0x2 
 .text.prvInitialiseTaskLists
                0x080046b4       0x68 CMakeFiles/FreeRTOS-Frame.elf.dir/Middlewares/Third_Party/FreeRTOS/Source/tasks.c.obj
 .text.prvAddNewTaskToReadyList
                0x0800471c       0xa8 CMakeFiles/FreeRTOS-Frame.elf.dir/Middlewares/Third_Party/FreeRTOS/Source/tasks.c.obj
 .text.prvDeleteTCB
                0x080047c4       0x38 CMakeFiles/FreeRTOS-Frame.elf.dir/Middlewares/Third_Party/FreeRTOS/Source/tasks.c.obj
 .text.prvCheckTasksWaitingTermination
                0x080047fc       0x4c CMakeFiles/FreeRTOS-Frame.elf.dir/Middlewares/Third_Party/FreeRTOS/Source/tasks.c.obj
 .text.prvIdleTask
                0x08004848       0x28 CMakeFiles/FreeRTOS-Frame.elf.dir/Middlewares/Third_Party/FreeRTOS/Source/tasks.c.obj
 .text.prvAddCurrentTaskToDelayedList
                0x08004870       0x98 CMakeFiles/FreeRTOS-Frame.elf.dir/Middlewares/Third_Party/FreeRTOS/Source/tasks.c.obj
 .text.xTaskCreateStatic
                0x08004908       0x74 CMakeFiles/FreeRTOS-Frame.elf.dir/Middlewares/Third_Party/FreeRTOS/Source/tasks.c.obj
                0x08004908                xTaskCreateStatic
 .text.xTaskCreate
                0x0800497c       0x68 CMakeFiles/FreeRTOS-Frame.elf.dir/Middlewares/Third_Party/FreeRTOS/Source/tasks.c.obj
                0x0800497c                xTaskCreate
 .text.vTaskStartScheduler
                0x080049e4       0x6c CMakeFiles/FreeRTOS-Frame.elf.dir/Middlewares/Third_Party/FreeRTOS/Source/tasks.c.obj
                0x080049e4                vTaskStartScheduler
 .text.vTaskSuspendAll
                0x08004a50       0x10 CMakeFiles/FreeRTOS-Frame.elf.dir/Middlewares/Third_Party/FreeRTOS/Source/tasks.c.obj
                0x08004a50                vTaskSuspendAll
 .text.xTaskIncrementTick
                0x08004a60      0x118 CMakeFiles/FreeRTOS-Frame.elf.dir/Middlewares/Third_Party/FreeRTOS/Source/tasks.c.obj
                0x08004a60                xTaskIncrementTick
 .text.xTaskResumeAll
                0x08004b78       0xf8 CMakeFiles/FreeRTOS-Frame.elf.dir/Middlewares/Third_Party/FreeRTOS/Source/tasks.c.obj
                0x08004b78                xTaskResumeAll
 .text.vTaskDelay
                0x08004c70       0x4c CMakeFiles/FreeRTOS-Frame.elf.dir/Middlewares/Third_Party/FreeRTOS/Source/tasks.c.obj
                0x08004c70                vTaskDelay
 .text.vTaskSwitchContext
                0x08004cbc       0x98 CMakeFiles/FreeRTOS-Frame.elf.dir/Middlewares/Third_Party/FreeRTOS/Source/tasks.c.obj
                0x08004cbc                vTaskSwitchContext
 .text.xTaskGetSchedulerState
                0x08004d54       0x20 CMakeFiles/FreeRTOS-Frame.elf.dir/Middlewares/Third_Party/FreeRTOS/Source/tasks.c.obj
                0x08004d54                xTaskGetSchedulerState
 .text.Reset_Handler
                0x08004d74       0x50 CMakeFiles/FreeRTOS-Frame.elf.dir/startup/startup_stm32f427xx.s.obj
                0x08004d74                Reset_Handler
 .text.Default_Handler
                0x08004dc4        0x2 CMakeFiles/FreeRTOS-Frame.elf.dir/startup/startup_stm32f427xx.s.obj
                0x08004dc4                RTC_Alarm_IRQHandler
                0x08004dc4                HASH_RNG_IRQHandler
                0x08004dc4                EXTI2_IRQHandler
                0x08004dc4                TIM8_CC_IRQHandler
                0x08004dc4                SPI4_IRQHandler
                0x08004dc4                TIM1_CC_IRQHandler
                0x08004dc4                DMA2_Stream5_IRQHandler
                0x08004dc4                DMA1_Stream5_IRQHandler
                0x08004dc4                PVD_IRQHandler
                0x08004dc4                SDIO_IRQHandler
                0x08004dc4                TAMP_STAMP_IRQHandler
                0x08004dc4                CAN2_RX1_IRQHandler
                0x08004dc4                EXTI3_IRQHandler
                0x08004dc4                TIM8_TRG_COM_TIM14_IRQHandler
                0x08004dc4                TIM1_UP_TIM10_IRQHandler
                0x08004dc4                TIM8_UP_TIM13_IRQHandler
                0x08004dc4                I2C3_ER_IRQHandler
                0x08004dc4                EXTI0_IRQHandler
                0x08004dc4                I2C2_EV_IRQHandler
                0x08004dc4                DMA1_Stream2_IRQHandler
                0x08004dc4                CAN1_RX0_IRQHandler
                0x08004dc4                FPU_IRQHandler
                0x08004dc4                OTG_HS_WKUP_IRQHandler
                0x08004dc4                CAN2_SCE_IRQHandler
                0x08004dc4                SPI1_IRQHandler
                0x08004dc4                TIM6_DAC_IRQHandler
                0x08004dc4                TIM1_BRK_TIM9_IRQHandler
                0x08004dc4                DCMI_IRQHandler
                0x08004dc4                CAN2_RX0_IRQHandler
                0x08004dc4                USART3_IRQHandler
                0x08004dc4                CAN1_RX1_IRQHandler
                0x08004dc4                UART5_IRQHandler
                0x08004dc4                DMA2_Stream0_IRQHandler
                0x08004dc4                TIM4_IRQHandler
                0x08004dc4                I2C1_EV_IRQHandler
                0x08004dc4                UART4_IRQHandler
                0x08004dc4                TIM3_IRQHandler
                0x08004dc4                RCC_IRQHandler
                0x08004dc4                TIM8_BRK_TIM12_IRQHandler
                0x08004dc4                Default_Handler
                0x08004dc4                EXTI15_10_IRQHandler
                0x08004dc4                ADC_IRQHandler
                0x08004dc4                DMA1_Stream7_IRQHandler
                0x08004dc4                TIM7_IRQHandler
                0x08004dc4                CAN2_TX_IRQHandler
                0x08004dc4                TIM5_IRQHandler
                0x08004dc4                DMA2_Stream7_IRQHandler
                0x08004dc4                I2C3_EV_IRQHandler
                0x08004dc4                EXTI9_5_IRQHandler
                0x08004dc4                RTC_WKUP_IRQHandler
                0x08004dc4                ETH_WKUP_IRQHandler
                0x08004dc4                SPI2_IRQHandler
                0x08004dc4                OTG_HS_EP1_IN_IRQHandler
                0x08004dc4                DMA1_Stream0_IRQHandler
                0x08004dc4                CAN1_TX_IRQHandler
                0x08004dc4                EXTI4_IRQHandler
                0x08004dc4                ETH_IRQHandler
                0x08004dc4                OTG_HS_EP1_OUT_IRQHandler
                0x08004dc4                WWDG_IRQHandler
                0x08004dc4                SPI6_IRQHandler
                0x08004dc4                TIM2_IRQHandler
                0x08004dc4                OTG_FS_WKUP_IRQHandler
                0x08004dc4                TIM1_TRG_COM_TIM11_IRQHandler
                0x08004dc4                OTG_HS_IRQHandler
                0x08004dc4                DMA2D_IRQHandler
                0x08004dc4                EXTI1_IRQHandler
                0x08004dc4                USART2_IRQHandler
                0x08004dc4                I2C2_ER_IRQHandler
                0x08004dc4                CAN1_SCE_IRQHandler
                0x08004dc4                FLASH_IRQHandler
                0x08004dc4                USART1_IRQHandler
                0x08004dc4                SPI3_IRQHandler
                0x08004dc4                DMA1_Stream4_IRQHandler
                0x08004dc4                I2C1_ER_IRQHandler
                0x08004dc4                FMC_IRQHandler
                0x08004dc4                SAI1_IRQHandler
 *fill*         0x08004dc6        0x2 
 .text.__libc_init_array
                0x08004dc8       0x48 e:/softwares/gcc-arm-none-eabo-9-2019-q4/bin/../lib/gcc/arm-none-eabi/9.2.1/../../../../arm-none-eabi/lib/thumb/v7e-m+fp/hard\libg.a(lib_a-init.o)
                0x08004dc8                __libc_init_array
 .text.memset   0x08004e10       0xa0 e:/softwares/gcc-arm-none-eabo-9-2019-q4/bin/../lib/gcc/arm-none-eabi/9.2.1/../../../../arm-none-eabi/lib/thumb/v7e-m+fp/hard\libg.a(lib_a-memset.o)
                0x08004e10                memset
 .text.startup.register_fini
                0x08004eb0       0x14 e:/softwares/gcc-arm-none-eabo-9-2019-q4/bin/../lib/gcc/arm-none-eabi/9.2.1/../../../../arm-none-eabi/lib/thumb/v7e-m+fp/hard\libg.a(lib_a-__call_atexit.o)
 .text.atexit   0x08004ec4        0xc e:/softwares/gcc-arm-none-eabo-9-2019-q4/bin/../lib/gcc/arm-none-eabi/9.2.1/../../../../arm-none-eabi/lib/thumb/v7e-m+fp/hard\libg.a(lib_a-atexit.o)
                0x08004ec4                atexit
 .text.__libc_fini_array
                0x08004ed0       0x2c e:/softwares/gcc-arm-none-eabo-9-2019-q4/bin/../lib/gcc/arm-none-eabi/9.2.1/../../../../arm-none-eabi/lib/thumb/v7e-m+fp/hard\libg.a(lib_a-fini.o)
                0x08004ed0                __libc_fini_array
 .text.__retarget_lock_acquire_recursive
                0x08004efc        0x4 e:/softwares/gcc-arm-none-eabo-9-2019-q4/bin/../lib/gcc/arm-none-eabi/9.2.1/../../../../arm-none-eabi/lib/thumb/v7e-m+fp/hard\libg.a(lib_a-lock.o)
                0x08004efc                __retarget_lock_acquire_recursive
 .text.__retarget_lock_release_recursive
                0x08004f00        0x4 e:/softwares/gcc-arm-none-eabo-9-2019-q4/bin/../lib/gcc/arm-none-eabi/9.2.1/../../../../arm-none-eabi/lib/thumb/v7e-m+fp/hard\libg.a(lib_a-lock.o)
                0x08004f00                __retarget_lock_release_recursive
 .text.__register_exitproc
                0x08004f04       0x8c e:/softwares/gcc-arm-none-eabo-9-2019-q4/bin/../lib/gcc/arm-none-eabi/9.2.1/../../../../arm-none-eabi/lib/thumb/v7e-m+fp/hard\libg.a(lib_a-__atexit.o)
                0x08004f04                __register_exitproc
 *(.glue_7)
 .glue_7        0x08004f90        0x0 linker stubs
 *(.glue_7t)
 .glue_7t       0x08004f90        0x0 linker stubs
 *(.eh_frame)
 .eh_frame      0x08004f90        0x0 e:/softwares/gcc-arm-none-eabo-9-2019-q4/bin/../lib/gcc/arm-none-eabi/9.2.1/thumb/v7e-m+fp/hard/crtbegin.o
 *(.init)
 .init          0x08004f90        0x4 e:/softwares/gcc-arm-none-eabo-9-2019-q4/bin/../lib/gcc/arm-none-eabi/9.2.1/thumb/v7e-m+fp/hard/crti.o
                0x08004f90                _init
 .init          0x08004f94        0x8 e:/softwares/gcc-arm-none-eabo-9-2019-q4/bin/../lib/gcc/arm-none-eabi/9.2.1/thumb/v7e-m+fp/hard/crtn.o
 *(.fini)
 .fini          0x08004f9c        0x4 e:/softwares/gcc-arm-none-eabo-9-2019-q4/bin/../lib/gcc/arm-none-eabi/9.2.1/thumb/v7e-m+fp/hard/crti.o
                0x08004f9c                _fini
 .fini          0x08004fa0        0x8 e:/softwares/gcc-arm-none-eabo-9-2019-q4/bin/../lib/gcc/arm-none-eabi/9.2.1/thumb/v7e-m+fp/hard/crtn.o
                0x08004fa8                . = ALIGN (0x4)
                0x08004fa8                _etext = .

.vfp11_veneer   0x08004fa8        0x0
 .vfp11_veneer  0x08004fa8        0x0 linker stubs

.v4_bx          0x08004fa8        0x0
 .v4_bx         0x08004fa8        0x0 linker stubs

.iplt           0x08004fa8        0x0
 .iplt          0x08004fa8        0x0 e:/softwares/gcc-arm-none-eabo-9-2019-q4/bin/../lib/gcc/arm-none-eabi/9.2.1/thumb/v7e-m+fp/hard/crtbegin.o

.rodata         0x08004fa8       0x54
                0x08004fa8                . = ALIGN (0x4)
 *(.rodata)
 .rodata        0x08004fa8       0x1c CMakeFiles/FreeRTOS-Frame.elf.dir/Core/Src/freertos.c.obj
 *(.rodata*)
 .rodata.str1.4
                0x08004fc4        0xc CMakeFiles/FreeRTOS-Frame.elf.dir/Core/Src/freertos.c.obj
 .rodata.AHBPrescTable
                0x08004fd0       0x10 CMakeFiles/FreeRTOS-Frame.elf.dir/Core/Src/system_stm32f4xx.c.obj
                0x08004fd0                AHBPrescTable
 .rodata.APBPrescTable
                0x08004fe0        0x8 CMakeFiles/FreeRTOS-Frame.elf.dir/Core/Src/system_stm32f4xx.c.obj
                0x08004fe0                APBPrescTable
 .rodata.flagBitshiftOffset.9363
                0x08004fe8        0x8 CMakeFiles/FreeRTOS-Frame.elf.dir/Drivers/STM32F4xx_HAL_Driver/Src/stm32f4xx_hal_dma.c.obj
 .rodata.vTaskStartScheduler.str1.4
                0x08004ff0        0x5 CMakeFiles/FreeRTOS-Frame.elf.dir/Middlewares/Third_Party/FreeRTOS/Source/tasks.c.obj
 *fill*         0x08004ff5        0x3 
 .rodata._global_impure_ptr
                0x08004ff8        0x4 e:/softwares/gcc-arm-none-eabo-9-2019-q4/bin/../lib/gcc/arm-none-eabi/9.2.1/../../../../arm-none-eabi/lib/thumb/v7e-m+fp/hard\libg.a(lib_a-impure.o)
                0x08004ff8                _global_impure_ptr
                0x08004ffc                . = ALIGN (0x4)

.ARM.extab
 *(.ARM.extab* .gnu.linkonce.armextab.*)

.ARM            0x08004ffc        0x8
                0x08004ffc                __exidx_start = .
 *(.ARM.exidx*)
 .ARM.exidx     0x08004ffc        0x8 e:/softwares/gcc-arm-none-eabo-9-2019-q4/bin/../lib/gcc/arm-none-eabi/9.2.1/thumb/v7e-m+fp/hard\libgcc.a(_udivmoddi4.o)
                0x08005004                __exidx_end = .

.rel.dyn        0x08005004        0x0
 .rel.iplt      0x08005004        0x0 e:/softwares/gcc-arm-none-eabo-9-2019-q4/bin/../lib/gcc/arm-none-eabi/9.2.1/thumb/v7e-m+fp/hard/crtbegin.o

.preinit_array  0x08005004        0x0
                0x08005004                PROVIDE (__preinit_array_start = .)
 *(.preinit_array*)
                0x08005004                PROVIDE (__preinit_array_end = .)

.init_array     0x08005004        0x8
                0x08005004                PROVIDE (__init_array_start = .)
 *(SORT_BY_NAME(.init_array.*))
 .init_array.00000
                0x08005004        0x4 e:/softwares/gcc-arm-none-eabo-9-2019-q4/bin/../lib/gcc/arm-none-eabi/9.2.1/../../../../arm-none-eabi/lib/thumb/v7e-m+fp/hard\libg.a(lib_a-__call_atexit.o)
 *(.init_array*)
 .init_array    0x08005008        0x4 e:/softwares/gcc-arm-none-eabo-9-2019-q4/bin/../lib/gcc/arm-none-eabi/9.2.1/thumb/v7e-m+fp/hard/crtbegin.o
                0x0800500c                PROVIDE (__init_array_end = .)

.fini_array     0x0800500c        0x4
                0x0800500c                PROVIDE (__fini_array_start = .)
 *(SORT_BY_NAME(.fini_array.*))
 *(.fini_array*)
 .fini_array    0x0800500c        0x4 e:/softwares/gcc-arm-none-eabo-9-2019-q4/bin/../lib/gcc/arm-none-eabi/9.2.1/thumb/v7e-m+fp/hard/crtbegin.o
                0x08005010                PROVIDE (__fini_array_end = .)
                0x08005010                _sidata = LOADADDR (.data)

.data           0x20000000      0x43c load address 0x08005010
                0x20000000                . = ALIGN (0x4)
                0x20000000                _sdata = .
 *(.data)
 *(.data*)
 .data.SystemCoreClock
                0x20000000        0x4 CMakeFiles/FreeRTOS-Frame.elf.dir/Core/Src/system_stm32f4xx.c.obj
                0x20000000                SystemCoreClock
 .data.uwTickFreq
                0x20000004        0x1 CMakeFiles/FreeRTOS-Frame.elf.dir/Drivers/STM32F4xx_HAL_Driver/Src/stm32f4xx_hal.c.obj
                0x20000004                uwTickFreq
 *fill*         0x20000005        0x3 
 .data.uwTickPrio
                0x20000008        0x4 CMakeFiles/FreeRTOS-Frame.elf.dir/Drivers/STM32F4xx_HAL_Driver/Src/stm32f4xx_hal.c.obj
                0x20000008                uwTickPrio
 .data.uxCriticalNesting
                0x2000000c        0x4 CMakeFiles/FreeRTOS-Frame.elf.dir/Middlewares/Third_Party/FreeRTOS/Source/portable/RVDS/ARM_CM4F/port.c.obj
 .data.impure_data
                0x20000010      0x428 e:/softwares/gcc-arm-none-eabo-9-2019-q4/bin/../lib/gcc/arm-none-eabi/9.2.1/../../../../arm-none-eabi/lib/thumb/v7e-m+fp/hard\libg.a(lib_a-impure.o)
 .data.__atexit_recursive_mutex
                0x20000438        0x4 e:/softwares/gcc-arm-none-eabo-9-2019-q4/bin/../lib/gcc/arm-none-eabi/9.2.1/../../../../arm-none-eabi/lib/thumb/v7e-m+fp/hard\libg.a(lib_a-__call_atexit.o)
                0x20000438                __atexit_recursive_mutex
                0x2000043c                . = ALIGN (0x4)
                0x2000043c                _edata = .
                0x0800544c                _siccmram = LOADADDR (.ccmram)

.igot.plt       0x2000043c        0x0 load address 0x0800544c
 .igot.plt      0x2000043c        0x0 e:/softwares/gcc-arm-none-eabo-9-2019-q4/bin/../lib/gcc/arm-none-eabi/9.2.1/thumb/v7e-m+fp/hard/crtbegin.o

.ccmram         0x10000000        0x0 load address 0x0800544c
                0x10000000                . = ALIGN (0x4)
                0x10000000                _sccmram = .
 *(.ccmram)
 *(.ccmram*)
                0x10000000                . = ALIGN (0x4)
                0x10000000                _eccmram = .
                0x10000000                . = ALIGN (0x4)

.bss            0x2000043c     0x4a40
                0x2000043c                _sbss = .
                0x2000043c                __bss_start__ = _sbss
 *(.bss)
 .bss           0x2000043c       0x1c e:/softwares/gcc-arm-none-eabo-9-2019-q4/bin/../lib/gcc/arm-none-eabi/9.2.1/thumb/v7e-m+fp/hard/crtbegin.o
 *(.bss*)
 .bss.hadc1     0x20000458       0x48 CMakeFiles/FreeRTOS-Frame.elf.dir/Core/Src/adc.c.obj
                0x20000458                hadc1
 .bss.HAL_RCC_CAN1_CLK_ENABLED
                0x200004a0        0x4 CMakeFiles/FreeRTOS-Frame.elf.dir/Core/Src/can.c.obj
 .bss.hcan1     0x200004a4       0x28 CMakeFiles/FreeRTOS-Frame.elf.dir/Core/Src/can.c.obj
                0x200004a4                hcan1
 .bss.hcan2     0x200004cc       0x28 CMakeFiles/FreeRTOS-Frame.elf.dir/Core/Src/can.c.obj
                0x200004cc                hcan2
 .bss.defaultTaskHandle
                0x200004f4        0x4 CMakeFiles/FreeRTOS-Frame.elf.dir/Core/Src/freertos.c.obj
                0x200004f4                defaultTaskHandle
 .bss.xIdleStack
                0x200004f8      0x200 CMakeFiles/FreeRTOS-Frame.elf.dir/Core/Src/freertos.c.obj
 .bss.xIdleTaskTCBBuffer
                0x200006f8       0x54 CMakeFiles/FreeRTOS-Frame.elf.dir/Core/Src/freertos.c.obj
 .bss.hi2c2     0x2000074c       0x54 CMakeFiles/FreeRTOS-Frame.elf.dir/Core/Src/i2c.c.obj
                0x2000074c                hi2c2
 .bss.hiwdg     0x200007a0        0xc CMakeFiles/FreeRTOS-Frame.elf.dir/Core/Src/iwdg.c.obj
                0x200007a0                hiwdg
 .bss.hdma_spi5_rx
                0x200007ac       0x60 CMakeFiles/FreeRTOS-Frame.elf.dir/Core/Src/spi.c.obj
                0x200007ac                hdma_spi5_rx
 .bss.hdma_spi5_tx
                0x2000080c       0x60 CMakeFiles/FreeRTOS-Frame.elf.dir/Core/Src/spi.c.obj
                0x2000080c                hdma_spi5_tx
 .bss.hspi5     0x2000086c       0x58 CMakeFiles/FreeRTOS-Frame.elf.dir/Core/Src/spi.c.obj
                0x2000086c                hspi5
 .bss.htim1     0x200008c4       0x40 CMakeFiles/FreeRTOS-Frame.elf.dir/Core/Src/tim.c.obj
                0x200008c4                htim1
 .bss.htim10    0x20000904       0x40 CMakeFiles/FreeRTOS-Frame.elf.dir/Core/Src/tim.c.obj
                0x20000904                htim10
 .bss.htim6     0x20000944       0x40 CMakeFiles/FreeRTOS-Frame.elf.dir/Core/Src/tim.c.obj
                0x20000944                htim6
 .bss.hdma_uart8_rx
                0x20000984       0x60 CMakeFiles/FreeRTOS-Frame.elf.dir/Core/Src/usart.c.obj
                0x20000984                hdma_uart8_rx
 .bss.hdma_usart1_rx
                0x200009e4       0x60 CMakeFiles/FreeRTOS-Frame.elf.dir/Core/Src/usart.c.obj
                0x200009e4                hdma_usart1_rx
 .bss.hdma_usart3_rx
                0x20000a44       0x60 CMakeFiles/FreeRTOS-Frame.elf.dir/Core/Src/usart.c.obj
                0x20000a44                hdma_usart3_rx
 .bss.hdma_usart3_tx
                0x20000aa4       0x60 CMakeFiles/FreeRTOS-Frame.elf.dir/Core/Src/usart.c.obj
                0x20000aa4                hdma_usart3_tx
 .bss.hdma_usart6_rx
                0x20000b04       0x60 CMakeFiles/FreeRTOS-Frame.elf.dir/Core/Src/usart.c.obj
                0x20000b04                hdma_usart6_rx
 .bss.hdma_usart6_tx
                0x20000b64       0x60 CMakeFiles/FreeRTOS-Frame.elf.dir/Core/Src/usart.c.obj
                0x20000b64                hdma_usart6_tx
 .bss.huart1    0x20000bc4       0x40 CMakeFiles/FreeRTOS-Frame.elf.dir/Core/Src/usart.c.obj
                0x20000bc4                huart1
 .bss.huart3    0x20000c04       0x40 CMakeFiles/FreeRTOS-Frame.elf.dir/Core/Src/usart.c.obj
                0x20000c04                huart3
 .bss.huart6    0x20000c44       0x40 CMakeFiles/FreeRTOS-Frame.elf.dir/Core/Src/usart.c.obj
                0x20000c44                huart6
 .bss.huart7    0x20000c84       0x40 CMakeFiles/FreeRTOS-Frame.elf.dir/Core/Src/usart.c.obj
                0x20000c84                huart7
 .bss.huart8    0x20000cc4       0x40 CMakeFiles/FreeRTOS-Frame.elf.dir/Core/Src/usart.c.obj
                0x20000cc4                huart8
 .bss.hpcd_USB_OTG_FS
                0x20000d04      0x408 CMakeFiles/FreeRTOS-Frame.elf.dir/Core/Src/usb_otg.c.obj
                0x20000d04                hpcd_USB_OTG_FS
 .bss.uwTick    0x2000110c        0x4 CMakeFiles/FreeRTOS-Frame.elf.dir/Drivers/STM32F4xx_HAL_Driver/Src/stm32f4xx_hal.c.obj
                0x2000110c                uwTick
 .bss.pxEnd     0x20001110        0x4 CMakeFiles/FreeRTOS-Frame.elf.dir/Middlewares/Third_Party/FreeRTOS/Source/portable/MemMang/heap_4.c.obj
 .bss.ucHeap    0x20001114     0x3c00 CMakeFiles/FreeRTOS-Frame.elf.dir/Middlewares/Third_Party/FreeRTOS/Source/portable/MemMang/heap_4.c.obj
 .bss.xBlockAllocatedBit
                0x20004d14        0x4 CMakeFiles/FreeRTOS-Frame.elf.dir/Middlewares/Third_Party/FreeRTOS/Source/portable/MemMang/heap_4.c.obj
 .bss.xFreeBytesRemaining
                0x20004d18        0x4 CMakeFiles/FreeRTOS-Frame.elf.dir/Middlewares/Third_Party/FreeRTOS/Source/portable/MemMang/heap_4.c.obj
 .bss.xMinimumEverFreeBytesRemaining
                0x20004d1c        0x4 CMakeFiles/FreeRTOS-Frame.elf.dir/Middlewares/Third_Party/FreeRTOS/Source/portable/MemMang/heap_4.c.obj
 .bss.xStart    0x20004d20        0x8 CMakeFiles/FreeRTOS-Frame.elf.dir/Middlewares/Third_Party/FreeRTOS/Source/portable/MemMang/heap_4.c.obj
 .bss.ucMaxSysCallPriority
                0x20004d28        0x1 CMakeFiles/FreeRTOS-Frame.elf.dir/Middlewares/Third_Party/FreeRTOS/Source/portable/RVDS/ARM_CM4F/port.c.obj
 *fill*         0x20004d29        0x3 
 .bss.ulMaxPRIGROUPValue
                0x20004d2c        0x4 CMakeFiles/FreeRTOS-Frame.elf.dir/Middlewares/Third_Party/FreeRTOS/Source/portable/RVDS/ARM_CM4F/port.c.obj
 .bss.pxCurrentTCB
                0x20004d30        0x4 CMakeFiles/FreeRTOS-Frame.elf.dir/Middlewares/Third_Party/FreeRTOS/Source/tasks.c.obj
                0x20004d30                pxCurrentTCB
 .bss.pxDelayedTaskList
                0x20004d34        0x4 CMakeFiles/FreeRTOS-Frame.elf.dir/Middlewares/Third_Party/FreeRTOS/Source/tasks.c.obj
 .bss.pxOverflowDelayedTaskList
                0x20004d38        0x4 CMakeFiles/FreeRTOS-Frame.elf.dir/Middlewares/Third_Party/FreeRTOS/Source/tasks.c.obj
 .bss.pxReadyTasksLists
                0x20004d3c       0x8c CMakeFiles/FreeRTOS-Frame.elf.dir/Middlewares/Third_Party/FreeRTOS/Source/tasks.c.obj
 .bss.uxCurrentNumberOfTasks
                0x20004dc8        0x4 CMakeFiles/FreeRTOS-Frame.elf.dir/Middlewares/Third_Party/FreeRTOS/Source/tasks.c.obj
 .bss.uxDeletedTasksWaitingCleanUp
                0x20004dcc        0x4 CMakeFiles/FreeRTOS-Frame.elf.dir/Middlewares/Third_Party/FreeRTOS/Source/tasks.c.obj
 .bss.uxPendedTicks
                0x20004dd0        0x4 CMakeFiles/FreeRTOS-Frame.elf.dir/Middlewares/Third_Party/FreeRTOS/Source/tasks.c.obj
 .bss.uxSchedulerSuspended
                0x20004dd4        0x4 CMakeFiles/FreeRTOS-Frame.elf.dir/Middlewares/Third_Party/FreeRTOS/Source/tasks.c.obj
 .bss.uxTaskNumber
                0x20004dd8        0x4 CMakeFiles/FreeRTOS-Frame.elf.dir/Middlewares/Third_Party/FreeRTOS/Source/tasks.c.obj
 .bss.uxTopReadyPriority
                0x20004ddc        0x4 CMakeFiles/FreeRTOS-Frame.elf.dir/Middlewares/Third_Party/FreeRTOS/Source/tasks.c.obj
 .bss.xDelayedTaskList1
                0x20004de0       0x14 CMakeFiles/FreeRTOS-Frame.elf.dir/Middlewares/Third_Party/FreeRTOS/Source/tasks.c.obj
 .bss.xDelayedTaskList2
                0x20004df4       0x14 CMakeFiles/FreeRTOS-Frame.elf.dir/Middlewares/Third_Party/FreeRTOS/Source/tasks.c.obj
 .bss.xNextTaskUnblockTime
                0x20004e08        0x4 CMakeFiles/FreeRTOS-Frame.elf.dir/Middlewares/Third_Party/FreeRTOS/Source/tasks.c.obj
 .bss.xNumOfOverflows
                0x20004e0c        0x4 CMakeFiles/FreeRTOS-Frame.elf.dir/Middlewares/Third_Party/FreeRTOS/Source/tasks.c.obj
 .bss.xPendingReadyList
                0x20004e10       0x14 CMakeFiles/FreeRTOS-Frame.elf.dir/Middlewares/Third_Party/FreeRTOS/Source/tasks.c.obj
 .bss.xSchedulerRunning
                0x20004e24        0x4 CMakeFiles/FreeRTOS-Frame.elf.dir/Middlewares/Third_Party/FreeRTOS/Source/tasks.c.obj
 .bss.xSuspendedTaskList
                0x20004e28       0x14 CMakeFiles/FreeRTOS-Frame.elf.dir/Middlewares/Third_Party/FreeRTOS/Source/tasks.c.obj
 .bss.xTasksWaitingTermination
                0x20004e3c       0x14 CMakeFiles/FreeRTOS-Frame.elf.dir/Middlewares/Third_Party/FreeRTOS/Source/tasks.c.obj
 .bss.xTickCount
                0x20004e50        0x4 CMakeFiles/FreeRTOS-Frame.elf.dir/Middlewares/Third_Party/FreeRTOS/Source/tasks.c.obj
 .bss.xYieldPending
                0x20004e54        0x4 CMakeFiles/FreeRTOS-Frame.elf.dir/Middlewares/Third_Party/FreeRTOS/Source/tasks.c.obj
 *(COMMON)
 COMMON         0x20004e58       0x21 e:/softwares/gcc-arm-none-eabo-9-2019-q4/bin/../lib/gcc/arm-none-eabi/9.2.1/../../../../arm-none-eabi/lib/thumb/v7e-m+fp/hard\libg.a(lib_a-lock.o)
                0x20004e58                __lock___atexit_recursive_mutex
                0x20004e5c                __lock___arc4random_mutex
                0x20004e60                __lock___env_recursive_mutex
                0x20004e64                __lock___sinit_recursive_mutex
                0x20004e68                __lock___malloc_recursive_mutex
                0x20004e6c                __lock___at_quick_exit_mutex
                0x20004e70                __lock___dd_hash_mutex
                0x20004e74                __lock___tz_mutex
                0x20004e78                __lock___sfp_recursive_mutex
                0x20004e7c                . = ALIGN (0x4)
 *fill*         0x20004e79        0x3 
                0x20004e7c                _ebss = .
                0x20004e7c                __bss_end__ = _ebss

._user_heap_stack
                0x20004e7c      0x604
                0x20004e80                . = ALIGN (0x8)
 *fill*         0x20004e7c        0x4 
                0x20004e80                PROVIDE (end = .)
                [!provide]                PROVIDE (_end = .)
                0x20005080                . = (. + _Min_Heap_Size)
 *fill*         0x20004e80      0x200 
                0x20005480                . = (. + _Min_Stack_Size)
 *fill*         0x20005080      0x400 
                0x20005480                . = ALIGN (0x8)

/DISCARD/
 libc.a(*)
 libm.a(*)
 libgcc.a(*)

.ARM.attributes
                0x00000000       0x30
 *(.ARM.attributes)
 .ARM.attributes
                0x00000000       0x1e e:/softwares/gcc-arm-none-eabo-9-2019-q4/bin/../lib/gcc/arm-none-eabi/9.2.1/thumb/v7e-m+fp/hard/crti.o
 .ARM.attributes
                0x0000001e       0x34 e:/softwares/gcc-arm-none-eabo-9-2019-q4/bin/../lib/gcc/arm-none-eabi/9.2.1/thumb/v7e-m+fp/hard/crtbegin.o
 .ARM.attributes
                0x00000052       0x34 CMakeFiles/FreeRTOS-Frame.elf.dir/Core/Src/adc.c.obj
 .ARM.attributes
                0x00000086       0x34 CMakeFiles/FreeRTOS-Frame.elf.dir/Core/Src/can.c.obj
 .ARM.attributes
                0x000000ba       0x34 CMakeFiles/FreeRTOS-Frame.elf.dir/Core/Src/dma.c.obj
 .ARM.attributes
                0x000000ee       0x34 CMakeFiles/FreeRTOS-Frame.elf.dir/Core/Src/freertos.c.obj
 .ARM.attributes
                0x00000122       0x34 CMakeFiles/FreeRTOS-Frame.elf.dir/Core/Src/gpio.c.obj
 .ARM.attributes
                0x00000156       0x34 CMakeFiles/FreeRTOS-Frame.elf.dir/Core/Src/i2c.c.obj
 .ARM.attributes
                0x0000018a       0x34 CMakeFiles/FreeRTOS-Frame.elf.dir/Core/Src/iwdg.c.obj
 .ARM.attributes
                0x000001be       0x34 CMakeFiles/FreeRTOS-Frame.elf.dir/Core/Src/main.c.obj
 .ARM.attributes
                0x000001f2       0x34 CMakeFiles/FreeRTOS-Frame.elf.dir/Core/Src/spi.c.obj
 .ARM.attributes
                0x00000226       0x34 CMakeFiles/FreeRTOS-Frame.elf.dir/Core/Src/stm32f4xx_hal_msp.c.obj
 .ARM.attributes
                0x0000025a       0x34 CMakeFiles/FreeRTOS-Frame.elf.dir/Core/Src/stm32f4xx_it.c.obj
 .ARM.attributes
                0x0000028e       0x34 CMakeFiles/FreeRTOS-Frame.elf.dir/Core/Src/system_stm32f4xx.c.obj
 .ARM.attributes
                0x000002c2       0x34 CMakeFiles/FreeRTOS-Frame.elf.dir/Core/Src/tim.c.obj
 .ARM.attributes
                0x000002f6       0x34 CMakeFiles/FreeRTOS-Frame.elf.dir/Core/Src/usart.c.obj
 .ARM.attributes
                0x0000032a       0x34 CMakeFiles/FreeRTOS-Frame.elf.dir/Core/Src/usb_otg.c.obj
 .ARM.attributes
                0x0000035e       0x34 CMakeFiles/FreeRTOS-Frame.elf.dir/Drivers/STM32F4xx_HAL_Driver/Src/stm32f4xx_hal.c.obj
 .ARM.attributes
                0x00000392       0x34 CMakeFiles/FreeRTOS-Frame.elf.dir/Drivers/STM32F4xx_HAL_Driver/Src/stm32f4xx_hal_adc.c.obj
 .ARM.attributes
                0x000003c6       0x34 CMakeFiles/FreeRTOS-Frame.elf.dir/Drivers/STM32F4xx_HAL_Driver/Src/stm32f4xx_hal_can.c.obj
 .ARM.attributes
                0x000003fa       0x34 CMakeFiles/FreeRTOS-Frame.elf.dir/Drivers/STM32F4xx_HAL_Driver/Src/stm32f4xx_hal_cortex.c.obj
 .ARM.attributes
                0x0000042e       0x34 CMakeFiles/FreeRTOS-Frame.elf.dir/Drivers/STM32F4xx_HAL_Driver/Src/stm32f4xx_hal_dma.c.obj
 .ARM.attributes
                0x00000462       0x34 CMakeFiles/FreeRTOS-Frame.elf.dir/Drivers/STM32F4xx_HAL_Driver/Src/stm32f4xx_hal_gpio.c.obj
 .ARM.attributes
                0x00000496       0x34 CMakeFiles/FreeRTOS-Frame.elf.dir/Drivers/STM32F4xx_HAL_Driver/Src/stm32f4xx_hal_i2c.c.obj
 .ARM.attributes
                0x000004ca       0x34 CMakeFiles/FreeRTOS-Frame.elf.dir/Drivers/STM32F4xx_HAL_Driver/Src/stm32f4xx_hal_i2c_ex.c.obj
 .ARM.attributes
                0x000004fe       0x34 CMakeFiles/FreeRTOS-Frame.elf.dir/Drivers/STM32F4xx_HAL_Driver/Src/stm32f4xx_hal_iwdg.c.obj
 .ARM.attributes
                0x00000532       0x34 CMakeFiles/FreeRTOS-Frame.elf.dir/Drivers/STM32F4xx_HAL_Driver/Src/stm32f4xx_hal_pcd.c.obj
 .ARM.attributes
                0x00000566       0x34 CMakeFiles/FreeRTOS-Frame.elf.dir/Drivers/STM32F4xx_HAL_Driver/Src/stm32f4xx_hal_pcd_ex.c.obj
 .ARM.attributes
                0x0000059a       0x34 CMakeFiles/FreeRTOS-Frame.elf.dir/Drivers/STM32F4xx_HAL_Driver/Src/stm32f4xx_hal_rcc.c.obj
 .ARM.attributes
                0x000005ce       0x34 CMakeFiles/FreeRTOS-Frame.elf.dir/Drivers/STM32F4xx_HAL_Driver/Src/stm32f4xx_hal_spi.c.obj
 .ARM.attributes
                0x00000602       0x34 CMakeFiles/FreeRTOS-Frame.elf.dir/Drivers/STM32F4xx_HAL_Driver/Src/stm32f4xx_hal_tim.c.obj
 .ARM.attributes
                0x00000636       0x34 CMakeFiles/FreeRTOS-Frame.elf.dir/Drivers/STM32F4xx_HAL_Driver/Src/stm32f4xx_hal_tim_ex.c.obj
 .ARM.attributes
                0x0000066a       0x34 CMakeFiles/FreeRTOS-Frame.elf.dir/Drivers/STM32F4xx_HAL_Driver/Src/stm32f4xx_hal_uart.c.obj
 .ARM.attributes
                0x0000069e       0x34 CMakeFiles/FreeRTOS-Frame.elf.dir/Drivers/STM32F4xx_HAL_Driver/Src/stm32f4xx_ll_usb.c.obj
 .ARM.attributes
                0x000006d2       0x34 CMakeFiles/FreeRTOS-Frame.elf.dir/Middlewares/Third_Party/FreeRTOS/Source/CMSIS_RTOS/cmsis_os.c.obj
 .ARM.attributes
                0x00000706       0x34 CMakeFiles/FreeRTOS-Frame.elf.dir/Middlewares/Third_Party/FreeRTOS/Source/list.c.obj
 .ARM.attributes
                0x0000073a       0x34 CMakeFiles/FreeRTOS-Frame.elf.dir/Middlewares/Third_Party/FreeRTOS/Source/portable/MemMang/heap_4.c.obj
 .ARM.attributes
                0x0000076e       0x34 CMakeFiles/FreeRTOS-Frame.elf.dir/Middlewares/Third_Party/FreeRTOS/Source/portable/RVDS/ARM_CM4F/port.c.obj
 .ARM.attributes
                0x000007a2       0x34 CMakeFiles/FreeRTOS-Frame.elf.dir/Middlewares/Third_Party/FreeRTOS/Source/tasks.c.obj
 .ARM.attributes
                0x000007d6       0x21 CMakeFiles/FreeRTOS-Frame.elf.dir/startup/startup_stm32f427xx.s.obj
 .ARM.attributes
                0x000007f7       0x1e e:/softwares/gcc-arm-none-eabo-9-2019-q4/bin/../lib/gcc/arm-none-eabi/9.2.1/thumb/v7e-m+fp/hard\libgcc.a(_aeabi_uldivmod.o)
 .ARM.attributes
                0x00000815       0x34 e:/softwares/gcc-arm-none-eabo-9-2019-q4/bin/../lib/gcc/arm-none-eabi/9.2.1/thumb/v7e-m+fp/hard\libgcc.a(_udivmoddi4.o)
 .ARM.attributes
                0x00000849       0x1e e:/softwares/gcc-arm-none-eabo-9-2019-q4/bin/../lib/gcc/arm-none-eabi/9.2.1/thumb/v7e-m+fp/hard\libgcc.a(_dvmd_tls.o)
 .ARM.attributes
                0x00000867       0x32 e:/softwares/gcc-arm-none-eabo-9-2019-q4/bin/../lib/gcc/arm-none-eabi/9.2.1/../../../../arm-none-eabi/lib/thumb/v7e-m+fp/hard\libg.a(lib_a-impure.o)
 .ARM.attributes
                0x00000899       0x34 e:/softwares/gcc-arm-none-eabo-9-2019-q4/bin/../lib/gcc/arm-none-eabi/9.2.1/../../../../arm-none-eabi/lib/thumb/v7e-m+fp/hard\libg.a(lib_a-init.o)
 .ARM.attributes
                0x000008cd       0x34 e:/softwares/gcc-arm-none-eabo-9-2019-q4/bin/../lib/gcc/arm-none-eabi/9.2.1/../../../../arm-none-eabi/lib/thumb/v7e-m+fp/hard\libg.a(lib_a-memset.o)
 .ARM.attributes
                0x00000901       0x34 e:/softwares/gcc-arm-none-eabo-9-2019-q4/bin/../lib/gcc/arm-none-eabi/9.2.1/../../../../arm-none-eabi/lib/thumb/v7e-m+fp/hard\libg.a(lib_a-__call_atexit.o)
 .ARM.attributes
                0x00000935       0x34 e:/softwares/gcc-arm-none-eabo-9-2019-q4/bin/../lib/gcc/arm-none-eabi/9.2.1/../../../../arm-none-eabi/lib/thumb/v7e-m+fp/hard\libg.a(lib_a-atexit.o)
 .ARM.attributes
                0x00000969       0x34 e:/softwares/gcc-arm-none-eabo-9-2019-q4/bin/../lib/gcc/arm-none-eabi/9.2.1/../../../../arm-none-eabi/lib/thumb/v7e-m+fp/hard\libg.a(lib_a-fini.o)
 .ARM.attributes
                0x0000099d       0x34 e:/softwares/gcc-arm-none-eabo-9-2019-q4/bin/../lib/gcc/arm-none-eabi/9.2.1/../../../../arm-none-eabi/lib/thumb/v7e-m+fp/hard\libg.a(lib_a-lock.o)
 .ARM.attributes
                0x000009d1       0x34 e:/softwares/gcc-arm-none-eabo-9-2019-q4/bin/../lib/gcc/arm-none-eabi/9.2.1/../../../../arm-none-eabi/lib/thumb/v7e-m+fp/hard\libg.a(lib_a-__atexit.o)
 .ARM.attributes
                0x00000a05       0x1e e:/softwares/gcc-arm-none-eabo-9-2019-q4/bin/../lib/gcc/arm-none-eabi/9.2.1/thumb/v7e-m+fp/hard/crtn.o
OUTPUT(FreeRTOS-Frame.elf elf32-littlearm)

.debug_info     0x00000000    0x293e2
 .debug_info    0x00000000      0xb6d CMakeFiles/FreeRTOS-Frame.elf.dir/Core/Src/adc.c.obj
 .debug_info    0x00000b6d      0xad4 CMakeFiles/FreeRTOS-Frame.elf.dir/Core/Src/can.c.obj
 .debug_info    0x00001641      0x7ab CMakeFiles/FreeRTOS-Frame.elf.dir/Core/Src/dma.c.obj
 .debug_info    0x00001dec      0x535 CMakeFiles/FreeRTOS-Frame.elf.dir/Core/Src/freertos.c.obj
 .debug_info    0x00002321      0x5f5 CMakeFiles/FreeRTOS-Frame.elf.dir/Core/Src/gpio.c.obj
 .debug_info    0x00002916      0xbb0 CMakeFiles/FreeRTOS-Frame.elf.dir/Core/Src/i2c.c.obj
 .debug_info    0x000034c6      0x2bf CMakeFiles/FreeRTOS-Frame.elf.dir/Core/Src/iwdg.c.obj
 .debug_info    0x00003785     0x2024 CMakeFiles/FreeRTOS-Frame.elf.dir/Core/Src/main.c.obj
 .debug_info    0x000057a9      0xeb2 CMakeFiles/FreeRTOS-Frame.elf.dir/Core/Src/spi.c.obj
 .debug_info    0x0000665b      0x62a CMakeFiles/FreeRTOS-Frame.elf.dir/Core/Src/stm32f4xx_hal_msp.c.obj
 .debug_info    0x00006c85     0x1051 CMakeFiles/FreeRTOS-Frame.elf.dir/Core/Src/stm32f4xx_it.c.obj
 .debug_info    0x00007cd6      0x5d5 CMakeFiles/FreeRTOS-Frame.elf.dir/Core/Src/system_stm32f4xx.c.obj
 .debug_info    0x000082ab      0xb86 CMakeFiles/FreeRTOS-Frame.elf.dir/Core/Src/tim.c.obj
 .debug_info    0x00008e31     0x127d CMakeFiles/FreeRTOS-Frame.elf.dir/Core/Src/usart.c.obj
 .debug_info    0x0000a0ae      0xd48 CMakeFiles/FreeRTOS-Frame.elf.dir/Core/Src/usb_otg.c.obj
 .debug_info    0x0000adf6      0xae5 CMakeFiles/FreeRTOS-Frame.elf.dir/Drivers/STM32F4xx_HAL_Driver/Src/stm32f4xx_hal.c.obj
 .debug_info    0x0000b8db      0xf7f CMakeFiles/FreeRTOS-Frame.elf.dir/Drivers/STM32F4xx_HAL_Driver/Src/stm32f4xx_hal_adc.c.obj
 .debug_info    0x0000c85a     0x1342 CMakeFiles/FreeRTOS-Frame.elf.dir/Drivers/STM32F4xx_HAL_Driver/Src/stm32f4xx_hal_can.c.obj
 .debug_info    0x0000db9c     0x117e CMakeFiles/FreeRTOS-Frame.elf.dir/Drivers/STM32F4xx_HAL_Driver/Src/stm32f4xx_hal_cortex.c.obj
 .debug_info    0x0000ed1a      0xbed CMakeFiles/FreeRTOS-Frame.elf.dir/Drivers/STM32F4xx_HAL_Driver/Src/stm32f4xx_hal_dma.c.obj
 .debug_info    0x0000f907      0x88b CMakeFiles/FreeRTOS-Frame.elf.dir/Drivers/STM32F4xx_HAL_Driver/Src/stm32f4xx_hal_gpio.c.obj
 .debug_info    0x00010192     0x39e7 CMakeFiles/FreeRTOS-Frame.elf.dir/Drivers/STM32F4xx_HAL_Driver/Src/stm32f4xx_hal_i2c.c.obj
 .debug_info    0x00013b79      0x79f CMakeFiles/FreeRTOS-Frame.elf.dir/Drivers/STM32F4xx_HAL_Driver/Src/stm32f4xx_hal_i2c_ex.c.obj
 .debug_info    0x00014318      0x2f8 CMakeFiles/FreeRTOS-Frame.elf.dir/Drivers/STM32F4xx_HAL_Driver/Src/stm32f4xx_hal_iwdg.c.obj
 .debug_info    0x00014610     0x1ab0 CMakeFiles/FreeRTOS-Frame.elf.dir/Drivers/STM32F4xx_HAL_Driver/Src/stm32f4xx_hal_pcd.c.obj
 .debug_info    0x000160c0      0x7d2 CMakeFiles/FreeRTOS-Frame.elf.dir/Drivers/STM32F4xx_HAL_Driver/Src/stm32f4xx_hal_pcd_ex.c.obj
 .debug_info    0x00016892      0xb79 CMakeFiles/FreeRTOS-Frame.elf.dir/Drivers/STM32F4xx_HAL_Driver/Src/stm32f4xx_hal_rcc.c.obj
 .debug_info    0x0001740b     0x1efc CMakeFiles/FreeRTOS-Frame.elf.dir/Drivers/STM32F4xx_HAL_Driver/Src/stm32f4xx_hal_spi.c.obj
 .debug_info    0x00019307     0x36b9 CMakeFiles/FreeRTOS-Frame.elf.dir/Drivers/STM32F4xx_HAL_Driver/Src/stm32f4xx_hal_tim.c.obj
 .debug_info    0x0001c9c0     0x16f7 CMakeFiles/FreeRTOS-Frame.elf.dir/Drivers/STM32F4xx_HAL_Driver/Src/stm32f4xx_hal_tim_ex.c.obj
 .debug_info    0x0001e0b7     0x19ad CMakeFiles/FreeRTOS-Frame.elf.dir/Drivers/STM32F4xx_HAL_Driver/Src/stm32f4xx_hal_uart.c.obj
 .debug_info    0x0001fa64     0x1f55 CMakeFiles/FreeRTOS-Frame.elf.dir/Drivers/STM32F4xx_HAL_Driver/Src/stm32f4xx_ll_usb.c.obj
 .debug_info    0x000219b9     0x2aca CMakeFiles/FreeRTOS-Frame.elf.dir/Middlewares/Third_Party/FreeRTOS/Source/CMSIS_RTOS/cmsis_os.c.obj
 .debug_info    0x00024483      0xb91 CMakeFiles/FreeRTOS-Frame.elf.dir/Middlewares/Third_Party/FreeRTOS/Source/list.c.obj
 .debug_info    0x00025014      0xd22 CMakeFiles/FreeRTOS-Frame.elf.dir/Middlewares/Third_Party/FreeRTOS/Source/portable/MemMang/heap_4.c.obj
 .debug_info    0x00025d36      0x587 CMakeFiles/FreeRTOS-Frame.elf.dir/Middlewares/Third_Party/FreeRTOS/Source/portable/RVDS/ARM_CM4F/port.c.obj
 .debug_info    0x000262bd     0x3103 CMakeFiles/FreeRTOS-Frame.elf.dir/Middlewares/Third_Party/FreeRTOS/Source/tasks.c.obj
 .debug_info    0x000293c0       0x22 CMakeFiles/FreeRTOS-Frame.elf.dir/startup/startup_stm32f427xx.s.obj

.debug_abbrev   0x00000000     0x552e
 .debug_abbrev  0x00000000      0x1ed CMakeFiles/FreeRTOS-Frame.elf.dir/Core/Src/adc.c.obj
 .debug_abbrev  0x000001ed      0x207 CMakeFiles/FreeRTOS-Frame.elf.dir/Core/Src/can.c.obj
 .debug_abbrev  0x000003f4      0x153 CMakeFiles/FreeRTOS-Frame.elf.dir/Core/Src/dma.c.obj
 .debug_abbrev  0x00000547      0x192 CMakeFiles/FreeRTOS-Frame.elf.dir/Core/Src/freertos.c.obj
 .debug_abbrev  0x000006d9      0x17b CMakeFiles/FreeRTOS-Frame.elf.dir/Core/Src/gpio.c.obj
 .debug_abbrev  0x00000854      0x1ed CMakeFiles/FreeRTOS-Frame.elf.dir/Core/Src/i2c.c.obj
 .debug_abbrev  0x00000a41      0x155 CMakeFiles/FreeRTOS-Frame.elf.dir/Core/Src/iwdg.c.obj
 .debug_abbrev  0x00000b96      0x279 CMakeFiles/FreeRTOS-Frame.elf.dir/Core/Src/main.c.obj
 .debug_abbrev  0x00000e0f      0x209 CMakeFiles/FreeRTOS-Frame.elf.dir/Core/Src/spi.c.obj
 .debug_abbrev  0x00001018      0x146 CMakeFiles/FreeRTOS-Frame.elf.dir/Core/Src/stm32f4xx_hal_msp.c.obj
 .debug_abbrev  0x0000115e      0x200 CMakeFiles/FreeRTOS-Frame.elf.dir/Core/Src/stm32f4xx_it.c.obj
 .debug_abbrev  0x0000135e      0x148 CMakeFiles/FreeRTOS-Frame.elf.dir/Core/Src/system_stm32f4xx.c.obj
 .debug_abbrev  0x000014a6      0x1ea CMakeFiles/FreeRTOS-Frame.elf.dir/Core/Src/tim.c.obj
 .debug_abbrev  0x00001690      0x24a CMakeFiles/FreeRTOS-Frame.elf.dir/Core/Src/usart.c.obj
 .debug_abbrev  0x000018da      0x215 CMakeFiles/FreeRTOS-Frame.elf.dir/Core/Src/usb_otg.c.obj
 .debug_abbrev  0x00001aef      0x219 CMakeFiles/FreeRTOS-Frame.elf.dir/Drivers/STM32F4xx_HAL_Driver/Src/stm32f4xx_hal.c.obj
 .debug_abbrev  0x00001d08      0x266 CMakeFiles/FreeRTOS-Frame.elf.dir/Drivers/STM32F4xx_HAL_Driver/Src/stm32f4xx_hal_adc.c.obj
 .debug_abbrev  0x00001f6e      0x294 CMakeFiles/FreeRTOS-Frame.elf.dir/Drivers/STM32F4xx_HAL_Driver/Src/stm32f4xx_hal_can.c.obj
 .debug_abbrev  0x00002202      0x390 CMakeFiles/FreeRTOS-Frame.elf.dir/Drivers/STM32F4xx_HAL_Driver/Src/stm32f4xx_hal_cortex.c.obj
 .debug_abbrev  0x00002592      0x2d5 CMakeFiles/FreeRTOS-Frame.elf.dir/Drivers/STM32F4xx_HAL_Driver/Src/stm32f4xx_hal_dma.c.obj
 .debug_abbrev  0x00002867      0x21c CMakeFiles/FreeRTOS-Frame.elf.dir/Drivers/STM32F4xx_HAL_Driver/Src/stm32f4xx_hal_gpio.c.obj
 .debug_abbrev  0x00002a83      0x2ab CMakeFiles/FreeRTOS-Frame.elf.dir/Drivers/STM32F4xx_HAL_Driver/Src/stm32f4xx_hal_i2c.c.obj
 .debug_abbrev  0x00002d2e      0x18e CMakeFiles/FreeRTOS-Frame.elf.dir/Drivers/STM32F4xx_HAL_Driver/Src/stm32f4xx_hal_i2c_ex.c.obj
 .debug_abbrev  0x00002ebc      0x157 CMakeFiles/FreeRTOS-Frame.elf.dir/Drivers/STM32F4xx_HAL_Driver/Src/stm32f4xx_hal_iwdg.c.obj
 .debug_abbrev  0x00003013      0x2d3 CMakeFiles/FreeRTOS-Frame.elf.dir/Drivers/STM32F4xx_HAL_Driver/Src/stm32f4xx_hal_pcd.c.obj
 .debug_abbrev  0x000032e6      0x212 CMakeFiles/FreeRTOS-Frame.elf.dir/Drivers/STM32F4xx_HAL_Driver/Src/stm32f4xx_hal_pcd_ex.c.obj
 .debug_abbrev  0x000034f8      0x2ae CMakeFiles/FreeRTOS-Frame.elf.dir/Drivers/STM32F4xx_HAL_Driver/Src/stm32f4xx_hal_rcc.c.obj
 .debug_abbrev  0x000037a6      0x27a CMakeFiles/FreeRTOS-Frame.elf.dir/Drivers/STM32F4xx_HAL_Driver/Src/stm32f4xx_hal_spi.c.obj
 .debug_abbrev  0x00003a20      0x258 CMakeFiles/FreeRTOS-Frame.elf.dir/Drivers/STM32F4xx_HAL_Driver/Src/stm32f4xx_hal_tim.c.obj
 .debug_abbrev  0x00003c78      0x26e CMakeFiles/FreeRTOS-Frame.elf.dir/Drivers/STM32F4xx_HAL_Driver/Src/stm32f4xx_hal_tim_ex.c.obj
 .debug_abbrev  0x00003ee6      0x2c0 CMakeFiles/FreeRTOS-Frame.elf.dir/Drivers/STM32F4xx_HAL_Driver/Src/stm32f4xx_hal_uart.c.obj
 .debug_abbrev  0x000041a6      0x307 CMakeFiles/FreeRTOS-Frame.elf.dir/Drivers/STM32F4xx_HAL_Driver/Src/stm32f4xx_ll_usb.c.obj
 .debug_abbrev  0x000044ad      0x437 CMakeFiles/FreeRTOS-Frame.elf.dir/Middlewares/Third_Party/FreeRTOS/Source/CMSIS_RTOS/cmsis_os.c.obj
 .debug_abbrev  0x000048e4      0x249 CMakeFiles/FreeRTOS-Frame.elf.dir/Middlewares/Third_Party/FreeRTOS/Source/list.c.obj
 .debug_abbrev  0x00004b2d      0x372 CMakeFiles/FreeRTOS-Frame.elf.dir/Middlewares/Third_Party/FreeRTOS/Source/portable/MemMang/heap_4.c.obj
 .debug_abbrev  0x00004e9f      0x26b CMakeFiles/FreeRTOS-Frame.elf.dir/Middlewares/Third_Party/FreeRTOS/Source/portable/RVDS/ARM_CM4F/port.c.obj
 .debug_abbrev  0x0000510a      0x412 CMakeFiles/FreeRTOS-Frame.elf.dir/Middlewares/Third_Party/FreeRTOS/Source/tasks.c.obj
 .debug_abbrev  0x0000551c       0x12 CMakeFiles/FreeRTOS-Frame.elf.dir/startup/startup_stm32f427xx.s.obj

.debug_loc      0x00000000    0x16c87
 .debug_loc     0x00000000       0x84 CMakeFiles/FreeRTOS-Frame.elf.dir/Core/Src/adc.c.obj
 .debug_loc     0x00000084       0xcb CMakeFiles/FreeRTOS-Frame.elf.dir/Core/Src/can.c.obj
 .debug_loc     0x0000014f       0x25 CMakeFiles/FreeRTOS-Frame.elf.dir/Core/Src/freertos.c.obj
 .debug_loc     0x00000174       0x67 CMakeFiles/FreeRTOS-Frame.elf.dir/Core/Src/i2c.c.obj
 .debug_loc     0x000001db       0x71 CMakeFiles/FreeRTOS-Frame.elf.dir/Core/Src/spi.c.obj
 .debug_loc     0x0000024c      0x16c CMakeFiles/FreeRTOS-Frame.elf.dir/Core/Src/system_stm32f4xx.c.obj
 .debug_loc     0x000003b8      0x154 CMakeFiles/FreeRTOS-Frame.elf.dir/Core/Src/usart.c.obj
 .debug_loc     0x0000050c       0x84 CMakeFiles/FreeRTOS-Frame.elf.dir/Core/Src/usb_otg.c.obj
 .debug_loc     0x00000590      0x141 CMakeFiles/FreeRTOS-Frame.elf.dir/Drivers/STM32F4xx_HAL_Driver/Src/stm32f4xx_hal.c.obj
 .debug_loc     0x000006d1      0xb16 CMakeFiles/FreeRTOS-Frame.elf.dir/Drivers/STM32F4xx_HAL_Driver/Src/stm32f4xx_hal_adc.c.obj
 .debug_loc     0x000011e7      0xdd6 CMakeFiles/FreeRTOS-Frame.elf.dir/Drivers/STM32F4xx_HAL_Driver/Src/stm32f4xx_hal_can.c.obj
 .debug_loc     0x00001fbd      0x744 CMakeFiles/FreeRTOS-Frame.elf.dir/Drivers/STM32F4xx_HAL_Driver/Src/stm32f4xx_hal_cortex.c.obj
 .debug_loc     0x00002701      0xbf9 CMakeFiles/FreeRTOS-Frame.elf.dir/Drivers/STM32F4xx_HAL_Driver/Src/stm32f4xx_hal_dma.c.obj
 .debug_loc     0x000032fa      0x4ff CMakeFiles/FreeRTOS-Frame.elf.dir/Drivers/STM32F4xx_HAL_Driver/Src/stm32f4xx_hal_gpio.c.obj
 .debug_loc     0x000037f9     0x3eed CMakeFiles/FreeRTOS-Frame.elf.dir/Drivers/STM32F4xx_HAL_Driver/Src/stm32f4xx_hal_i2c.c.obj
 .debug_loc     0x000076e6       0xfe CMakeFiles/FreeRTOS-Frame.elf.dir/Drivers/STM32F4xx_HAL_Driver/Src/stm32f4xx_hal_i2c_ex.c.obj
 .debug_loc     0x000077e4       0x86 CMakeFiles/FreeRTOS-Frame.elf.dir/Drivers/STM32F4xx_HAL_Driver/Src/stm32f4xx_hal_iwdg.c.obj
 .debug_loc     0x0000786a     0x125d CMakeFiles/FreeRTOS-Frame.elf.dir/Drivers/STM32F4xx_HAL_Driver/Src/stm32f4xx_hal_pcd.c.obj
 .debug_loc     0x00008ac7       0xc1 CMakeFiles/FreeRTOS-Frame.elf.dir/Drivers/STM32F4xx_HAL_Driver/Src/stm32f4xx_hal_pcd_ex.c.obj
 .debug_loc     0x00008b88      0x56f CMakeFiles/FreeRTOS-Frame.elf.dir/Drivers/STM32F4xx_HAL_Driver/Src/stm32f4xx_hal_rcc.c.obj
 .debug_loc     0x000090f7     0x1d38 CMakeFiles/FreeRTOS-Frame.elf.dir/Drivers/STM32F4xx_HAL_Driver/Src/stm32f4xx_hal_spi.c.obj
 .debug_loc     0x0000ae2f     0x3a8e CMakeFiles/FreeRTOS-Frame.elf.dir/Drivers/STM32F4xx_HAL_Driver/Src/stm32f4xx_hal_tim.c.obj
 .debug_loc     0x0000e8bd     0x1164 CMakeFiles/FreeRTOS-Frame.elf.dir/Drivers/STM32F4xx_HAL_Driver/Src/stm32f4xx_hal_tim_ex.c.obj
 .debug_loc     0x0000fa21     0x18c5 CMakeFiles/FreeRTOS-Frame.elf.dir/Drivers/STM32F4xx_HAL_Driver/Src/stm32f4xx_hal_uart.c.obj
 .debug_loc     0x000112e6     0x232c CMakeFiles/FreeRTOS-Frame.elf.dir/Drivers/STM32F4xx_HAL_Driver/Src/stm32f4xx_ll_usb.c.obj
 .debug_loc     0x00013612     0x1310 CMakeFiles/FreeRTOS-Frame.elf.dir/Middlewares/Third_Party/FreeRTOS/Source/CMSIS_RTOS/cmsis_os.c.obj
 .debug_loc     0x00014922       0xad CMakeFiles/FreeRTOS-Frame.elf.dir/Middlewares/Third_Party/FreeRTOS/Source/list.c.obj
 .debug_loc     0x000149cf      0x331 CMakeFiles/FreeRTOS-Frame.elf.dir/Middlewares/Third_Party/FreeRTOS/Source/portable/MemMang/heap_4.c.obj
 .debug_loc     0x00014d00      0x124 CMakeFiles/FreeRTOS-Frame.elf.dir/Middlewares/Third_Party/FreeRTOS/Source/portable/RVDS/ARM_CM4F/port.c.obj
 .debug_loc     0x00014e24     0x1e63 CMakeFiles/FreeRTOS-Frame.elf.dir/Middlewares/Third_Party/FreeRTOS/Source/tasks.c.obj

.debug_aranges  0x00000000     0x1bc8
 .debug_aranges
                0x00000000       0x30 CMakeFiles/FreeRTOS-Frame.elf.dir/Core/Src/adc.c.obj
 .debug_aranges
                0x00000030       0x38 CMakeFiles/FreeRTOS-Frame.elf.dir/Core/Src/can.c.obj
 .debug_aranges
                0x00000068       0x20 CMakeFiles/FreeRTOS-Frame.elf.dir/Core/Src/dma.c.obj
 .debug_aranges
                0x00000088       0x30 CMakeFiles/FreeRTOS-Frame.elf.dir/Core/Src/freertos.c.obj
 .debug_aranges
                0x000000b8       0x20 CMakeFiles/FreeRTOS-Frame.elf.dir/Core/Src/gpio.c.obj
 .debug_aranges
                0x000000d8       0x30 CMakeFiles/FreeRTOS-Frame.elf.dir/Core/Src/i2c.c.obj
 .debug_aranges
                0x00000108       0x20 CMakeFiles/FreeRTOS-Frame.elf.dir/Core/Src/iwdg.c.obj
 .debug_aranges
                0x00000128       0x30 CMakeFiles/FreeRTOS-Frame.elf.dir/Core/Src/main.c.obj
 .debug_aranges
                0x00000158       0x30 CMakeFiles/FreeRTOS-Frame.elf.dir/Core/Src/spi.c.obj
 .debug_aranges
                0x00000188       0x20 CMakeFiles/FreeRTOS-Frame.elf.dir/Core/Src/stm32f4xx_hal_msp.c.obj
 .debug_aranges
                0x000001a8       0xb8 CMakeFiles/FreeRTOS-Frame.elf.dir/Core/Src/stm32f4xx_it.c.obj
 .debug_aranges
                0x00000260       0x28 CMakeFiles/FreeRTOS-Frame.elf.dir/Core/Src/system_stm32f4xx.c.obj
 .debug_aranges
                0x00000288       0x40 CMakeFiles/FreeRTOS-Frame.elf.dir/Core/Src/tim.c.obj
 .debug_aranges
                0x000002c8       0x50 CMakeFiles/FreeRTOS-Frame.elf.dir/Core/Src/usart.c.obj
 .debug_aranges
                0x00000318       0x30 CMakeFiles/FreeRTOS-Frame.elf.dir/Core/Src/usb_otg.c.obj
 .debug_aranges
                0x00000348      0x100 CMakeFiles/FreeRTOS-Frame.elf.dir/Drivers/STM32F4xx_HAL_Driver/Src/stm32f4xx_hal.c.obj
 .debug_aranges
                0x00000448       0xe8 CMakeFiles/FreeRTOS-Frame.elf.dir/Drivers/STM32F4xx_HAL_Driver/Src/stm32f4xx_hal_adc.c.obj
 .debug_aranges
                0x00000530      0x138 CMakeFiles/FreeRTOS-Frame.elf.dir/Drivers/STM32F4xx_HAL_Driver/Src/stm32f4xx_hal_can.c.obj
 .debug_aranges
                0x00000668       0xa8 CMakeFiles/FreeRTOS-Frame.elf.dir/Drivers/STM32F4xx_HAL_Driver/Src/stm32f4xx_hal_cortex.c.obj
 .debug_aranges
                0x00000710       0x90 CMakeFiles/FreeRTOS-Frame.elf.dir/Drivers/STM32F4xx_HAL_Driver/Src/stm32f4xx_hal_dma.c.obj
 .debug_aranges
                0x000007a0       0x58 CMakeFiles/FreeRTOS-Frame.elf.dir/Drivers/STM32F4xx_HAL_Driver/Src/stm32f4xx_hal_gpio.c.obj
 .debug_aranges
                0x000007f8      0x2a0 CMakeFiles/FreeRTOS-Frame.elf.dir/Drivers/STM32F4xx_HAL_Driver/Src/stm32f4xx_hal_i2c.c.obj
 .debug_aranges
                0x00000a98       0x28 CMakeFiles/FreeRTOS-Frame.elf.dir/Drivers/STM32F4xx_HAL_Driver/Src/stm32f4xx_hal_i2c_ex.c.obj
 .debug_aranges
                0x00000ac0       0x28 CMakeFiles/FreeRTOS-Frame.elf.dir/Drivers/STM32F4xx_HAL_Driver/Src/stm32f4xx_hal_iwdg.c.obj
 .debug_aranges
                0x00000ae8      0x138 CMakeFiles/FreeRTOS-Frame.elf.dir/Drivers/STM32F4xx_HAL_Driver/Src/stm32f4xx_hal_pcd.c.obj
 .debug_aranges
                0x00000c20       0x38 CMakeFiles/FreeRTOS-Frame.elf.dir/Drivers/STM32F4xx_HAL_Driver/Src/stm32f4xx_hal_pcd_ex.c.obj
 .debug_aranges
                0x00000c58       0x88 CMakeFiles/FreeRTOS-Frame.elf.dir/Drivers/STM32F4xx_HAL_Driver/Src/stm32f4xx_hal_rcc.c.obj
 .debug_aranges
                0x00000ce0      0x1d0 CMakeFiles/FreeRTOS-Frame.elf.dir/Drivers/STM32F4xx_HAL_Driver/Src/stm32f4xx_hal_spi.c.obj
 .debug_aranges
                0x00000eb0      0x3a8 CMakeFiles/FreeRTOS-Frame.elf.dir/Drivers/STM32F4xx_HAL_Driver/Src/stm32f4xx_hal_tim.c.obj
 .debug_aranges
                0x00001258      0x150 CMakeFiles/FreeRTOS-Frame.elf.dir/Drivers/STM32F4xx_HAL_Driver/Src/stm32f4xx_hal_tim_ex.c.obj
 .debug_aranges
                0x000013a8      0x1d0 CMakeFiles/FreeRTOS-Frame.elf.dir/Drivers/STM32F4xx_HAL_Driver/Src/stm32f4xx_hal_uart.c.obj
 .debug_aranges
                0x00001578      0x198 CMakeFiles/FreeRTOS-Frame.elf.dir/Drivers/STM32F4xx_HAL_Driver/Src/stm32f4xx_ll_usb.c.obj
 .debug_aranges
                0x00001710      0x1d8 CMakeFiles/FreeRTOS-Frame.elf.dir/Middlewares/Third_Party/FreeRTOS/Source/CMSIS_RTOS/cmsis_os.c.obj
 .debug_aranges
                0x000018e8       0x40 CMakeFiles/FreeRTOS-Frame.elf.dir/Middlewares/Third_Party/FreeRTOS/Source/list.c.obj
 .debug_aranges
                0x00001928       0x50 CMakeFiles/FreeRTOS-Frame.elf.dir/Middlewares/Third_Party/FreeRTOS/Source/portable/MemMang/heap_4.c.obj
 .debug_aranges
                0x00001978       0x80 CMakeFiles/FreeRTOS-Frame.elf.dir/Middlewares/Third_Party/FreeRTOS/Source/portable/RVDS/ARM_CM4F/port.c.obj
 .debug_aranges
                0x000019f8      0x1a8 CMakeFiles/FreeRTOS-Frame.elf.dir/Middlewares/Third_Party/FreeRTOS/Source/tasks.c.obj
 .debug_aranges
                0x00001ba0       0x28 CMakeFiles/FreeRTOS-Frame.elf.dir/startup/startup_stm32f427xx.s.obj

.debug_ranges   0x00000000     0x1ad8
 .debug_ranges  0x00000000       0x20 CMakeFiles/FreeRTOS-Frame.elf.dir/Core/Src/adc.c.obj
 .debug_ranges  0x00000020       0x28 CMakeFiles/FreeRTOS-Frame.elf.dir/Core/Src/can.c.obj
 .debug_ranges  0x00000048       0x10 CMakeFiles/FreeRTOS-Frame.elf.dir/Core/Src/dma.c.obj
 .debug_ranges  0x00000058       0x20 CMakeFiles/FreeRTOS-Frame.elf.dir/Core/Src/freertos.c.obj
 .debug_ranges  0x00000078       0x10 CMakeFiles/FreeRTOS-Frame.elf.dir/Core/Src/gpio.c.obj
 .debug_ranges  0x00000088       0x20 CMakeFiles/FreeRTOS-Frame.elf.dir/Core/Src/i2c.c.obj
 .debug_ranges  0x000000a8       0x10 CMakeFiles/FreeRTOS-Frame.elf.dir/Core/Src/iwdg.c.obj
 .debug_ranges  0x000000b8       0x20 CMakeFiles/FreeRTOS-Frame.elf.dir/Core/Src/main.c.obj
 .debug_ranges  0x000000d8       0x20 CMakeFiles/FreeRTOS-Frame.elf.dir/Core/Src/spi.c.obj